
 create mode 100644 20182/Nal/Pregrado/libraryjs/leaflet-binding-1.1.0/plugins/Proj4Leafl[0Ke
t/proj4-compressed.js[0K
 create mode 100644 20182/Nal/Pregrado/libraryjs/leaflet-binding-1.1.0/plugins/Proj4Leafl[0Ke
t/proj4.js[0K
 create mode 100644 20182/Nal/Pregrado/libraryjs/leaflet-binding-1.1.0/plugins/Proj4Leafl[0Ke
t/proj4leaflet.js[0K
 create mode 100644 20182/Nal/Pregrado/libraryjs/leaflet-binding-1.1.0/plugins/leaflet-lo[0Kc
ationfilter/img/filter-icon.png[0K
 create mode 100644 20182/Nal/Pregrado/libraryjs/leaflet-binding-1.1.0/plugins/leaflet-lo[0Kc
ationfilter/img/move-handle.png[0K
 create mode 100644 20182/Nal/Pregrado/libraryjs/leaflet-binding-1.1.0/plugins/leaflet-lo[0Kc
ationfilter/img/resize-handle.png[0K
 create mode 100644 20182/Nal/Pregrado/libraryjs/leaflet-binding-1.1.0/plugins/leaflet-lo[0Kc
ationfilter/locationfilter-bindings.js[0K
 create mode 100644 20182/Nal/Pregrado/libraryjs/leaflet-binding-1.1.0/plugins/leaflet-lo[0Kc
ationfilter/locationfilter.css[0K
 create mode 100644 20182/Nal/Pregrado/libraryjs/leaflet-binding-1.1.0/plugins/leaflet-lo[0Kc
ationfilter/locationfilter.js[0K
 create mode 100644 20182/Nal/Pregrado/libraryjs/leaflet-binding-1.1.0/plugins/leaflet-pr[0Ko
viders-plugin/leaflet-providers-plugin.js[0K
 create mode 100644 20182/Nal/Pregrado/libraryjs/leaflet-easybutton-1.3.1/EasyButton-bind[0Ki
ng.js[0K
 create mode 100644 20182/Nal/Pregrado/libraryjs/leaflet-easybutton-1.3.1/LICENSE[0K
 create mode 100644 20182/Nal/Pregrado/libraryjs/leaflet-easybutton-1.3.1/easy-button.css[0K
 create mode 100644 20182/Nal/Pregrado/libraryjs/leaflet-easybutton-1.3.1/easy-button.js[0K
 create mode 100644 20182/Nal/Pregrado/libraryjs/leaflet-label-0.2.2/images/death.png[0K
 create mode 100644 20182/Nal/Pregrado/libraryjs/leaflet-label-0.2.2/leaflet.label-src.js[0K
 create mode 100644 20182/Nal/Pregrado/libraryjs/leaflet-label-0.2.2/leaflet.label.css[0K
 create mode 100644 20182/Nal/Pregrado/libraryjs/leaflet-label-0.2.2/leaflet.label.js[0K
 create mode 100644 20182/Nal/Pregrado/libraryjs/leaflet-minimap-3.3.1/Control.MiniMap.cs[0Ks
[0K
 create mode 100644 20182/Nal/Pregrado/libraryjs/leaflet-minimap-3.3.1/Control.MiniMap.js[0K
 create mode 100644 20182/Nal/Pregrado/libraryjs/leaflet-minimap-3.3.1/Control.MiniMap.mi[0Kn
.css[0K
 create mode 100644 20182/Nal/Pregrado/libraryjs/leaflet-minimap-3.3.1/Control.MiniMap.mi[0Kn
.js[0K
 create mode 100644 20182/Nal/Pregrado/libraryjs/leaflet-minimap-3.3.1/Minimap-binding.js[0K
 create mode 100644 20182/Nal/Pregrado/libraryjs/leaflet-minimap-3.3.1/images/toggle.png[0K
 create mode 100644 20182/Nal/Pregrado/libraryjs/leaflet-minimap-3.3.1/images/toggle.svg[0K
 create mode 100644 20182/Nal/Pregrado/libraryjs/leaflet-providers-1.0.27/CONTRIBUTING.md[0K
 create mode 100644 20182/Nal/Pregrado/libraryjs/leaflet-providers-1.0.27/README.md[0K
 create mode 100644 20182/Nal/Pregrado/libraryjs/leaflet-providers-1.0.27/bower.json[0K
 create mode 100644 20182/Nal/Pregrado/libraryjs/leaflet-providers-1.0.27/css/gh-fork-rib[0Kb
on.css[0K
 create mode 100644 20182/Nal/Pregrado/libraryjs/leaflet-providers-1.0.27/css/gh-fork-rib[0Kb
on.ie.css[0K
 create mode 100644 20182/Nal/Pregrado/libraryjs/leaflet-providers-1.0.27/leaflet-provide[0Kr
s.js[0K
 create mode 100644 20182/Nal/Pregrado/libraryjs/leaflet-providers-1.0.27/license.md[0K
 create mode 100644 20182/Nal/Pregrado/libraryjs/leaflet-providers-1.0.27/package.json[0K
 create mode 100644 20182/Nal/Pregrado/libraryjs/leaflet-providers-1.0.27/providers.json[0K
 create mode 100644 20182/Nal/Pregrado/libraryjs/leaflet-providers-plugin-1.1.0/leaflet-p[0Kr
oviders-plugin.js[0K
 create mode 100644 20182/Nal/Pregrado/libraryjs/leafletfix-1.0.0/leafletfix.css[0K
 create mode 100644 20182/Nal/Pregrado/libraryjs/nouislider-7.0.10/jquery.nouislider.min.[0Kc
ss[0K
 create mode 100644 20182/Nal/Pregrado/libraryjs/nouislider-7.0.10/jquery.nouislider.min.[0Kj
s[0K
 create mode 100644 20182/Nal/Pregrado/libraryjs/pdfmake-1.10.16/pdfmake.min.js[0K
 create mode 100644 20182/Nal/Pregrado/libraryjs/pdfmake-1.10.16/vfs_fonts.js[0K
 create mode 100644 20182/Nal/Pregrado/libraryjs/proj4js-2.3.15/proj4.js[0K
 create mode 100644 20182/Nal/Pregrado/libraryjs/selectize-0.12.0/selectize.bootstrap3.cs[0Ks
[0K
 create mode 100644 20182/Nal/Pregrado/libraryjs/selectize-0.12.0/selectize.min.js[0K
[0K[?25h[?25l
[0;32mAlberto@Alberto-HP [0;35m [0;33m~/Documents/ONP/Oficina Nacional de Estadística/Página/Cifras/Estudia[0Kn
tes/G_Matriculados[0;36m (master)[0;33m[0K
[0m$[0K[3G[?25h[?25l$ g[0K[?25hi[0Kt[0K[7G[?25l$ git p[0K[?25hu[0Ks[0Kh[0K[12G[?25l$ git push o[0K[?25hr[0Ki[0Kg[0Ki[0Kn[0K[19G[?25l$ git push origin m[0K[?25ha[0Ks[0Kt[0Ke[0Kr[0K[?25l
[0K[?25herror: cannot spawn sh: No such file or directory[0K[?25l
error: cannot spawn rpostback-askpass: No such file or directory[0K
Username for 'https://github.com':[0K[36G[?25h[?25lUsername for 'https://github.com': e[0K[?25hs[0Kt[0Ka[0Kd[0Ki[0Ks[0Kt[0Ki[0Kc[0Ka[0Ku[0Kn[0K[?25l
[0K[?25herror: cannot spawn rpostback-askpass: No such file or directory[0K[?25l
Password for 'https://estadisticaun@github.com':[0K[50G[?25h[?25l
[0K[?25herror: cannot spawn sh: No such file or directory[0K[?25l
[0K[?25hCounting objects: 240, done.[0K[?25l
[0K[?25hDelta compression using up to 8 threads.[0K[?25l
Compressing objects:  34% (81/238)[0K[1G[?25h[?25lCompressing objects:  39% (93/238)[0K[2G[?25h[?25lCompressing objects:  61% (146/238)[0K[1G[?25h[?25lCompressing objects:  63% (150/238)[0K[1G[?25h[?25lCompressing objects:  76% (181/238)[0K[1G[?25h[?25lCompressing objects:  77% (184/238)[0K[1G[?25h[?25lCompressing objects:  78% (186/238)[0K[1G[?25h[?25lCompressing objects:  80% (191/238)[0K[1G[?25h[?25lCompressing objects:  81% (193/238)[0K[1G[?25h[?25lCompressing objects:  82% (196/238)[0K[1G[?25h[?25lCompressing objects:  83% (198/238)[0K[1G[?25h[?25lCompressing objects:  84% (200/238)[0K[1G[?25h[?25lCompressing objects:  85% (203/238)[0K[1G[?25h[?25lCompressing objects:  86% (205/238)[0K[1G[?25h[?25lCompressing objects:  87% (208/238)[0K[1G[?25h[?25lCompressing objects:  88% (210/238)[0K[1G[?25h[?25lCompressing objects:  89% (212/238)[0K[1G[?25h[?25lCompressing objects:  90% (215/238)[0K[1G[?25h[?25lCompressing objects:  91% (217/238)[0K[1G[?25h[?25lCompressing objects:  92% (219/238)[0K[1G[?25h[?25lCompressing objects:  93% (222/238)[0K[1G[?25h[?25lCompressing objects:  94% (224/238)[0K[1G[?25h[?25lCompressing objects:  95% (227/238)[0K[1G[?25h[?25lCompressing objects:  97% (231/238)[0K[1G[?25h[?25lCompressing objects:  99% (236/238)[0K[1G[?25h[?25lCompressing objects: 100% (238/238)[0K[1G[?25hCompressing objects: 100% (238/238), done.[0K[?25l
Writing objects:  18% (45/240)[0K[1G[?25h[?25lWriting objects:  18% (45/240), 984.00 KiB | 811.00 KiB/s[0K[1G[?25h[?25lWriting objects:  19% (47/240), 984.00 KiB | 811.00 KiB/s[0K[1G[?25h[?25lWriting objects:  20% (49/240), 1.82 MiB | 1010.00 KiB/s[0K[1G[?25h[?25lWriting objects:  21% (51/240), 4.08 MiB | 1.71 MiB/s[0K[1G[?25h[?25lWriting objects:  33% (80/240), 5.22 MiB | 1.81 MiB/s[0K[1G[?25h[?25lWriting objects:  34% (83/240), 5.22 MiB | 1.81 MiB/s[0K[1G[?25h[?25lWriting objects:  36% (87/240), 6.38 MiB | 1.84 MiB/s[0K[1G[?25h[?25lWriting objects:  74% (178/240), 6.38 MiB | 1.84 MiB/s[0K[1G[?25h[?25lWriting objects:  77% (185/240), 6.38 MiB | 1.84 MiB/s[0K[1G[?25h[?25lWriting objects:  78% (189/240), 6.38 MiB | 1.84 MiB/s[0K[1G[?25h[?25lWriting objects:  80% (193/240), 6.38 MiB | 1.84 MiB/s[0K[1G[?25h[?25lWriting objects:  92% (221/240), 6.52 MiB | 1.62 MiB/s[0K[1G[?25h[?25lWriting objects:  93% (224/240), 6.52 MiB | 1.62 MiB/s[0K[1G[?25h[?25lWriting objects:  94% (226/240), 6.52 MiB | 1.62 MiB/s[0K[1G[?25h[?25lWriting objects:  95% (228/240), 6.52 MiB | 1.62 MiB/s[0K[1G[?25hWriting objects: 100% (240/240), 6.57 MiB | 1.48 MiB/s, done.[0K[?25l
Total 240 (delta 198), reused 0 (delta 0)[0K
[0K[?25h[?25lremote: Resolving deltas:  38% (77/198)[0K[1G[?25h[?25lremote: Resolving deltas:  44% (88/198)[0K[1G[?25h[?25lremote: Resolving deltas:  50% (99/198)[0K[1G[?25h[?25lremote: Resolving deltas:  55% (110/198)[0K[1G[?25h[?25lremote: Resolving deltas:  73% (145/198)[0K[1G[?25hremote: Resolving deltas:  75% (150/198)[0K[44G[?25lremote: Resolving deltas: 100% (198/198), completed with 7 local objects.[0K
[0K[?25hremote:[0K[?25l
remote: GitHub found 1 vulnerability on estadisticaun/G_Matriculados's default branch (1 [0Km
oderate). To find out more, visit:[0K
remote:      https://github.com/estadisticaun/G_Matriculados/network/alerts[0K
remote:[0K
To https://github.com/estadisticaun/G_Matriculados.git[0K
   838731c..79fe941  master -> master[0K
[0K[?25h[?25l
[0;32mAlberto@Alberto-HP [0;35m [0;33m~/Documents/ONP/Oficina Nacional de Estadística/Página/Cifras/Estudia[0Kn
tes/G_Matriculados[0;36m (master)[0;33m[0K
[0m$[0K[3G[?25h[?25l$ g[0K[?25hi[0Kt[0K[7G[?25l$ git s[0K[?25ht[0Ka[0Kt[0Ku[0Ks[0K[?25l
[0K[?25hOn branch master[0K[?25l
Your branch is up-to-date with 'origin/master'.[0K
[0K
Changes not staged for commit:[0K
  (use "git add <file>..." to update what will be committed)[0K
  (use "git checkout -- <file>..." to discard changes in working directory)[0K
[0K
        [0;31mmodified:   .Rproj.user/B994EF53/console06/4149BEF0[0m[0K
[0K
no changes added to commit (use "git add" and/or "git commit -a")[0K
[0K[?25h[?25l
[0;32mAlberto@Alberto-HP [0;35m [0;33m~/Documents/ONP/Oficina Nacional de Estadística/Página/Cifras/Estudia[0Kn
tes/G_Matriculados[0;36m (master)[0;33m[0K
[0m$[0K[3G[?25h[0m[0Kbash: cut: command not found[0K[?25l
]0;:/c/Users/Alberto/Documents/ONP/Oficina Nacional de Estadística/Página/Cifras/Estudiantes/G_Matriculados[?25l
[0;32mAlberto@Alberto-HP [0;35m [0;33m~/Documents/ONP/Oficina Nacional de Estadística/Página/Cifras/Estudia[0Kn
tes/G_Matriculados[0;36m (master)[0m[0K
$[0K[3G[?25h[?25l$ g[0K[?25hi[0Kt[0K[7G[?25l$ git s[0K[?25ht[0Ka[0Kt[0Ku[0Ks[0K[?25l
[0K[?25hOn branch master[0K[?25l
Your branch is up-to-date with 'origin/master'.[0K
[0K
Changes not staged for commit:[0K
  (use "git add/rm <file>..." to update what will be committed)[0K
  (use "git checkout -- <file>..." to discard changes in working directory)[0K
[0K
        [0;31mmodified:   .Rproj.user/B994EF53/console06/4149BEF0[0m[0K
        [0;31mmodified:   .Rproj.user/B994EF53/console06/INDEX001[0m[0K
        [0;31mmodified:   .Rproj.user/B994EF53/pcs/source-pane.pper[0m[0K
        [0;31mdeleted:    .Rproj.user/B994EF53/sources/s-6D17F956/1BE06018-contents[0m[0K
        [0;31mdeleted:    .Rproj.user/B994EF53/sources/s-6D17F956/2C6F819F[0m[0K
        [0;31mdeleted:    .Rproj.user/B994EF53/sources/s-6D17F956/2C6F819F-contents[0m[0K
        [0;31mdeleted:    .Rproj.user/B994EF53/sources/s-6D17F956/lock_file[0m[0K
[0K
Untracked files:[0K
  (use "git add <file>..." to include in what will be committed)[0K
[0K
        [0;31m.Rproj.user/B994EF53/sources/s-9EBC6350/[0m[0K
        [0;31mConsultas/Extension.html[0m[0K
[0K
no changes added to commit (use "git add" and/or "git commit -a")[0K
[0K[?25h[?25l
[0;32mAlberto@Alberto-HP [0;35m [0;33m~/Documents/ONP/Oficina Nacional de Estadística/Página/Cifras/Estudia[0Kn
tes/G_Matriculados[0;36m (master)[0m[0K
$[0K[3G[?25h[?25l$ g[0K[?25hi[0Kt[0K[7G[?25l$ git a[0K[?25hd[0Kd[0K[11G[?25l$ git add .[0K[?25h[?25l
[0K[?25hwarning: LF will be replaced by CRLF in .Rproj.user/B994EF53/pcs/source-pane.pper.[0K[?25l
The file will have its original line endings in your working directory.[0K
warning: LF will be replaced by CRLF in .Rproj.user/B994EF53/sources/s-9EBC6350/2C6F819F.[0K
The file will have its original line endings in your working directory.[0K
[0K[?25h[?25l
[0;32mAlberto@Alberto-HP [0;35m [0;33m~/Documents/ONP/Oficina Nacional de Estadística/Página/Cifras/Estudia[0Kn
tes/G_Matriculados[0;36m (master)[0m[0K
$[0K[3G[?25h[?25l$ g[0K[?25hi[0Kt[0K[7G[?25l$ git c[0K[?25ho[0Km[0Km[0Ki[0Kt[0K[14G[?25l$ git commit -[0K[?25hm[0K[17G[?25l$ git commit -m "[0K[?25hm[0Ka[0Kp[0Ka[0K[23G[?25l$ git commit -m "mapa a[0K[?25hc[0Kt[0Ki[0Kv[0Ki[0Kd[0Ka[0Kd[0Ke[0Ks[0K[35G[?25l$ git commit -m "mapa actividades d[0K[?25he[0K[38G[?25l$ git commit -m "mapa actividades de e[0K[?25hx[0Kt[0Ke[0Kn[0Ks[0Ki[0K[?25l$ git commit -m "mapa actividades de exten[0K[?25hs[0Ki[0Ko[0Kn[0K"[0K[?25l
[0K[?25h[master 03a59ea] mapa actividades de extension[0K[?25l
 8 files changed, 1071 insertions(+), 1941 deletions(-)[0K
 rewrite .Rproj.user/B994EF53/console06/4149BEF0 (95%)[0K
 rewrite .Rproj.user/B994EF53/console06/INDEX001 (88%)[0K
 delete mode 100644 .Rproj.user/B994EF53/sources/s-6D17F956/1BE06018-contents[0K
 rename .Rproj.user/B994EF53/sources/{s-6D17F956 => s-9EBC6350}/2C6F819F (100%)[0K
 rename .Rproj.user/B994EF53/sources/{s-6D17F956 => s-9EBC6350}/2C6F819F-contents (100%)[0K
 rename .Rproj.user/B994EF53/sources/{s-6D17F956 => s-9EBC6350}/lock_file (100%)[0K
 create mode 100644 Consultas/Extension.html[0K
[0K[?25h[?25l
[0;32mAlberto@Alberto-HP [0;35m [0;33m~/Documents/ONP/Oficina Nacional de Estadística/Página/Cifras/Estudia[0Kn
tes/G_Matriculados[0;36m (master)[0m[0K
$[0K[3G[?25h[?25l$ g[0K[?25hi[0Kt[0K[7G[?25l$ git p[0K[?25hu[0Ks[0Kh[0K[12G[?25l$ git push o[0K[?25hr[0Ki[0Kg[0Ki[0Kn[0K[19G[?25l$ git push origin m[0K[?25ha[0Ks[0Kt[0Ke[0Kr[0K[?25l
[0K[?25herror: cannot spawn sh: No such file or directory[0K[?25l
error: cannot spawn rpostback-askpass: No such file or directory[0K
Username for 'https://github.com':[0K[36G[?25h[?25lUsername for 'https://github.com': e[0K[?25hs[0Kt[0Ka[0Kd[0Ki[0Ks[0Kt[0Ki[0Kc[0Ka[0Ku[0Kn[0K[?25l
error: cannot spawn rpostback-askpass: No such file or directory[0K
Password for 'https://estadisticaun@github.com':[0K[50G[?25h[?25l
[0K[?25herror: cannot spawn sh: No such file or directory[0K[?25l
[0K[?25hCounting objects: 13, done.[0K[?25l
Delta compression using up to 8 threads.[0K
Compressing objects: 100% (12/12)[0K[1G[?25hCompressing objects: 100% (12/12), done.[0K[?25l
Writing objects:  92% (12/13)[0K[1G[?25hWriting objects: 100% (13/13), 498.94 KiB | 6.01 MiB/s, done.[0K[?25l
Total 13 (delta 4), reused 0 (delta 0)[0K
[0K[?25hremote: Resolving deltas: 100% (4/4), completed with 4 local objects.[0K[?25l
[0K[?25hremote:[0K[?25l
remote: GitHub found 1 vulnerability on estadisticaun/G_Matriculados's default branch (1 [0Km
oderate). To find out more, visit:[0K
remote:      https://github.com/estadisticaun/G_Matriculados/network/alerts[0K
remote:[0K
To https://github.com/estadisticaun/G_Matriculados.git[0K
   79fe941..03a59ea  master -> master[0K
[0K[?25h[?25l
[0;32mAlberto@Alberto-HP [0;35m [0;33m~/Documents/ONP/Oficina Nacional de Estadística/Página/Cifras/Estudia[0Kn
tes/G_Matriculados[0;36m (master)[0m[0K
$[0K[3G[?25h[?25l$ g[0K[?25hi[0Kt[0K[7G[?25l$ git s[0K[?25ht[0Ka[0Kt[0Ku[0Ks[0K[?25l
[0K[?25hOn branch master[0K[?25l
Your branch is up-to-date with 'origin/master'.[0K
[0K
Changes not staged for commit:[0K
  (use "git add/rm <file>..." to update what will be committed)[0K
  (use "git checkout -- <file>..." to discard changes in working directory)[0K
[0K
        [0;31mmodified:   .Rproj.user/B994EF53/console06/4149BEF0[0m[0K
        [0;31mdeleted:    Consultas/Extension.html[0m[0K
[0K
no changes added to commit (use "git add" and/or "git commit -a")[0K
[0K[?25h[?25l
[0;32mAlberto@Alberto-HP [0;35m [0;33m~/Documents/ONP/Oficina Nacional de Estadística/Página/Cifras/Estudia[0Kn
tes/G_Matriculados[0;36m (master)[0m[0K
$[0K[3G[?25h[?25l$ g[0K[?25hi[0Kt[0K[7G[?25l$ git a[0K[?25hd[0Kd[0K[11G[?25l$ git add .[0K[?25h[?25l
[0K[?25h[?25l
[0;32mAlberto@Alberto-HP [0;35m [0;33m~/Documents/ONP/Oficina Nacional de Estadística/Página/Cifras/Estudia[0Kn
tes/G_Matriculados[0;36m (master)[0m[0K
$[0K[3G[?25h[?25l$ g[0K[?25hi[0Kt[0K[7G[?25l$ git c[0K[?25ho[0Km[0Km[0Ki[0Kt[0K[14G[?25l$ git commit -[0K[?25hm[0K[17G[?25l$ git commit -m "[0K[?25hM[0Ka[0Kp[0Ka[0K[23G[?25l$ git commit -m "Mapa s[0K[?25hw[0K[26G[25G[?25l$ git commit -m "Mapa s[0K[?25h[?25l$ git commit -m "Mapa[0K[23G[?25h[?25l$ git commit -m "Mapa d[0K[?25he[0K[26G[?25l$ git commit -m "Mapa de e[0K[?25hx[0Kt[0Ke[0K[?25l$ git commit -m "Mapa de ext[0K[?25h[?25l$ git commit -m "Mapa de ex[0K[?25h[?25l$ git commit -m "Mapa de e[0K[?25h[?25l$ git commit -m "Mapa de[0K[26G[?25h[25G[?25l$ git commit -m "Mapa d[0K[?25h[?25l$ git commit -m "Mapa[0K[23G[?25h[22G[?25l$ git commit -m "Map[0K[?25h[?25l$ git commit -m "Ma[0K[?25h[?25l$ git commit -m "M[0K[?25h[?25l$ git commit -m "[0K[?25hS[0Ke[0K[21G[?25l$ git commit -m "Se e[0K[?25hl[0Ki[0Km[0Ki[0Kn[0Ka[0K[29G[?25l$ git commit -m "Se elimina m[0K[?25ha[0Kp[0Ka[0K[34G[?25l$ git commit -m "Se elimina mapa d[0K[?25he[0K[37G[?25l$ git commit -m "Se elimina mapa de e[0K[?25hx[0Kt[0Ke[0Kn[0Ks[0Ki[0Kó[0Kn[0K"[0K[?25l
[0K[?25h[master c1371b0] Se elimina mapa de extensión[0K[?25l
 2 files changed, 59 insertions(+), 36 deletions(-)[0K
 delete mode 100644 Consultas/Extension.html[0K
[0K[?25h[?25l
[0;32mAlberto@Alberto-HP [0;35m [0;33m~/Documents/ONP/Oficina Nacional de Estadística/Página/Cifras/Estudia[0Kn
tes/G_Matriculados[0;36m (master)[0m[0K
$[0K[3G[?25h[?25l$ g[0K[?25hi[0Kt[0K[7G[?25l$ git c[0K[?25ho[0Km[0Km[0Ki[0Kt[0K[14G[?25l$ git commit -[0K[?25hm[0K[17G[?25l$ git commit -m "[0K[?25hE[0Kl[0Ki[0Km[0Ki[0Kn[0Ka[0Kr[0K[27G[?25l$ git commit -m "Eliminar m[0K[?25ha[0Ko[0Ka[0K[?25l$ git commit -m "Eliminar mao[0K[?25h[?25l$ git commit -m "Eliminar ma[0K[?25h[?25l$ git commit -m "Eliminar m[0K[?25ha[0Kp[0Ka[0K[32G[?25l$ git commit -m "Eliminar mapa d[0K[?25he[0K[35G[?25l$ git commit -m "Eliminar mapa de e[0K[?25hx[0Kt[0Ke[0Kn[0Ks[0Ki[0Kó[0Kn[0K"[0K[?25l
[0K[?25hOn branch master[0K[?25l
Your branch is ahead of 'origin/master' by 1 commit.[0K
  (use "git push" to publish your local commits)[0K
[0K
Changes not staged for commit:[0K
        [0;31mmodified:   .Rproj.user/B994EF53/console06/4149BEF0[0m[0K
[0K
no changes added to commit[0K
[0K[?25h[?25l
[0;32mAlberto@Alberto-HP [0;35m [0;33m~/Documents/ONP/Oficina Nacional de Estadística/Página/Cifras/Estudia[0Kn
tes/G_Matriculados[0;36m (master)[0m[0K
$[0K[3G[?25h[?25l$ g[0K[?25hi[0Kt[0K[7G[?25l$ git p[0K[?25hu[0Ks[0Kh[0K[12G[?25l$ git push o[0K[?25hr[0Ki[0Kg[0Ki[0Kn[0K[19G[?25l$ git push origin m[0K[?25ha[0Ks[0Kt[0Ke[0Kr[0K[?25l
[0K[?25herror: cannot spawn sh: No such file or directory[0K[?25l
error: cannot spawn rpostback-askpass: No such file or directory[0K
Username for 'https://github.com':[0K[36G[?25h[?25lUsername for 'https://github.com': e[0K[?25hs[0Kt[0Ka[0Kd[0Ki[0Ks[0Kt[0Ki[0Kc[0Ka[0Ku[0Kn[0K[?25l
error: cannot spawn rpostback-askpass: No such file or directory[0K
Password for 'https://estadisticaun@github.com':[0K[50G[?25h[?25l
[0K[?25herror: cannot spawn sh: No such file or directory[0K[?25l
[0K[?25hCounting objects: 7, done.[0K[?25l
Delta compression using up to 8 threads.[0K
Compressing objects: 100% (7/7), done.[0K
[0K[?25hWriting objects: 100% (7/7), 1.28 KiB | 1.28 MiB/s, done.[0K[?25l
Total 7 (delta 4), reused 0 (delta 0)[0K
[0K[?25hremote: Resolving deltas: 100% (4/4), completed with 4 local objects.[0K[?25l
[0K[?25hremote:[0K[?25l
remote: GitHub found 1 vulnerability on estadisticaun/G_Matriculados's default branch (1 [0Km
oderate). To find out more, visit:[0K
remote:      https://github.com/estadisticaun/G_Matriculados/network/alerts[0K
remote:[0K
To https://github.com/estadisticaun/G_Matriculados.git[0K
   03a59ea..c1371b0  master -> master[0K
[0K[?25h[?25l
[0;32mAlberto@Alberto-HP [0;35m [0;33m~/Documents/ONP/Oficina Nacional de Estadística/Página/Cifras/Estudia[0Kn
tes/G_Matriculados[0;36m (master)[0m[0K
$[0K[3G[?25h[?25l$ g[0K[?25hi[0Kt[0K[7G[?25l$ git s[0K[?25ht[0Ka[0Kt[0Ku[0Ks[0K[?25l
[0K[?25hOn branch master[0K[?25l
Your branch is up-to-date with 'origin/master'.[0K
[0K
Changes not staged for commit:[0K
  (use "git add <file>..." to update what will be committed)[0K
  (use "git checkout -- <file>..." to discard changes in working directory)[0K
[0K
        [0;31mmodified:   .Rproj.user/B994EF53/console06/4149BEF0[0m[0K
[0K
Untracked files:[0K
  (use "git add <file>..." to include in what will be committed)[0K
[0K
        [0;31mConsultas/Extension.html[0m[0K
[0K
no changes added to commit (use "git add" and/or "git commit -a")[0K
[0K[?25h[?25l
[0;32mAlberto@Alberto-HP [0;35m [0;33m~/Documents/ONP/Oficina Nacional de Estadística/Página/Cifras/Estudia[0Kn
tes/G_Matriculados[0;36m (master)[0m[0K
$[0K[3G[?25h[?25l$ g[0K[?25hi[0Kt[0K[7G[?25l$ git a[0K[?25hd[0Kd[0K[11G[?25l$ git add .[0K[?25h[?25l
[0K[?25h[?25l
[0;32mAlberto@Alberto-HP [0;35m [0;33m~/Documents/ONP/Oficina Nacional de Estadística/Página/Cifras/Estudia[0Kn
tes/G_Matriculados[0;36m (master)[0m[0K
$[0K[3G[?25h[?25l$ g[0K[?25hi[0Kt[0K[7G[?25l$ git c[0K[?25ho[0Km[0Km[0Ki[0Kt[0K[14G[?25l$ git commit -[0K[?25hm[0K[17G[?25l$ git commit -m "[0K[?25hm[0Ka[0Kp[0Ka[0K[23G[?25l$ git commit -m "mapa a[0K[?25hc[0Kt[0Ki[0Kv[0Ki[0Kd[0Ka[0Kd[0Ke[0Ks[0K[35G[?25l$ git commit -m "mapa actividades d[0K[?25he[0K[38G[?25l$ git commit -m "mapa actividades de e[0K[?25hx[0Kt[0Ke[0Kn[0Ks[0Ki[0Kó[0Kn[0K"[0K[?25l
[0K[?25h[master 92f9a78] mapa actividades de extensión[0K[?25l
 2 files changed, 101 insertions(+)[0K
 create mode 100644 Consultas/Extension.html[0K
[0K[?25h[?25l
[0;32mAlberto@Alberto-HP [0;35m [0;33m~/Documents/ONP/Oficina Nacional de Estadística/Página/Cifras/Estudia[0Kn
tes/G_Matriculados[0;36m (master)[0m[0K
$[0K[3G[?25h[?25l$ g[0K[?25hi[0Kt[0K[7G[?25l$ git p[0K[?25hu[0Ks[0Kh[0K[12G[?25l$ git push o[0K[?25hr[0Ki[0Kg[0Ki[0Kn[0K[19G[?25l$ git push origin m[0K[?25ha[0Ks[0Kt[0Ke[0Kr[0K[?25l
[0K[?25herror: cannot spawn sh: No such file or directory[0K[?25l
error: cannot spawn rpostback-askpass: No such file or directory[0K
Username for 'https://github.com':[0K[36G[?25h[?25lUsername for 'https://github.com': e[0K[?25hs[0Kt[0Ka[0Kd[0Ki[0Ks[0Kt[0Ki[0Kc[0Ka[0Ku[0Kn[0K[?25l
[0K[?25herror: cannot spawn rpostback-askpass: No such file or directory[0K[?25l
Password for 'https://estadisticaun@github.com':[0K[50G[?25h[?25l
[0K[?25herror: cannot spawn sh: No such file or directory[0K[?25l
[0K[?25hCounting objects: 8, done.[0K[?25l
Delta compression using up to 8 threads.[0K
Compressing objects: 100% (8/8), done.[0K
Writing objects:  87% (7/8)[0K[1G[?25hWriting objects: 100% (8/8), 493.10 KiB | 6.01 MiB/s, done.[0K[?25l
Total 8 (delta 4), reused 0 (delta 0)[0K
[0K[?25hremote: Resolving deltas: 100% (4/4), completed with 4 local objects.[0K[?25l
[0K[?25hremote:[0K[?25l
remote: GitHub found 1 vulnerability on estadisticaun/G_Matriculados's default branch (1 [0Km
oderate). To find out more, visit:[0K
remote:      https://github.com/estadisticaun/G_Matriculados/network/alerts[0K
remote:[0K
To https://github.com/estadisticaun/G_Matriculados.git[0K
   c1371b0..92f9a78  master -> master[0K
[0K[?25h[?25l
[0;32mAlberto@Alberto-HP [0;35m [0;33m~/Documents/ONP/Oficina Nacional de Estadística/Página/Cifras/Estudia[0Kn
tes/G_Matriculados[0;36m (master)[0m[0K
$[0K[3G[?25h[?25l$ g[0K[?25hi[0Kt[0K[7G[?25l$ git s[0K[?25ht[0Ka[0Kt[0Ku[0Ks[0K[?25l
[0K[?25hOn branch master[0K[?25l
Your branch is up-to-date with 'origin/master'.[0K
[0K
Changes not staged for commit:[0K
  (use "git add <file>..." to update what will be committed)[0K
  (use "git checkout -- <file>..." to discard changes in working directory)[0K
[0K
        [0;31mmodified:   .Rproj.user/B994EF53/console06/4149BEF0[0m[0K
[0K
no changes added to commit (use "git add" and/or "git commit -a")[0K
[0K[?25h[?25l
[0;32mAlberto@Alberto-HP [0;35m [0;33m~/Documents/ONP/Oficina Nacional de Estadística/Página/Cifras/Estudia[0Kn
tes/G_Matriculados[0;36m (master)[0m[0K
$[0K[3G[?25h[0m[0Kbash: cut: command not found[0K[?25l
]0;:/c/Users/Alberto/Documents/ONP/Oficina Nacional de Estadística/Página/Cifras/Estudiantes/G_Matriculados[?25l
[0;32mAlberto@Alberto-HP [0;35m [0;33m~/Documents/ONP/Oficina Nacional de Estadística/Página/Cifras/Estudia[0Kn
tes/G_Matriculados[0;36m (master)[0m[0K
$[0K[3G[?25h[?25l$ g[0K[?25hi[0Kt[0K[7G[?25l$ git s[0K[?25ht[0Ka[0Kt[0Ku[0Ks[0K[?25l
[0K[?25hOn branch master[0K[?25l
Your branch is up-to-date with 'origin/master'.[0K
[0K
Changes not staged for commit:[0K
  (use "git add/rm <file>..." to update what will be committed)[0K
  (use "git checkout -- <file>..." to discard changes in working directory)[0K
[0K
        [0;31mmodified:   .Rproj.user/B994EF53/console06/4149BEF0[0m[0K
        [0;31mmodified:   .Rproj.user/B994EF53/console06/INDEX001[0m[0K
        [0;31mmodified:   .Rproj.user/B994EF53/pcs/files-pane.pper[0m[0K
        [0;31mdeleted:    .Rproj.user/B994EF53/sources/s-9EBC6350/2C6F819F[0m[0K
        [0;31mdeleted:    .Rproj.user/B994EF53/sources/s-9EBC6350/2C6F819F-contents[0m[0K
        [0;31mdeleted:    .Rproj.user/B994EF53/sources/s-9EBC6350/lock_file[0m[0K
        [0;31mmodified:   20182/Nal/Matriculados/A_modalidad.html[0m[0K
        [0;31mmodified:   20182/Nal/Matriculados/A_mpv.html[0m[0K
        [0;31mmodified:   20182/Nal/Matriculados/A_nacionalidad.html[0m[0K
        [0;31mmodified:   20182/Nal/Matriculados/A_nivel.html[0m[0K
        [0;31mmodified:   20182/Nal/Matriculados/A_sede.html[0m[0K
        [0;31mmodified:   20182/Nal/Matriculados/A_sexo.html[0m[0K
        [0;31mmodified:   20182/Nal/Matriculados/A_snies.html[0m[0K
        [0;31mmodified:   20182/Nal/Matriculados/Nac_col1.html[0m[0K
        [0;31mmodified:   20182/Nal/Matriculados/Nac_comb.html[0m[0K
        [0;31mmodified:   20182/Nal/Matriculados/Nac_dpto.html[0m[0K
        [0;31mmodified:   20182/Nal/Matriculados/Nac_mun.html[0m[0K
        [0;31mmodified:   20182/Nal/Matriculados/Res_col1.html[0m[0K
        [0;31mmodified:   20182/Nal/Matriculados/Res_comb.html[0m[0K
        [0;31mmodified:   20182/Nal/Matriculados/Res_dpto.html[0m[0K
        [0;31mmodified:   20182/Nal/Matriculados/Res_mun.html[0m[0K
        [0;31mmodified:   20182/Nal/Matriculados/S_modalidad.html[0m[0K
        [0;31mmodified:   20182/Nal/Matriculados/S_mpv.html[0m[0K
        [0;31mmodified:   20182/Nal/Matriculados/S_nacionalidad.html[0m[0K
        [0;31mmodified:   20182/Nal/Matriculados/S_nivel.html[0m[0K
        [0;31mmodified:   20182/Nal/Matriculados/S_sede.html[0m[0K
        [0;31mmodified:   20182/Nal/Matriculados/S_sexo.html[0m[0K
        [0;31mmodified:   20182/Nal/Matriculados/S_snies.html[0m[0K
        [0;31mmodified:   20182/Nal/Matriculados/Serie.html[0m[0K
        [0;31mmodified:   20182/Nal/Matriculados/T_modalidad.html[0m[0K
        [0;31mmodified:   20182/Nal/Matriculados/T_mpv.html[0m[0K
        [0;31mmodified:   20182/Nal/Matriculados/T_nacionalidad.html[0m[0K
        [0;31mmodified:   20182/Nal/Matriculados/T_nivel.html[0m[0K
        [0;31mmodified:   20182/Nal/Matriculados/T_sede.html[0m[0K
        [0;31mmodified:   20182/Nal/Matriculados/T_sexo.html[0m[0K
        [0;31mmodified:   20182/Nal/Matriculados/T_snies.html[0m[0K
[0K
Untracked files:[0K
  (use "git add <file>..." to include in what will be committed)[0K
[0K
        [0;31m.Rproj.user/B994EF53/sources/s-C76EA830/[0m[0K
[0K
no changes added to commit (use "git add" and/or "git commit -a")[0K
[0K[?25h[?25l
[0;32mAlberto@Alberto-HP [0;35m [0;33m~/Documents/ONP/Oficina Nacional de Estadística/Página/Cifras/Estudia[0Kn
tes/G_Matriculados[0;36m (master)[0m[0K
$[0K[3G[?25h[?25l$ g[0K[?25hi[0Kt[0K[7G[?25l$ git a[0K[?25hd[0Kd[0K[11G[?25l$ git add .[0K[?25h[?25l
[0K[?25hwarning: LF will be replaced by CRLF in .Rproj.user/B994EF53/pcs/files-pane.pper.[0K[?25l
The file will have its original line endings in your working directory.[0K
[0K[?25hwarning: LF will be replaced by CRLF in .Rproj.user/B994EF53/sources/s-C76EA830/2C6F819F.[0K[?25l
The file will have its original line endings in your working directory.[0K
[0K[?25h[?25l
[0;32mAlberto@Alberto-HP [0;35m [0;33m~/Documents/ONP/Oficina Nacional de Estadística/Página/Cifras/Estudia[0Kn
tes/G_Matriculados[0;36m (master)[0m[0K
$[0K[3G[?25h[?25l$ g[0K[?25hi[0Kt[0K[7G[?25l$ git s[0K[?25ht[0Ka[0Kt[0Ku[0Ks[0K[?25l
[0K[?25hOn branch master[0K[?25l
Your branch is up-to-date with 'origin/master'.[0K
[0K
Changes to be committed:[0K
  (use "git reset HEAD <file>..." to unstage)[0K
[0K
        [0;32mmodified:   .Rproj.user/B994EF53/console06/4149BEF0[0m[0K
        [0;32mmodified:   .Rproj.user/B994EF53/console06/INDEX001[0m[0K
        [0;32mmodified:   .Rproj.user/B994EF53/pcs/files-pane.pper[0m[0K
        [0;32mrenamed:    .Rproj.user/B994EF53/sources/s-9EBC6350/2C6F819F -> .Rproj.user/B994E[0KF
53/sources/s-C76EA830/2C6F819F[0m[0K
        [0;32mrenamed:    .Rproj.user/B994EF53/sources/s-9EBC6350/2C6F819F-contents -> .Rproj.u[0Ks
er/B994EF53/sources/s-C76EA830/2C6F819F-contents[0m[0K
        [0;32mrenamed:    .Rproj.user/B994EF53/sources/s-9EBC6350/lock_file -> .Rproj.user/B994[0KE
F53/sources/s-C76EA830/lock_file[0m[0K
        [0;32mmodified:   20182/Nal/Matriculados/A_modalidad.html[0m[0K
        [0;32mmodified:   20182/Nal/Matriculados/A_mpv.html[0m[0K
        [0;32mmodified:   20182/Nal/Matriculados/A_nacionalidad.html[0m[0K
        [0;32mmodified:   20182/Nal/Matriculados/A_nivel.html[0m[0K
        [0;32mmodified:   20182/Nal/Matriculados/A_sede.html[0m[0K
        [0;32mmodified:   20182/Nal/Matriculados/A_sexo.html[0m[0K
        [0;32mmodified:   20182/Nal/Matriculados/A_snies.html[0m[0K
        [0;32mmodified:   20182/Nal/Matriculados/Nac_col1.html[0m[0K
        [0;32mmodified:   20182/Nal/Matriculados/Nac_comb.html[0m[0K
        [0;32mmodified:   20182/Nal/Matriculados/Nac_dpto.html[0m[0K
        [0;32mmodified:   20182/Nal/Matriculados/Nac_mun.html[0m[0K
        [0;32mmodified:   20182/Nal/Matriculados/Res_col1.html[0m[0K
        [0;32mmodified:   20182/Nal/Matriculados/Res_comb.html[0m[0K
        [0;32mmodified:   20182/Nal/Matriculados/Res_dpto.html[0m[0K
        [0;32mmodified:   20182/Nal/Matriculados/Res_mun.html[0m[0K
        [0;32mmodified:   20182/Nal/Matriculados/S_modalidad.html[0m[0K
        [0;32mmodified:   20182/Nal/Matriculados/S_mpv.html[0m[0K
        [0;32mmodified:   20182/Nal/Matriculados/S_nacionalidad.html[0m[0K
        [0;32mmodified:   20182/Nal/Matriculados/S_nivel.html[0m[0K
        [0;32mmodified:   20182/Nal/Matriculados/S_sede.html[0m[0K
        [0;32mmodified:   20182/Nal/Matriculados/S_sexo.html[0m[0K
        [0;32mmodified:   20182/Nal/Matriculados/S_snies.html[0m[0K
        [0;32mmodified:   20182/Nal/Matriculados/Serie.html[0m[0K
        [0;32mmodified:   20182/Nal/Matriculados/T_modalidad.html[0m[0K
        [0;32mmodified:   20182/Nal/Matriculados/T_mpv.html[0m[0K
        [0;32mmodified:   20182/Nal/Matriculados/T_nacionalidad.html[0m[0K
        [0;32mmodified:   20182/Nal/Matriculados/T_nivel.html[0m[0K
        [0;32mmodified:   20182/Nal/Matriculados/T_sede.html[0m[0K
        [0;32mmodified:   20182/Nal/Matriculados/T_sexo.html[0m[0K
        [0;32mmodified:   20182/Nal/Matriculados/T_snies.html[0m[0K
[0K
Changes not staged for commit:[0K
  (use "git add <file>..." to update what will be committed)[0K
  (use "git checkout -- <file>..." to discard changes in working directory)[0K
[0K
        [0;31mmodified:   .Rproj.user/B994EF53/console06/4149BEF0[0m[0K
[0K
[0K[?25h[?25l
[0;32mAlberto@Alberto-HP [0;35m [0;33m~/Documents/ONP/Oficina Nacional de Estadística/Página/Cifras/Estudia[0Kn
tes/G_Matriculados[0;36m (master)[0m[0K
$[0K[3G[?25h[?25l$ g[0K[?25hi[0Kt[0K[7G[?25l$ git c[0K[?25ho[0Km[0Km[0Ki[0Kt[0K[14G[?25l$ git commit -[0K[?25hm[0K[17G[?25l$ git commit -m "[0K[?25hm[0Ka[0K[?25l$ git commit -m "m[0K[?25h[?25l$ git commit -m "[0K[?25hO[0Kb[0Kj[0Ke[0Kt[0Ko[0Ks[0K[26G[?25l$ git commit -m "Objetos g[0K[?25hr[0Ka[0Kf[0Ki[0Kc[0Ko[0Ks[0K[35G[?25l$ git commit -m "Objetos graficos m[0K[?25ha[0Kt[0Kr[0Ki[0Kc[0Ku[0Kl[0Ka[0Kd[0Ko[0Ks[0K[48G[?25l$ git commit -m "Objetos graficos matriculados a[0K[?25h[?25l$ git commit -m "Objetos graficos matriculados[0K[48G[?25h[?25l$ git commit -m "Objetos graficos matriculados 2[0K[?25h0[0K1[0K8[0K[53G[?25l$ git commit -m "Objetos graficos matriculados 2018 a[0K[?25hc[0Kt[0Ku[0Ka[0Kl[0Ki[0Kz[0Ka[0Kd[0Ko[0Ks[0K"[0K[?25l
[0K[?25h[master 77bca4c] Objetos graficos matriculados 2018 actualizados[0K[?25l
 36 files changed, 198 insertions(+), 294 deletions(-)[0K
 rewrite .Rproj.user/B994EF53/console06/INDEX001 (88%)[0K
 rename .Rproj.user/B994EF53/sources/{s-9EBC6350 => s-C76EA830}/2C6F819F (100%)[0K
 rename .Rproj.user/B994EF53/sources/{s-9EBC6350 => s-C76EA830}/2C6F819F-contents (100%)[0K
 rename .Rproj.user/B994EF53/sources/{s-9EBC6350 => s-C76EA830}/lock_file (100%)[0K
[0K[?25h[?25l
[0;32mAlberto@Alberto-HP [0;35m [0;33m~/Documents/ONP/Oficina Nacional de Estadística/Página/Cifras/Estudia[0Kn
tes/G_Matriculados[0;36m (master)[0m[0K
$[0K[3G[?25h[?25l$ g[0K[?25hi[0Kt[0K[7G[?25l$ git p[0K[?25hu[0Ks[0Kh[0K[12G[?25l$ git push o[0K[?25hr[0Ki[0Kg[0Ki[0Kn[0K[19G[?25l$ git push origin m[0K[?25ha[0Ks[0Kt[0Ke[0Kr[0K[?25l
[0K[?25herror: cannot spawn sh: No such file or directory[0K[?25l
error: cannot spawn rpostback-askpass: No such file or directory[0K
Username for 'https://github.com':[0K[36G[?25h[?25lUsername for 'https://github.com': e[0K[?25hs[0Kt[0Ka[0Kd[0Ki[0Ks[0Kt[0Ki[0Kc[0Ka[0Ku[0Kn[0K[?25l
[0K[?25herror: cannot spawn rpostback-askpass: No such file or directory[0K[?25l
Password for 'https://estadisticaun@github.com':[0K[50G[?25h[?25l
[0K[?25herror: cannot spawn sh: No such file or directory[0K[?25l
[0K[?25hCounting objects: 43, done.[0K[?25l
Delta compression using up to 8 threads.[0K
Compressing objects:   9% (4/42)[0K[2G[?25h[?25lCompressing objects:  11% (5/42)[0K[1G[?25h[?25lCompressing objects:  33% (14/42)[0K[1G[?25h[?25lCompressing objects:  38% (16/42)[0K[1G[?25h[?25lCompressing objects:  54% (23/42)[0K[1G[?25h[?25lCompressing objects:  57% (24/42)[0K[1G[?25h[?25lCompressing objects:  59% (25/42)[0K[1G[?25h[?25lCompressing objects:  64% (27/42)[0K[1G[?25h[?25lCompressing objects:  85% (36/42)[0K[1G[?25hCompressing objects: 100% (42/42), done.[0K[?25l
Writing objects:  27% (12/43)[0K[1G[?25hWriting objects: 100% (43/43), 12.42 KiB | 3.10 MiB/s, done.[0K[?25l
Total 43 (delta 35), reused 0 (delta 0)[0K
[0K[?25h[?25lremote: Resolving deltas:  28% (10/35)[0K[1G[?25h[?25lremote: Resolving deltas:  40% (14/35)[0K[1G[?25h[?25lremote: Resolving deltas:  42% (15/35)[0K[1G[?25h[?25lremote: Resolving deltas:  45% (16/35)[0K[1G[?25h[?25lremote: Resolving deltas:  48% (17/35)[0K[1G[?25h[?25lremote: Resolving deltas:  51% (18/35)[0K[1G[?25h[?25lremote: Resolving deltas:  54% (19/35)[0K[1G[?25h[?25lremote: Resolving deltas:  57% (20/35)[0K[1G[?25h[?25lremote: Resolving deltas:  60% (21/35)[0K[1G[?25hremote: Resolving deltas: 100% (35/35), completed with 32 local objects.[0K[?25l
[0K[?25hremote:[0K[?25l
remote: GitHub found 2 vulnerabilities on estadisticaun/G_Matriculados's default branch ([0K2
 moderate). To find out more, visit:[0K
remote:      https://github.com/estadisticaun/G_Matriculados/network/alerts[0K
remote:[0K
To https://github.com/estadisticaun/G_Matriculados.git[0K
   92f9a78..77bca4c  master -> master[0K
[0K[?25h[?25l
[0;32mAlberto@Alberto-HP [0;35m [0;33m~/Documents/ONP/Oficina Nacional de Estadística/Página/Cifras/Estudia[0Kn
tes/G_Matriculados[0;36m (master)[0m[0K
$[0K[3G[?25h[?25l$ g[0K[?25hi[0Kt[0K[7G[?25l$ git s[0K[?25ht[0Ka[0Kt[0Ku[0Ks[0K[?25l
[0K[?25hOn branch master[0K[?25l
Your branch is up-to-date with 'origin/master'.[0K
[0K
Changes not staged for commit:[0K
  (use "git add <file>..." to update what will be committed)[0K
  (use "git checkout -- <file>..." to discard changes in working directory)[0K
[0K
        [0;31mmodified:   .Rproj.user/B994EF53/console06/4149BEF0[0m[0K
[0K
no changes added to commit (use "git add" and/or "git commit -a")[0K
[0K[?25h[?25l
[0;32mAlberto@Alberto-HP [0;35m [0;33m~/Documents/ONP/Oficina Nacional de Estadística/Página/Cifras/Estudia[0Kn
tes/G_Matriculados[0;36m (master)[0m[0K
$[0K[3G[?25h[0m[0Kbash: cut: command not found[0K[?25l
]0;:/c/Users/Alberto/Documents/ONP/Oficina Nacional de Estadística/Página/Cifras/Estudiantes/G_Matriculados[?25l
[0;32mAlberto@Alberto-HP [0;35m [0;33m~/Documents/ONP/Oficina Nacional de Estadística/Página/Cifras/Estudia[0Kn
tes/G_Matriculados[0;36m (master)[0m[0K
$[0K[3G[?25h[?25l$ g[0K[?25hi[0Kt[0K[7G[?25l$ git s[0K[?25ht[0Ka[0Kt[0Ku[0Ks[0K[?25l
[0K[?25hOn branch master[0K[?25l
Your branch is up-to-date with 'origin/master'.[0K
[0K
Changes not staged for commit:[0K
  (use "git add/rm <file>..." to update what will be committed)[0K
  (use "git checkout -- <file>..." to discard changes in working directory)[0K
[0K
        [0;31mmodified:   .Rhistory[0m[0K
        [0;31mmodified:   .Rproj.user/B994EF53/console06/4149BEF0[0m[0K
        [0;31mmodified:   .Rproj.user/B994EF53/console06/INDEX001[0m[0K
        [0;31mmodified:   .Rproj.user/B994EF53/pcs/files-pane.pper[0m[0K
        [0;31mmodified:   .Rproj.user/B994EF53/pcs/source-pane.pper[0m[0K
        [0;31mmodified:   .Rproj.user/B994EF53/sources/prop/INDEX[0m[0K
        [0;31mdeleted:    .Rproj.user/B994EF53/sources/s-C76EA830/2C6F819F[0m[0K
        [0;31mdeleted:    .Rproj.user/B994EF53/sources/s-C76EA830/2C6F819F-contents[0m[0K
        [0;31mdeleted:    .Rproj.user/B994EF53/sources/s-C76EA830/lock_file[0m[0K
        [0;31mmodified:   .Rproj.user/shared/notebooks/paths[0m[0K
        [0;31mmodified:   20182/Nal/Pregrado/A_colegio.html[0m[0K
        [0;31mmodified:   20182/Nal/Pregrado/A_edad.html[0m[0K
        [0;31mmodified:   20182/Nal/Pregrado/A_estrato.html[0m[0K
        [0;31mmodified:   20182/Nal/Pregrado/A_etapa.html[0m[0K
        [0;31mmodified:   20182/Nal/Pregrado/A_modalidad.html[0m[0K
        [0;31mmodified:   20182/Nal/Pregrado/A_mpv.html[0m[0K
        [0;31mmodified:   20182/Nal/Pregrado/A_nacionalidad.html[0m[0K
        [0;31mmodified:   20182/Nal/Pregrado/A_paes.html[0m[0K
        [0;31mmodified:   20182/Nal/Pregrado/A_pbm.html[0m[0K
        [0;31mmodified:   20182/Nal/Pregrado/A_peama.html[0m[0K
        [0;31mmodified:   20182/Nal/Pregrado/A_sede.html[0m[0K
        [0;31mmodified:   20182/Nal/Pregrado/A_sexo.html[0m[0K
        [0;31mmodified:   20182/Nal/Pregrado/A_snies.html[0m[0K
        [0;31mmodified:   20182/Nal/Pregrado/A_tipo.html[0m[0K
        [0;31mmodified:   20182/Nal/Pregrado/Nac_col1.html[0m[0K
        [0;31mmodified:   20182/Nal/Pregrado/Nac_comb.html[0m[0K
        [0;31mmodified:   20182/Nal/Pregrado/Nac_dpto.html[0m[0K
        [0;31mmodified:   20182/Nal/Pregrado/Nac_mun.html[0m[0K
        [0;31mmodified:   20182/Nal/Pregrado/Res_col1.html[0m[0K
        [0;31mmodified:   20182/Nal/Pregrado/Res_comb.html[0m[0K
        [0;31mmodified:   20182/Nal/Pregrado/Res_dpto.html[0m[0K
        [0;31mmodified:   20182/Nal/Pregrado/Res_mun.html[0m[0K
        [0;31mmodified:   20182/Nal/Pregrado/S_colegio.html[0m[0K
        [0;31mmodified:   20182/Nal/Pregrado/S_edad.html[0m[0K
        [0;31mmodified:   20182/Nal/Pregrado/S_estrato.html[0m[0K
        [0;31mmodified:   20182/Nal/Pregrado/S_etapa.html[0m[0K
        [0;31mmodified:   20182/Nal/Pregrado/S_modalidad.html[0m[0K
        [0;31mmodified:   20182/Nal/Pregrado/S_mpv.html[0m[0K
        [0;31mmodified:   20182/Nal/Pregrado/S_nacionalidad.html[0m[0K
        [0;31mmodified:   20182/Nal/Pregrado/S_paes.html[0m[0K
        [0;31mmodified:   20182/Nal/Pregrado/S_pbm.html[0m[0K
        [0;31mmodified:   20182/Nal/Pregrado/S_peama.html[0m[0K
        [0;31mmodified:   20182/Nal/Pregrado/S_sede.html[0m[0K
        [0;31mmodified:   20182/Nal/Pregrado/S_sexo.html[0m[0K
        [0;31mmodified:   20182/Nal/Pregrado/S_snies.html[0m[0K
        [0;31mmodified:   20182/Nal/Pregrado/S_tipo.html[0m[0K
        [0;31mmodified:   20182/Nal/Pregrado/Serie.html[0m[0K
        [0;31mmodified:   20182/Nal/Pregrado/T_colegio.html[0m[0K
        [0;31mmodified:   20182/Nal/Pregrado/T_edad.html[0m[0K
        [0;31mmodified:   20182/Nal/Pregrado/T_estrato.html[0m[0K
        [0;31mmodified:   20182/Nal/Pregrado/T_etapa.html[0m[0K
        [0;31mmodified:   20182/Nal/Pregrado/T_modalidad.html[0m[0K
        [0;31mmodified:   20182/Nal/Pregrado/T_mpv.html[0m[0K
        [0;31mmodified:   20182/Nal/Pregrado/T_nacionalidad.html[0m[0K
        [0;31mmodified:   20182/Nal/Pregrado/T_paes.html[0m[0K
[0K[9G[?25h[?25l        [0;31mmodified:   20182/Nal/Pregrado/T_pbm.html[0m[0K
        [0;31mmodified:   20182/Nal/Pregrado/T_peama.html[0m[0K
        [0;31mmodified:   20182/Nal/Pregrado/T_sede.html[0m[0K
        [0;31mmodified:   20182/Nal/Pregrado/T_sexo.html[0m[0K
        [0;31mmodified:   20182/Nal/Pregrado/T_snies.html[0m[0K
        [0;31mmodified:   20182/Nal/Pregrado/T_tipo.html[0m[0K
[0K
Untracked files:[0K
  (use "git add <file>..." to include in what will be committed)[0K
[0K
        [0;31m.Rproj.user/B994EF53/sources/prop/4E42A643[0m[0K
        [0;31m.Rproj.user/B994EF53/sources/prop/6CBD3B2B[0m[0K
        [0;31m.Rproj.user/B994EF53/sources/s-3CC808D8/[0m[0K
[0K
no changes added to commit (use "git add" and/or "git commit -a")[0K
[0K[?25h[?25l
[0;32mAlberto@Alberto-HP [0;35m [0;33m~/Documents/ONP/Oficina Nacional de Estadística/Página/Cifras/Estudia[0Kn
tes/G_Matriculados[0;36m (master)[0m[0K
$[0K[3G[?25h[?25l$ g[0K[?25hi[0Kt[0K[7G[?25l$ git a[0K[?25hd[0Kd[0K[11G[?25l$ git add .[0K[?25h[?25l
[0K[?25hwarning: LF will be replaced by CRLF in .Rproj.user/B994EF53/pcs/files-pane.pper.[0K[?25l
The file will have its original line endings in your working directory.[0K
warning: LF will be replaced by CRLF in .Rproj.user/B994EF53/pcs/source-pane.pper.[0K
The file will have its original line endings in your working directory.[0K
warning: LF will be replaced by CRLF in .Rproj.user/B994EF53/sources/prop/INDEX.[0K
The file will have its original line endings in your working directory.[0K
[0K[?25hwarning: LF will be replaced by CRLF in .Rproj.user/shared/notebooks/paths.[0K[?25l
The file will have its original line endings in your working directory.[0K
[0K[?25hwarning: LF will be replaced by CRLF in .Rproj.user/B994EF53/sources/prop/4E42A643.[0K[?25l
The file will have its original line endings in your working directory.[0K
warning: LF will be replaced by CRLF in .Rproj.user/B994EF53/sources/prop/6CBD3B2B.[0K
The file will have its original line endings in your working directory.[0K
[0K[?25hwarning: LF will be replaced by CRLF in .Rproj.user/B994EF53/sources/s-3CC808D8/19C22962-[0Kc[?25l
ontents.[0K
The file will have its original line endings in your working directory.[0K
[0K[?25hwarning: LF will be replaced by CRLF in .Rproj.user/B994EF53/sources/s-3CC808D8/2C6F819F.[0K[?25l
The file will have its original line endings in your working directory.[0K
warning: LF will be replaced by CRLF in .Rproj.user/B994EF53/sources/s-3CC808D8/37136363-[0Kc
ontents.[0K
The file will have its original line endings in your working directory.[0K
[0K[?25h[?25l
[0;32mAlberto@Alberto-HP [0;35m [0;33m~/Documents/ONP/Oficina Nacional de Estadística/Página/Cifras/Estudia[0Kn
tes/G_Matriculados[0;36m (master)[0m[0K
$[0K[3G[?25h[?25l$ g[0K[?25hi[0Kt[0K[7G[?25l$ git c[0K[?25ho[0Km[0Km[0Ki[0Kt[0K[14G[?25l$ git commit -[0K[?25hm[0K[17G[?25l$ git commit -m "[0K[?25hA[0Kc[0Kt[0Ku[0Ka[0Kl[0Ki[0Kz[0Ka[0Kc[0Ki[0Ko[0Kn[0K[32G[?25l$ git commit -m "Actualizacion m[0K[?25ha[0Kt[0Kr[0Ki[0Kc[0Ku[0Kl[0Ka[0K[42G[?25l$ git commit -m "Actualizacion matricula 2[0K[?25h0[0K1[0K8[0K2[0K[48G[?25l$ git commit -m "Actualizacion matricula 20182 p[0K[?25hr[0Ke[0K"[0K[?25l
[0K[?25h[master 342e5e2] Actualizacion matricula 20182 pre[0K[?25l
 65 files changed, 1878 insertions(+), 325 deletions(-)[0K
 rewrite .Rproj.user/B994EF53/console06/INDEX001 (76%)[0K
 create mode 100644 .Rproj.user/B994EF53/sources/prop/4E42A643[0K
 create mode 100644 .Rproj.user/B994EF53/sources/prop/6CBD3B2B[0K
 create mode 100644 .Rproj.user/B994EF53/sources/s-3CC808D8/19C22962-contents[0K
 rename .Rproj.user/B994EF53/sources/{s-C76EA830 => s-3CC808D8}/2C6F819F (100%)[0K
 rename .Rproj.user/B994EF53/sources/{s-C76EA830 => s-3CC808D8}/2C6F819F-contents (100%)[0K
 create mode 100644 .Rproj.user/B994EF53/sources/s-3CC808D8/37136363-contents[0K
 rename .Rproj.user/B994EF53/sources/{s-C76EA830 => s-3CC808D8}/lock_file (100%)[0K
[0K[?25h[?25l
[0;32mAlberto@Alberto-HP [0;35m [0;33m~/Documents/ONP/Oficina Nacional de Estadística/Página/Cifras/Estudia[0Kn
tes/G_Matriculados[0;36m (master)[0m[0K
$[0K[3G[?25h[?25l$ git commit -m "Actualizacion matricula 20182 pre"[0K[?25h[?25l$[0K[3G[?25h[?25l$ g[0K[?25hi[0Kt[0K[7G[?25l$ git p[0K[?25hu[0Ks[0Kh[0K[12G[?25l$ git push o[0K[?25hr[0Ki[0Kg[0Ki[0Kn[0K[19G[?25l$ git push origin m[0K[?25ha[0Ks[0Kt[0Ke[0Kr[0K[?25l
[0K[?25herror: cannot spawn sh: No such file or directory[0K[?25l
error: cannot spawn rpostback-askpass: No such file or directory[0K
Username for 'https://github.com':[0K[36G[?25h[?25lUsername for 'https://github.com': e[0K[?25hs[0Kt[0Ka[0Kd[0Ki[0Ks[0Kt[0Ki[0Kc[0Ka[0Ku[0Kn[0K[?25l
error: cannot spawn rpostback-askpass: No such file or directory[0K
Password for 'https://estadisticaun@github.com':[0K[50G[?25h[?25l
[0K[?25herror: cannot spawn sh: No such file or directory[0K[?25l
remote: Invalid username or password.[0K
fatal: Authentication failed for 'https://github.com/estadisticaun/G_Matriculados.git/'[0K
[0K[?25h[?25l
[0;32mAlberto@Alberto-HP [0;35m [0;33m~/Documents/ONP/Oficina Nacional de Estadística/Página/Cifras/Estudia[0Kn
tes/G_Matriculados[0;36m (master)[0m[0K
$[0K[3G[?25h[?25l$ git push origin master[0K[?25h[?25l
[0K[?25herror: cannot spawn sh: No such file or directory[0K[?25l
error: cannot spawn rpostback-askpass: No such file or directory[0K
Username for 'https://github.com':[0K[36G[?25h[?25lUsername for 'https://github.com': e[0K[?25hs[0Kt[0Ka[0Kd[0Ki[0Ks[0Kt[0Ki[0Kc[0Ka[0Ku[0Kn[0K[?25l
error: cannot spawn rpostback-askpass: No such file or directory[0K
Password for 'https://estadisticaun@github.com':[0K[50G[?25h[?25l
[0K[?25herror: cannot spawn sh: No such file or directory[0K[?25l
[0K[?25hCounting objects: 75, done.[0K[?25l
[0K[?25hDelta compression using up to 8 threads.[0K[?25l
Compressing objects:  25% (18/72)[0K[1G[?25h[?25lCompressing objects:  34% (25/72)[0K[1G[?25h[?25lCompressing objects:  37% (27/72)[0K[1G[?25h[?25lCompressing objects:  54% (39/72)[0K[1G[?25h[?25lCompressing objects:  72% (52/72)[0K[1G[?25h[?25lCompressing objects:  75% (54/72)[0K[1G[?25h[?25lCompressing objects:  81% (59/72)[0K[1G[?25h[?25lCompressing objects:  94% (68/72)[0K[1G[?25hCompressing objects: 100% (72/72), done.[0K[?25l
Writing objects: 100% (75/75), 21.02 KiB | 3.50 MiB/s, done.[0K
Total 75 (delta 58), reused 0 (delta 0)[0K
[0K[?25h[?25lremote: Resolving deltas:   1% (1/58)[0K[1G[?25h[?25lremote: Resolving deltas:  12% (7/58)[0K[1G[?25h[?25lremote: Resolving deltas:  36% (21/58)[0K[1G[?25h[?25lremote: Resolving deltas:  37% (22/58)[0K[1G[?25h[?25lremote: Resolving deltas:  39% (23/58)[0K[1G[?25h[?25lremote: Resolving deltas:  41% (24/58)[0K[1G[?25h[?25lremote: Resolving deltas:  43% (25/58)[0K[1G[?25h[?25lremote: Resolving deltas:  44% (26/58)[0K[1G[?25h[?25lremote: Resolving deltas:  46% (27/58)[0K[1G[?25h[?25lremote: Resolving deltas:  48% (28/58)[0K[1G[?25h[?25lremote: Resolving deltas:  72% (42/58)[0K[1G[?25hremote: Resolving deltas: 100% (58/58), completed with 53 local objects.[0K[?25l
[0K[?25hremote:[0K[?25l
remote: GitHub found 2 vulnerabilities on estadisticaun/G_Matriculados's default branch ([0K2
 moderate). To find out more, visit:[0K
remote:      https://github.com/estadisticaun/G_Matriculados/network/alerts[0K
remote:[0K
To https://github.com/estadisticaun/G_Matriculados.git[0K
   77bca4c..342e5e2  master -> master[0K
[0K[?25h[?25l
[0;32mAlberto@Alberto-HP [0;35m [0;33m~/Documents/ONP/Oficina Nacional de Estadística/Página/Cifras/Estudia[0Kn
tes/G_Matriculados[0;36m (master)[0m[0K
$[0K[3G[?25h[?25l$ g[0K[?25hi[0Kt[0K[7G[?25l$ git s[0K[?25ht[0Ka[0Kt[0Ku[0Ks[0K[?25l
[0K[?25hOn branch master[0K[?25l
Your branch is up-to-date with 'origin/master'.[0K
[0K
Changes not staged for commit:[0K
  (use "git add <file>..." to update what will be committed)[0K
  (use "git checkout -- <file>..." to discard changes in working directory)[0K
[0K
        [0;31mmodified:   .Rproj.user/B994EF53/console06/4149BEF0[0m[0K
[0K
no changes added to commit (use "git add" and/or "git commit -a")[0K
[0K[?25h[?25l
[0;32mAlberto@Alberto-HP [0;35m [0;33m~/Documents/ONP/Oficina Nacional de Estadística/Página/Cifras/Estudia[0Kn
tes/G_Matriculados[0;36m (master)[0m[0K
$[0K[3G[?25h[0m[0Kbash: cut: command not found[0K[?25l
]0;:/c/Users/Alberto/Documents/ONP/Oficina Nacional de Estadística/Página/Cifras/Estudiantes/G_Matriculados[?25l
[0;32mAlberto@Alberto-HP [0;35m [0;33m~/Documents/ONP/Oficina Nacional de Estadística/Página/Cifras/Estudia[0Kn
tes/G_Matriculados[0;36m (master)[0m[0K
$[0K[3G[?25h[?25l$ g[0K[?25hi[0Kt[0K[7G[?25l$ git s[0K[?25ht[0Ka[0Kt[0Ku[0Ks[0K[?25l
[0K[?25hOn branch master[0K[?25l
Your branch is up-to-date with 'origin/master'.[0K
[0K
Changes not staged for commit:[0K
  (use "git add/rm <file>..." to update what will be committed)[0K
  (use "git checkout -- <file>..." to discard changes in working directory)[0K
[0K
        [0;31mmodified:   .Rproj.user/B994EF53/console06/4149BEF0[0m[0K
        [0;31mmodified:   .Rproj.user/B994EF53/console06/INDEX001[0m[0K
        [0;31mmodified:   .Rproj.user/B994EF53/pcs/source-pane.pper[0m[0K
        [0;31mdeleted:    .Rproj.user/B994EF53/sources/s-3CC808D8/19C22962-contents[0m[0K
        [0;31mdeleted:    .Rproj.user/B994EF53/sources/s-3CC808D8/2C6F819F[0m[0K
        [0;31mdeleted:    .Rproj.user/B994EF53/sources/s-3CC808D8/2C6F819F-contents[0m[0K
        [0;31mdeleted:    .Rproj.user/B994EF53/sources/s-3CC808D8/37136363-contents[0m[0K
        [0;31mdeleted:    .Rproj.user/B994EF53/sources/s-3CC808D8/lock_file[0m[0K
        [0;31mmodified:   20182/Nal/Postgrado/A_convenio.html[0m[0K
        [0;31mmodified:   20182/Nal/Postgrado/A_edad.html[0m[0K
        [0;31mmodified:   20182/Nal/Postgrado/A_mpv.html[0m[0K
        [0;31mmodified:   20182/Nal/Postgrado/A_nacionalidad.html[0m[0K
        [0;31mmodified:   20182/Nal/Postgrado/A_nivel.html[0m[0K
        [0;31mmodified:   20182/Nal/Postgrado/A_sede.html[0m[0K
        [0;31mmodified:   20182/Nal/Postgrado/A_sexo.html[0m[0K
        [0;31mmodified:   20182/Nal/Postgrado/A_snies.html[0m[0K
        [0;31mmodified:   20182/Nal/Postgrado/Nac_col1.html[0m[0K
        [0;31mmodified:   20182/Nal/Postgrado/Nac_comb.html[0m[0K
        [0;31mmodified:   20182/Nal/Postgrado/Nac_dpto.html[0m[0K
        [0;31mmodified:   20182/Nal/Postgrado/Nac_mun.html[0m[0K
        [0;31mmodified:   20182/Nal/Postgrado/Res_col1.html[0m[0K
        [0;31mmodified:   20182/Nal/Postgrado/Res_comb.html[0m[0K
        [0;31mmodified:   20182/Nal/Postgrado/Res_dpto.html[0m[0K
        [0;31mmodified:   20182/Nal/Postgrado/Res_mun.html[0m[0K
        [0;31mmodified:   20182/Nal/Postgrado/S_edad.html[0m[0K
        [0;31mmodified:   20182/Nal/Postgrado/S_mpv.html[0m[0K
[0K[9G[?25h[?25l        [0;31mmodified:   20182/Nal/Postgrado/S_nacionalidad.html[0m[0K
        [0;31mmodified:   20182/Nal/Postgrado/S_nivel.html[0m[0K
        [0;31mmodified:   20182/Nal/Postgrado/S_sede.html[0m[0K
        [0;31mmodified:   20182/Nal/Postgrado/S_sexo.html[0m[0K
        [0;31mmodified:   20182/Nal/Postgrado/S_snies.html[0m[0K
        [0;31mmodified:   20182/Nal/Postgrado/Serie.html[0m[0K
        [0;31mmodified:   20182/Nal/Postgrado/T_convenio.html[0m[0K
        [0;31mmodified:   20182/Nal/Postgrado/T_edad.html[0m[0K
        [0;31mmodified:   20182/Nal/Postgrado/T_mpv.html[0m[0K
        [0;31mmodified:   20182/Nal/Postgrado/T_nacionalidad.html[0m[0K
        [0;31mmodified:   20182/Nal/Postgrado/T_nivel.html[0m[0K
        [0;31mmodified:   20182/Nal/Postgrado/T_sede.html[0m[0K
        [0;31mmodified:   20182/Nal/Postgrado/T_sexo.html[0m[0K
        [0;31mmodified:   20182/Nal/Postgrado/T_snies.html[0m[0K
[0K
Untracked files:[0K
  (use "git add <file>..." to include in what will be committed)[0K
[0K
        [0;31m.Rproj.user/B994EF53/sources/s-CE756B18/[0m[0K
[0K
no changes added to commit (use "git add" and/or "git commit -a")[0K
[0K[?25h[?25l
[0;32mAlberto@Alberto-HP [0;35m [0;33m~/Documents/ONP/Oficina Nacional de Estadística/Página/Cifras/Estudia[0Kn
tes/G_Matriculados[0;36m (master)[0m[0K
$[0K[3G[?25h[?25l$ g[0K[?25hi[0Kt[0K[7G[?25l$ git a[0K[?25hd[0Kd[0K[11G[?25l$ git add .[0K[?25h[?25l
[0K[?25hwarning: LF will be replaced by CRLF in .Rproj.user/B994EF53/pcs/source-pane.pper.[0K[?25l
The file will have its original line endings in your working directory.[0K
[0K[?25hwarning: LF will be replaced by CRLF in .Rproj.user/B994EF53/sources/s-CE756B18/2C6F819F.[0K[?25l
The file will have its original line endings in your working directory.[0K
[0K[?25h[?25l
[0;32mAlberto@Alberto-HP [0;35m [0;33m~/Documents/ONP/Oficina Nacional de Estadística/Página/Cifras/Estudia[0Kn
tes/G_Matriculados[0;36m (master)[0m[0K
$[0K[3G[?25h[?25l$ g[0K[?25hi[0Kt[0K[7G[?25l$ git c[0K[?25ho[0Km[0Km[0Ki[0Kt[0K[14G[?25l$ git commit -[0K[?25hm[0K[?25l$ git commit -[0K[?25h[?25l$ git commit[0K[14G[?25h[13G[?25l$ git commi[0K[?25h[?25l$ git comm[0K[?25h[?25l$ git com[0K[?25h[?25l$ git co[0K[?25h[?25l$ git c[0K[?25h[?25l$ git[0K[7G[?25h[?25l$ git s[0K[?25ht[0Ka[0Kt[0Ku[0Ks[0K[?25l
[0K[?25hOn branch master[0K[?25l
Your branch is up-to-date with 'origin/master'.[0K
[0K
Changes to be committed:[0K
  (use "git reset HEAD <file>..." to unstage)[0K
[0K
        [0;32mmodified:   .Rproj.user/B994EF53/console06/4149BEF0[0m[0K
        [0;32mmodified:   .Rproj.user/B994EF53/console06/INDEX001[0m[0K
        [0;32mmodified:   .Rproj.user/B994EF53/pcs/source-pane.pper[0m[0K
        [0;32mdeleted:    .Rproj.user/B994EF53/sources/s-3CC808D8/19C22962-contents[0m[0K
        [0;32mdeleted:    .Rproj.user/B994EF53/sources/s-3CC808D8/37136363-contents[0m[0K
        [0;32mrenamed:    .Rproj.user/B994EF53/sources/s-3CC808D8/2C6F819F -> .Rproj.user/B994E[0KF
53/sources/s-CE756B18/2C6F819F[0m[0K
        [0;32mrenamed:    .Rproj.user/B994EF53/sources/s-3CC808D8/2C6F819F-contents -> .Rproj.u[0Ks
er/B994EF53/sources/s-CE756B18/2C6F819F-contents[0m[0K
        [0;32mrenamed:    .Rproj.user/B994EF53/sources/s-3CC808D8/lock_file -> .Rproj.user/B994[0KE
F53/sources/s-CE756B18/lock_file[0m[0K
        [0;32mmodified:   20182/Nal/Postgrado/A_convenio.html[0m[0K
        [0;32mmodified:   20182/Nal/Postgrado/A_edad.html[0m[0K
        [0;32mmodified:   20182/Nal/Postgrado/A_mpv.html[0m[0K
        [0;32mmodified:   20182/Nal/Postgrado/A_nacionalidad.html[0m[0K
        [0;32mmodified:   20182/Nal/Postgrado/A_nivel.html[0m[0K
        [0;32mmodified:   20182/Nal/Postgrado/A_sede.html[0m[0K
        [0;32mmodified:   20182/Nal/Postgrado/A_sexo.html[0m[0K
        [0;32mmodified:   20182/Nal/Postgrado/A_snies.html[0m[0K
        [0;32mmodified:   20182/Nal/Postgrado/Nac_col1.html[0m[0K
        [0;32mmodified:   20182/Nal/Postgrado/Nac_comb.html[0m[0K
        [0;32mmodified:   20182/Nal/Postgrado/Nac_dpto.html[0m[0K
        [0;32mmodified:   20182/Nal/Postgrado/Nac_mun.html[0m[0K
        [0;32mmodified:   20182/Nal/Postgrado/Res_col1.html[0m[0K
        [0;32mmodified:   20182/Nal/Postgrado/Res_comb.html[0m[0K
        [0;32mmodified:   20182/Nal/Postgrado/Res_dpto.html[0m[0K
        [0;32mmodified:   20182/Nal/Postgrado/Res_mun.html[0m[0K
        [0;32mmodified:   20182/Nal/Postgrado/S_edad.html[0m[0K
        [0;32mmodified:   20182/Nal/Postgrado/S_mpv.html[0m[0K
        [0;32mmodified:   20182/Nal/Postgrado/S_nacionalidad.html[0m[0K
        [0;32mmodified:   20182/Nal/Postgrado/S_nivel.html[0m[0K
        [0;32mmodified:   20182/Nal/Postgrado/S_sede.html[0m[0K
        [0;32mmodified:   20182/Nal/Postgrado/S_sexo.html[0m[0K
        [0;32mmodified:   20182/Nal/Postgrado/S_snies.html[0m[0K
        [0;32mmodified:   20182/Nal/Postgrado/Serie.html[0m[0K
        [0;32mmodified:   20182/Nal/Postgrado/T_convenio.html[0m[0K
        [0;32mmodified:   20182/Nal/Postgrado/T_edad.html[0m[0K
        [0;32mmodified:   20182/Nal/Postgrado/T_mpv.html[0m[0K
        [0;32mmodified:   20182/Nal/Postgrado/T_nacionalidad.html[0m[0K
        [0;32mmodified:   20182/Nal/Postgrado/T_nivel.html[0m[0K
        [0;32mmodified:   20182/Nal/Postgrado/T_sede.html[0m[0K
        [0;32mmodified:   20182/Nal/Postgrado/T_sexo.html[0m[0K
        [0;32mmodified:   20182/Nal/Postgrado/T_snies.html[0m[0K
[0K
Changes not staged for commit:[0K
  (use "git add <file>..." to update what will be committed)[0K
  (use "git checkout -- <file>..." to discard changes in working directory)[0K
[0K
        [0;31mmodified:   .Rproj.user/B994EF53/console06/4149BEF0[0m[0K
[0K
[0K[?25h[?25l
[0;32mAlberto@Alberto-HP [0;35m [0;33m~/Documents/ONP/Oficina Nacional de Estadística/Página/Cifras/Estudia[0Kn
tes/G_Matriculados[0;36m (master)[0m[0K
$[0K[3G[?25h[?25l$ g[0K[?25hi[0Kt[0K[7G[?25l$ git a[0K[?25hd[0Kd[0K[?25l$ git ad[0K[?25h[?25l$ git a[0K[?25h[?25l$ git[0K[7G[?25h[?25l$ git c[0K[?25ho[0Km[0Km[0Ki[0Kt[0K[14G[?25l$ git commit -[0K[?25hm[0K[17G[?25l$ git commit -m "[0K[?25hA[0Kc[0Kt[0Ku[0Ka[0Kl[0Ki[0Kz[0Ka[0Kc[0Ki[0Ko[0Kn[0K[32G[?25l$ git commit -m "Actualizacion m[0K[?25ha[0Kt[0Kr[0Ki[0Kc[0Ku[0Kl[0Ka[0Kd[0Ko[0Ks[0K[45G[?25l$ git commit -m "Actualizacion matriculados 2[0K[?25h0[0K1[0K8[0K2[0K"[0K[?25l
[0K[?25h[master 3f82f35] Actualizacion matriculados 20182[0K[?25l
 40 files changed, 336 insertions(+), 1579 deletions(-)[0K
 rewrite .Rproj.user/B994EF53/console06/INDEX001 (77%)[0K
 delete mode 100644 .Rproj.user/B994EF53/sources/s-3CC808D8/19C22962-contents[0K
 delete mode 100644 .Rproj.user/B994EF53/sources/s-3CC808D8/37136363-contents[0K
 rename .Rproj.user/B994EF53/sources/{s-3CC808D8 => s-CE756B18}/2C6F819F (100%)[0K
 rename .Rproj.user/B994EF53/sources/{s-3CC808D8 => s-CE756B18}/2C6F819F-contents (100%)[0K
 rename .Rproj.user/B994EF53/sources/{s-3CC808D8 => s-CE756B18}/lock_file (100%)[0K
 rewrite 20182/Nal/Postgrado/S_edad.html (62%)[0K
 rewrite 20182/Nal/Postgrado/T_edad.html (62%)[0K
[0K[?25h[?25l
[0;32mAlberto@Alberto-HP [0;35m [0;33m~/Documents/ONP/Oficina Nacional de Estadística/Página/Cifras/Estudia[0Kn
tes/G_Matriculados[0;36m (master)[0m[0K
$[0K[3G[?25h[?25l$ g[0K[?25hi[0Kt[0K[7G[?25l$ git p[0K[?25hu[0Ks[0Kh[0K[12G[?25l$ git push o[0K[?25hr[0Ki[0Kg[0Ki[0Kn[0K[19G[?25l$ git push origin m[0K[?25ha[0Ks[0Kt[0Ke[0Kr[0K[?25l
[0K[?25herror: cannot spawn sh: No such file or directory[0K[?25l
error: cannot spawn rpostback-askpass: No such file or directory[0K
Username for 'https://github.com':[0K[36G[?25h[?25lUsername for 'https://github.com': e[0K[?25hs[0Kt[0Ka[0Kd[0Ki[0Ks[0Kt[0Ki[0Kc[0Ka[0Ku[0Kn[0K[?25l
error: cannot spawn rpostback-askpass: No such file or directory[0K
Password for 'https://estadisticaun@github.com':[0K[50G[?25h[?25l
[0K[?25herror: cannot spawn sh: No such file or directory[0K[?25l
[0K[?25hCounting objects: 46, done.[0K[?25l
Delta compression using up to 8 threads.[0K
Compressing objects:  13% (6/44)[0K[1G[?25h[?25lCompressing objects:  50% (22/44)[0K[1G[?25h[?25lCompressing objects:  52% (23/44)[0K[1G[?25h[?25lCompressing objects:  56% (25/44)[0K[1G[?25h[?25lCompressing objects:  59% (26/44)[0K[1G[?25h[?25lCompressing objects:  84% (37/44)[0K[1G[?25h[?25lCompressing objects:  88% (39/44)[0K[1G[?25h[?25lCompressing objects:  97% (43/44)[0K[1G[?25hCompressing objects: 100% (44/44), done.[0K[?25l
Writing objects: 100% (46/46), 13.87 KiB | 3.47 MiB/s, done.[0K
Total 46 (delta 36), reused 0 (delta 0)[0K
[0K[?25h[?25lremote: Resolving deltas:  13% (5/36)[0K[1G[?25h[?25lremote: Resolving deltas:  36% (13/36)[0K[1G[?25h[?25lremote: Resolving deltas:  38% (14/36)[0K[1G[?25h[?25lremote: Resolving deltas:  41% (15/36)[0K[1G[?25h[?25lremote: Resolving deltas:  44% (16/36)[0K[1G[?25h[?25lremote: Resolving deltas:  47% (17/36)[0K[1G[?25h[?25lremote: Resolving deltas:  50% (18/36)[0K[1G[?25h[?25lremote: Resolving deltas:  52% (19/36)[0K[1G[?25h[?25lremote: Resolving deltas:  55% (20/36)[0K[1G[?25hremote: Resolving deltas: 100% (36/36), completed with 35 local objects.[0K[?25l
[0K[?25hremote:[0K[?25l
remote: GitHub found 2 vulnerabilities on estadisticaun/G_Matriculados's default branch ([0K2
 moderate). To find out more, visit:[0K
remote:      https://github.com/estadisticaun/G_Matriculados/network/alerts[0K
remote:[0K
To https://github.com/estadisticaun/G_Matriculados.git[0K
   342e5e2..3f82f35  master -> master[0K
[0K[?25h[?25l
[0;32mAlberto@Alberto-HP [0;35m [0;33m~/Documents/ONP/Oficina Nacional de Estadística/Página/Cifras/Estudia[0Kn
tes/G_Matriculados[0;36m (master)[0m[0K
$[0K[3G[?25h[?25l$ g[0K[?25hi[0Kt[0K[7G[?25l$ git s[0K[?25ht[0Ka[0Kt[0Ku[0Ks[0K[?25l
[0K[?25hOn branch master[0K[?25l
Your branch is up-to-date with 'origin/master'.[0K
[0K
Changes not staged for commit:[0K
  (use "git add <file>..." to update what will be committed)[0K
  (use "git checkout -- <file>..." to discard changes in working directory)[0K
[0K
        [0;31mmodified:   .Rproj.user/B994EF53/console06/4149BEF0[0m[0K
[0K
no changes added to commit (use "git add" and/or "git commit -a")[0K
[0K[?25h[?25l
[0;32mAlberto@Alberto-HP [0;35m [0;33m~/Documents/ONP/Oficina Nacional de Estadística/Página/Cifras/Estudia[0Kn
tes/G_Matriculados[0;36m (master)[0m[0K
$[0K[3G[?25h[0m[0Kbash: cut: command not found[0K[?25l
]0;:/c/Users/Alberto/Documents/ONP/Oficina Nacional de Estadística/Página/Cifras/Estudiantes/G_Matriculados[?25l
[0K[?25h[0;32mAlberto@Alberto-HP [0;35m [0;33m~/Documents/ONP/Oficina Nacional de Estadística/Página/Cifras/Estudia[0Kn[?25l
tes/G_Matriculados[0;36m (master)[0m[0K
$[0K[3G[?25h[?25l$ g[0K[?25hi[0Kt[0K[7G[?25l$ git t[0K[?25h[?25l$ git[0K[7G[?25h[?25l$ git s[0K[?25ht[0Ka[0Kt[0Ku[0Ks[0K[?25l
[0K[?25hOn branch master[0K[?25l
Your branch is up-to-date with 'origin/master'.[0K
[0K
Changes not staged for commit:[0K
  (use "git add/rm <file>..." to update what will be committed)[0K
  (use "git checkout -- <file>..." to discard changes in working directory)[0K
[0K
        [0;31mmodified:   .Rproj.user/B994EF53/console06/4149BEF0[0m[0K
        [0;31mmodified:   .Rproj.user/B994EF53/console06/INDEX001[0m[0K
        [0;31mdeleted:    .Rproj.user/B994EF53/sources/s-CE756B18/2C6F819F[0m[0K
        [0;31mdeleted:    .Rproj.user/B994EF53/sources/s-CE756B18/2C6F819F-contents[0m[0K
        [0;31mdeleted:    .Rproj.user/B994EF53/sources/s-CE756B18/lock_file[0m[0K
        [0;31mmodified:   20182/Nal/Mpv/A_modalidad.html[0m[0K
        [0;31mmodified:   20182/Nal/Mpv/A_nacionalidad.html[0m[0K
        [0;31mmodified:   20182/Nal/Mpv/A_nivel.html[0m[0K
        [0;31mmodified:   20182/Nal/Mpv/A_sede.html[0m[0K
        [0;31mmodified:   20182/Nal/Mpv/A_sexo.html[0m[0K
        [0;31mmodified:   20182/Nal/Mpv/A_snies.html[0m[0K
        [0;31mmodified:   20182/Nal/Mpv/Nac_col1.html[0m[0K
        [0;31mmodified:   20182/Nal/Mpv/Nac_comb.html[0m[0K
        [0;31mmodified:   20182/Nal/Mpv/Nac_dpto.html[0m[0K
        [0;31mmodified:   20182/Nal/Mpv/Nac_mun.html[0m[0K
        [0;31mmodified:   20182/Nal/Mpv/Res_col1.html[0m[0K
        [0;31mmodified:   20182/Nal/Mpv/Res_comb.html[0m[0K
        [0;31mmodified:   20182/Nal/Mpv/Res_dpto.html[0m[0K
        [0;31mmodified:   20182/Nal/Mpv/Res_mun.html[0m[0K
        [0;31mmodified:   20182/Nal/Mpv/S_modalidad.html[0m[0K
        [0;31mmodified:   20182/Nal/Mpv/S_nacionalidad.html[0m[0K
        [0;31mmodified:   20182/Nal/Mpv/S_nivel.html[0m[0K
        [0;31mmodified:   20182/Nal/Mpv/S_sede.html[0m[0K
        [0;31mmodified:   20182/Nal/Mpv/S_sexo.html[0m[0K
        [0;31mmodified:   20182/Nal/Mpv/S_snies.html[0m[0K
        [0;31mmodified:   20182/Nal/Mpv/Serie.html[0m[0K
        [0;31mmodified:   20182/Nal/Mpv/T_modalidad.html[0m[0K
        [0;31mmodified:   20182/Nal/Mpv/T_nacionalidad.html[0m[0K
        [0;31mmodified:   20182/Nal/Mpv/T_nivel.html[0m[0K
        [0;31mmodified:   20182/Nal/Mpv/T_sede.html[0m[0K
        [0;31mmodified:   20182/Nal/Mpv/T_sexo.html[0m[0K
        [0;31mmodified:   20182/Nal/Mpv/T_snies.html[0m[0K
[0K
Untracked files:[0K
  (use "git add <file>..." to include in what will be committed)[0K
[0K
        [0;31m.Rproj.user/B994EF53/sources/s-40633FB8/[0m[0K
[0K
no changes added to commit (use "git add" and/or "git commit -a")[0K
[0K[?25h[?25l
[0;32mAlberto@Alberto-HP [0;35m [0;33m~/Documents/ONP/Oficina Nacional de Estadística/Página/Cifras/Estudia[0Kn
tes/G_Matriculados[0;36m (master)[0m[0K
$[0K[3G[?25h[?25l$ g[0K[?25hi[0Kt[0K[7G[?25l$ git a[0K[?25hd[0Kd[0K[11G[?25l$ git add .[0K[?25h[?25l
[0K[?25hwarning: LF will be replaced by CRLF in .Rproj.user/B994EF53/sources/s-40633FB8/2C6F819F.[0K[?25l
The file will have its original line endings in your working directory.[0K
[0K[?25h[?25l
[0;32mAlberto@Alberto-HP [0;35m [0;33m~/Documents/ONP/Oficina Nacional de Estadística/Página/Cifras/Estudia[0Kn
tes/G_Matriculados[0;36m (master)[0m[0K
$[0K[3G[?25h[?25l$ git add .[0K[?25h[?25l$ git status[0K[?25h[?25l
[0K[?25hOn branch master[0K[?25l
Your branch is up-to-date with 'origin/master'.[0K
[0K
Changes to be committed:[0K
  (use "git reset HEAD <file>..." to unstage)[0K
[0K
        [0;32mmodified:   .Rproj.user/B994EF53/console06/4149BEF0[0m[0K
        [0;32mmodified:   .Rproj.user/B994EF53/console06/INDEX001[0m[0K
        [0;32mrenamed:    .Rproj.user/B994EF53/sources/s-CE756B18/2C6F819F -> .Rproj.user/B994E[0KF
53/sources/s-40633FB8/2C6F819F[0m[0K
        [0;32mrenamed:    .Rproj.user/B994EF53/sources/s-CE756B18/2C6F819F-contents -> .Rproj.u[0Ks
er/B994EF53/sources/s-40633FB8/2C6F819F-contents[0m[0K
        [0;32mrenamed:    .Rproj.user/B994EF53/sources/s-CE756B18/lock_file -> .Rproj.user/B994[0KE
F53/sources/s-40633FB8/lock_file[0m[0K
        [0;32mmodified:   20182/Nal/Mpv/A_modalidad.html[0m[0K
        [0;32mmodified:   20182/Nal/Mpv/A_nacionalidad.html[0m[0K
        [0;32mmodified:   20182/Nal/Mpv/A_nivel.html[0m[0K
        [0;32mmodified:   20182/Nal/Mpv/A_sede.html[0m[0K
        [0;32mmodified:   20182/Nal/Mpv/A_sexo.html[0m[0K
        [0;32mmodified:   20182/Nal/Mpv/A_snies.html[0m[0K
        [0;32mmodified:   20182/Nal/Mpv/Nac_col1.html[0m[0K
        [0;32mmodified:   20182/Nal/Mpv/Nac_comb.html[0m[0K
        [0;32mmodified:   20182/Nal/Mpv/Nac_dpto.html[0m[0K
        [0;32mmodified:   20182/Nal/Mpv/Nac_mun.html[0m[0K
        [0;32mmodified:   20182/Nal/Mpv/Res_col1.html[0m[0K
        [0;32mmodified:   20182/Nal/Mpv/Res_comb.html[0m[0K
        [0;32mmodified:   20182/Nal/Mpv/Res_dpto.html[0m[0K
        [0;32mmodified:   20182/Nal/Mpv/Res_mun.html[0m[0K
        [0;32mmodified:   20182/Nal/Mpv/S_modalidad.html[0m[0K
        [0;32mmodified:   20182/Nal/Mpv/S_nacionalidad.html[0m[0K
        [0;32mmodified:   20182/Nal/Mpv/S_nivel.html[0m[0K
        [0;32mmodified:   20182/Nal/Mpv/S_sede.html[0m[0K
        [0;32mmodified:   20182/Nal/Mpv/S_sexo.html[0m[0K
        [0;32mmodified:   20182/Nal/Mpv/S_snies.html[0m[0K
        [0;32mmodified:   20182/Nal/Mpv/Serie.html[0m[0K
        [0;32mmodified:   20182/Nal/Mpv/T_modalidad.html[0m[0K
        [0;32mmodified:   20182/Nal/Mpv/T_nacionalidad.html[0m[0K
        [0;32mmodified:   20182/Nal/Mpv/T_nivel.html[0m[0K
        [0;32mmodified:   20182/Nal/Mpv/T_sede.html[0m[0K
        [0;32mmodified:   20182/Nal/Mpv/T_sexo.html[0m[0K
        [0;32mmodified:   20182/Nal/Mpv/T_snies.html[0m[0K
[0K
Changes not staged for commit:[0K
  (use "git add <file>..." to update what will be committed)[0K
  (use "git checkout -- <file>..." to discard changes in working directory)[0K
[0K
        [0;31mmodified:   .Rproj.user/B994EF53/console06/4149BEF0[0m[0K
[0K
[0K[?25h[?25l
[0;32mAlberto@Alberto-HP [0;35m [0;33m~/Documents/ONP/Oficina Nacional de Estadística/Página/Cifras/Estudia[0Kn
tes/G_Matriculados[0;36m (master)[0m[0K
$[0K[3G[?25h[?25l$ g[0K[?25hi[0Kt[0K[7G[?25l$ git c[0K[?25ho[0Km[0Km[0Ki[0Kt[0K[14G[?25l$ git commit -[0K[?25hm[0K[17G[?25l$ git commit -m "[0K[?25hA[0Kc[0Kt[0Ku[0Ka[0Kl[0Ki[0Kz[0Ka[0Kc[0Ki[0Ko[0Kn[0K[32G[?25l$ git commit -m "Actualizacion m[0K[?25ha[0Kt[0Kr[0Ki[0Kc[0Ku[0Kl[0Ka[0Kd[0Ko[0Ks[0K[45G[44G[?25l$ git commit -m "Actualizacion matriculado[0K[?25h[?25l$ git commit -m "Actualizacion matriculad[0K[?25h[?25l$ git commit -m "Actualizacion matricula[0K[?25h[?25l$ git commit -m "Actualizacion matricul[0K[?25h[?25l$ git commit -m "Actualizacion matricu[0K[?25h[?25l$ git commit -m "Actualizacion matric[0K[?25h[?25l$ git commit -m "Actualizacion matri[0K[?25h[?25l$ git commit -m "Actualizacion matr[0K[?25h[?25l$ git commit -m "Actualizacion mat[0K[?25h[?25l$ git commit -m "Actualizacion ma[0K[?25h[?25l$ git commit -m "Actualizacion m[0K[?25h[32G[?25l$ git commit -m "Actualizacion[0K[32G[?25h[?25l$ git commit -m "Actualizacion M[0K[?25hP[0KV[0KZ[0K[37G[?25l$ git commit -m "Actualizacion MPVZ 2[0K[?25h0[0K1[0K8[0K2[0K"[0K[?25l
[0K[?25h[master dc49929] Actualizacion MPVZ 20182[0K[?25l
 32 files changed, 255 insertions(+), 263 deletions(-)[0K
 rewrite .Rproj.user/B994EF53/console06/INDEX001 (77%)[0K
 rename .Rproj.user/B994EF53/sources/{s-CE756B18 => s-40633FB8}/2C6F819F (100%)[0K
 rename .Rproj.user/B994EF53/sources/{s-CE756B18 => s-40633FB8}/2C6F819F-contents (100%)[0K
 rename .Rproj.user/B994EF53/sources/{s-CE756B18 => s-40633FB8}/lock_file (100%)[0K
[0K[?25h[?25l
[0;32mAlberto@Alberto-HP [0;35m [0;33m~/Documents/ONP/Oficina Nacional de Estadística/Página/Cifras/Estudia[0Kn
tes/G_Matriculados[0;36m (master)[0m[0K
$[0K[3G[?25h[?25l$ g[0K[?25hi[0Kt[0K[7G[?25l$ git p[0K[?25hu[0Ks[0Kh[0K[12G[?25l$ git push o[0K[?25hr[0Ki[0Kg[0Ki[0Kn[0K[19G[?25l$ git push origin m[0K[?25ha[0Ks[0Kt[0Ke[0Kr[0K[?25l
[0K[?25herror: cannot spawn sh: No such file or directory[0K[?25l
error: cannot spawn rpostback-askpass: No such file or directory[0K
Username for 'https://github.com':[0K[36G[?25h[?25lUsername for 'https://github.com': e[0K[?25hs[0Kt[0Ka[0Kd[0Ki[0Ks[0Kt[0Ki[0Kc[0Ka[0Ku[0Kn[0K[?25l
error: cannot spawn rpostback-askpass: No such file or directory[0K
Password for 'https://estadisticaun@github.com':[0K[50G[?25h[?25l
[0K[?25herror: cannot spawn sh: No such file or directory[0K[?25l
[0K[?25hCounting objects: 38, done.[0K[?25l
Delta compression using up to 8 threads.[0K
Compressing objects:  13% (5/37)[0K[1G[?25h[?25lCompressing objects:  37% (14/37)[0K[1G[?25h[?25lCompressing objects:  43% (16/37)[0K[1G[?25h[?25lCompressing objects:  45% (17/37)[0K[1G[?25h[?25lCompressing objects:  48% (18/37)[0K[1G[?25h[?25lCompressing objects:  51% (19/37)[0K[1G[?25h[?25lCompressing objects:  75% (28/37)[0K[1G[?25h[?25lCompressing objects:  81% (30/37)[0K[1G[?25h[?25lCompressing objects:  94% (35/37)[0K[1G[?25hCompressing objects: 100% (37/37), done.[0K[?25l
Writing objects: 100% (38/38), 10.83 KiB | 3.61 MiB/s, done.[0K
Total 38 (delta 31), reused 0 (delta 0)[0K
[0K[?25h[?25lremote: Resolving deltas:  19% (6/31)[0K[1G[?25h[?25lremote: Resolving deltas:  38% (12/31)[0K[1G[?25h[?25lremote: Resolving deltas:  41% (13/31)[0K[1G[?25h[?25lremote: Resolving deltas:  45% (14/31)[0K[1G[?25h[?25lremote: Resolving deltas:  48% (15/31)[0K[1G[?25h[?25lremote: Resolving deltas:  51% (16/31)[0K[1G[?25h[?25lremote: Resolving deltas:  54% (17/31)[0K[1G[?25h[?25lremote: Resolving deltas:  61% (19/31)[0K[1G[?25hremote: Resolving deltas: 100% (31/31), completed with 28 local objects.[0K[?25l
[0K[?25hremote:[0K[?25l
remote: GitHub found 2 vulnerabilities on estadisticaun/G_Matriculados's default branch ([0K2
 moderate). To find out more, visit:[0K
remote:      https://github.com/estadisticaun/G_Matriculados/network/alerts[0K
remote:[0K
To https://github.com/estadisticaun/G_Matriculados.git[0K
   3f82f35..dc49929  master -> master[0K
[0K[?25h[?25l
[0;32mAlberto@Alberto-HP [0;35m [0;33m~/Documents/ONP/Oficina Nacional de Estadística/Página/Cifras/Estudia[0Kn
tes/G_Matriculados[0;36m (master)[0m[0K
$[0K[3G[?25h[0m[0Kbash: cut: command not found[0K[?25l
]0;:/c/Users/Alberto/Documents/ONP/Oficina Nacional de Estadística/Página/Cifras/Estudiantes/G_Matriculados[?25l
[0;32mAlberto@Alberto-HP [0;35m [0;33m~/Documents/ONP/Oficina Nacional de Estadística/Página/Cifras/Estudia[0Kn
tes/G_Matriculados[0;36m (master)[0m[0K
$[0K[3G[?25h[?25l$ g[0K[?25hi[0Kt[0K[7G[?25l$ git s[0K[?25ht[0Ka[0Kt[0Ku[0Ks[0K[?25l
[0K[?25hOn branch master[0K[?25l
Your branch is up-to-date with 'origin/master'.[0K
[0K
Changes not staged for commit:[0K
  (use "git add/rm <file>..." to update what will be committed)[0K
  (use "git checkout -- <file>..." to discard changes in working directory)[0K
[0K
        [0;31mmodified:   .Rproj.user/B994EF53/console06/4149BEF0[0m[0K
        [0;31mmodified:   .Rproj.user/B994EF53/console06/INDEX001[0m[0K
        [0;31mdeleted:    .Rproj.user/B994EF53/sources/s-40633FB8/2C6F819F[0m[0K
        [0;31mdeleted:    .Rproj.user/B994EF53/sources/s-40633FB8/2C6F819F-contents[0m[0K
        [0;31mdeleted:    .Rproj.user/B994EF53/sources/s-40633FB8/lock_file[0m[0K
[0K
Untracked files:[0K
  (use "git add <file>..." to include in what will be committed)[0K
[0K
        [0;31m.Rproj.user/B994EF53/sources/s-D8DCC590/[0m[0K
[0K
no changes added to commit (use "git add" and/or "git commit -a")[0K
[0K[?25h[?25l
[0;32mAlberto@Alberto-HP [0;35m [0;33m~/Documents/ONP/Oficina Nacional de Estadística/Página/Cifras/Estudia[0Kn
tes/G_Matriculados[0;36m (master)[0m[0K
$[0K[3G[?25h[0m[0Kbash: cut: command not found[0K[?25l
]0;:/c/Users/Alberto/Documents/ONP/Oficina Nacional de Estadística/Página/Cifras/Estudiantes/G_Matriculados[?25l
[0;32mAlberto@Alberto-HP [0;35m [0;33m~/Documents/ONP/Oficina Nacional de Estadística/Página/Cifras/Estudia[0Kn
tes/G_Matriculados[0;36m (master)[0m[0K
$[0K[3G[?25h[?25l$ g[0K[?25hi[0Kt[0K[7G[?25l$ git s[0K[?25ht[0Ka[0Kt[0Ku[0Ks[0K[?25l
[0K[?25hOn branch master[0K[?25l
Your branch is up-to-date with 'origin/master'.[0K
[0K
Changes not staged for commit:[0K
  (use "git add/rm <file>..." to update what will be committed)[0K
  (use "git checkout -- <file>..." to discard changes in working directory)[0K
[0K
        [0;31mmodified:   .Rproj.user/B994EF53/console06/4149BEF0[0m[0K
        [0;31mmodified:   .Rproj.user/B994EF53/console06/INDEX001[0m[0K
        [0;31mdeleted:    .Rproj.user/B994EF53/sources/s-40633FB8/2C6F819F[0m[0K
        [0;31mdeleted:    .Rproj.user/B994EF53/sources/s-40633FB8/2C6F819F-contents[0m[0K
        [0;31mdeleted:    .Rproj.user/B994EF53/sources/s-40633FB8/lock_file[0m[0K
        [0;31mmodified:   20182/Nal/Mpvpre/A_colegio.html[0m[0K
        [0;31mmodified:   20182/Nal/Mpvpre/A_edad.html[0m[0K
        [0;31mmodified:   20182/Nal/Mpvpre/A_estrato.html[0m[0K
        [0;31mmodified:   20182/Nal/Mpvpre/A_modalidad.html[0m[0K
        [0;31mmodified:   20182/Nal/Mpvpre/A_nacionalidad.html[0m[0K
        [0;31mmodified:   20182/Nal/Mpvpre/A_paes.html[0m[0K
        [0;31mmodified:   20182/Nal/Mpvpre/A_pbm.html[0m[0K
        [0;31mmodified:   20182/Nal/Mpvpre/A_peama.html[0m[0K
        [0;31mmodified:   20182/Nal/Mpvpre/A_sede.html[0m[0K
        [0;31mmodified:   20182/Nal/Mpvpre/A_sexo.html[0m[0K
        [0;31mmodified:   20182/Nal/Mpvpre/A_tipo.html[0m[0K
        [0;31mmodified:   20182/Nal/Mpvpre/Nac_col1.html[0m[0K
        [0;31mmodified:   20182/Nal/Mpvpre/Nac_comb.html[0m[0K
        [0;31mmodified:   20182/Nal/Mpvpre/Nac_dpto.html[0m[0K
        [0;31mmodified:   20182/Nal/Mpvpre/Nac_mun.html[0m[0K
        [0;31mmodified:   20182/Nal/Mpvpre/Res_col1.html[0m[0K
        [0;31mmodified:   20182/Nal/Mpvpre/Res_comb.html[0m[0K
        [0;31mmodified:   20182/Nal/Mpvpre/Res_dpto.html[0m[0K
        [0;31mmodified:   20182/Nal/Mpvpre/Res_mun.html[0m[0K
        [0;31mmodified:   20182/Nal/Mpvpre/S_colegio.html[0m[0K
        [0;31mmodified:   20182/Nal/Mpvpre/S_edad.html[0m[0K
        [0;31mmodified:   20182/Nal/Mpvpre/S_estrato.html[0m[0K
        [0;31mmodified:   20182/Nal/Mpvpre/S_modalidad.html[0m[0K
        [0;31mmodified:   20182/Nal/Mpvpre/S_nacionalidad.html[0m[0K
        [0;31mmodified:   20182/Nal/Mpvpre/S_paes.html[0m[0K
        [0;31mmodified:   20182/Nal/Mpvpre/S_pbm.html[0m[0K
        [0;31mmodified:   20182/Nal/Mpvpre/S_peama.html[0m[0K
        [0;31mmodified:   20182/Nal/Mpvpre/S_sede.html[0m[0K
        [0;31mmodified:   20182/Nal/Mpvpre/S_sexo.html[0m[0K
        [0;31mmodified:   20182/Nal/Mpvpre/S_snies.html[0m[0K
        [0;31mmodified:   20182/Nal/Mpvpre/S_tipo.html[0m[0K
        [0;31mmodified:   20182/Nal/Mpvpre/Serie.html[0m[0K
        [0;31mmodified:   20182/Nal/Mpvpre/T_colegio.html[0m[0K
        [0;31mmodified:   20182/Nal/Mpvpre/T_edad.html[0m[0K
        [0;31mmodified:   20182/Nal/Mpvpre/T_estrato.html[0m[0K
        [0;31mmodified:   20182/Nal/Mpvpre/T_modalidad.html[0m[0K
        [0;31mmodified:   20182/Nal/Mpvpre/T_nacionalidad.html[0m[0K
        [0;31mmodified:   20182/Nal/Mpvpre/T_paes.html[0m[0K
        [0;31mmodified:   20182/Nal/Mpvpre/T_pbm.html[0m[0K
        [0;31mmodified:   20182/Nal/Mpvpre/T_peama.html[0m[0K
        [0;31mmodified:   20182/Nal/Mpvpre/T_sede.html[0m[0K
        [0;31mmodified:   20182/Nal/Mpvpre/T_sexo.html[0m[0K
        [0;31mmodified:   20182/Nal/Mpvpre/T_snies.html[0m[0K
        [0;31mmodified:   20182/Nal/Mpvpre/T_tipo.html[0m[0K
[0K
Untracked files:[0K
  (use "git add <file>..." to include in what will be committed)[0K
[0K
        [0;31m.Rproj.user/B994EF53/sources/s-F6BACE96/[0m[0K
[0K
no changes added to commit (use "git add" and/or "git commit -a")[0K
[0K[?25h[?25l
[0;32mAlberto@Alberto-HP [0;35m [0;33m~/Documents/ONP/Oficina Nacional de Estadística/Página/Cifras/Estudia[0Kn
tes/G_Matriculados[0;36m (master)[0m[0K
$[0K[3G[?25h[?25l$ g[0K[?25hi[0Kt[0K[7G[?25l$ git a[0K[?25hd[0Kd[0K[11G[?25l$ git add .[0K[?25h[?25l
[0K[?25h