
 create mode 100644 20181/Nal/Mpv/libraryjs/leaflet-binding-1.1.0/lib/leaflet-omnivore/i[0Kn
dex.js[0K
 create mode 100644 20181/Nal/Mpv/libraryjs/leaflet-binding-1.1.0/lib/leaflet-omnivore/l[0Ke
aflet-omnivore.js[0K
 create mode 100644 20181/Nal/Mpv/libraryjs/leaflet-binding-1.1.0/lib/leaflet-omnivore/l[0Ke
aflet-omnivore.min.js[0K
 create mode 100644 20181/Nal/Mpv/libraryjs/leaflet-binding-1.1.0/lib/leaflet-omnivore/p[0Ka
ckage.json[0K
 create mode 100644 20181/Nal/Mpv/libraryjs/leaflet-binding-1.1.0/lib/leaflet-providers/[0KC
ONTRIBUTING.md[0K
 create mode 100644 20181/Nal/Mpv/libraryjs/leaflet-binding-1.1.0/lib/leaflet-providers/[0KR
EADME.md[0K
 create mode 100644 20181/Nal/Mpv/libraryjs/leaflet-binding-1.1.0/lib/leaflet-providers/[0Kb
ower.json[0K
 create mode 100644 20181/Nal/Mpv/libraryjs/leaflet-binding-1.1.0/lib/leaflet-providers/[0Kc
ss/gh-fork-ribbon.css[0K
 create mode 100644 20181/Nal/Mpv/libraryjs/leaflet-binding-1.1.0/lib/leaflet-providers/[0Kc
ss/gh-fork-ribbon.ie.css[0K
 create mode 100644 20181/Nal/Mpv/libraryjs/leaflet-binding-1.1.0/lib/leaflet-providers/[0Kl
eaflet-providers.js[0K
 create mode 100644 20181/Nal/Mpv/libraryjs/leaflet-binding-1.1.0/lib/leaflet-providers/[0Kl
icense.md[0K
 create mode 100644 20181/Nal/Mpv/libraryjs/leaflet-binding-1.1.0/lib/leaflet-providers/[0Kp
ackage.json[0K
 create mode 100644 20181/Nal/Mpv/libraryjs/leaflet-binding-1.1.0/lib/leaflet-providers/[0Kp
roviders.json[0K
 create mode 100644 20181/Nal/Mpv/libraryjs/leaflet-binding-1.1.0/lib/leaflet/images/1px[0K.
png[0K
 create mode 100644 20181/Nal/Mpv/libraryjs/leaflet-binding-1.1.0/lib/leaflet/images/lay[0Ke
rs-2x.png[0K
 create mode 100644 20181/Nal/Mpv/libraryjs/leaflet-binding-1.1.0/lib/leaflet/images/lay[0Ke
rs.png[0K
 create mode 100644 20181/Nal/Mpv/libraryjs/leaflet-binding-1.1.0/lib/leaflet/images/mar[0Kk
er-icon-2x.png[0K
 create mode 100644 20181/Nal/Mpv/libraryjs/leaflet-binding-1.1.0/lib/leaflet/images/mar[0Kk
er-icon.png[0K
 create mode 100644 20181/Nal/Mpv/libraryjs/leaflet-binding-1.1.0/lib/leaflet/images/mar[0Kk
er-shadow.png[0K
 create mode 100644 20181/Nal/Mpv/libraryjs/leaflet-binding-1.1.0/lib/leaflet/leaflet-sr[0Kc
.js[0K
 create mode 100644 20181/Nal/Mpv/libraryjs/leaflet-binding-1.1.0/lib/leaflet/leaflet.cs[0Ks
[0K
 create mode 100644 20181/Nal/Mpv/libraryjs/leaflet-binding-1.1.0/lib/leaflet/leaflet.js[0K
 create mode 100644 20181/Nal/Mpv/libraryjs/leaflet-binding-1.1.0/lib/leafletfix/leaflet[0Kf
ix.css[0K
 create mode 100644 20181/Nal/Mpv/libraryjs/leaflet-binding-1.1.0/plugins/Leaflet-MiniMa[0Kp
/Control.MiniMap.css[0K
 create mode 100644 20181/Nal/Mpv/libraryjs/leaflet-binding-1.1.0/plugins/Leaflet-MiniMa[0Kp
/Control.MiniMap.js[0K
 create mode 100644 20181/Nal/Mpv/libraryjs/leaflet-binding-1.1.0/plugins/Leaflet-MiniMa[0Kp
/Control.MiniMap.min.css[0K
 create mode 100644 20181/Nal/Mpv/libraryjs/leaflet-binding-1.1.0/plugins/Leaflet-MiniMa[0Kp
/Control.MiniMap.min.js[0K
 create mode 100644 20181/Nal/Mpv/libraryjs/leaflet-binding-1.1.0/plugins/Leaflet-MiniMa[0Kp
/Minimap-binding.js[0K
 create mode 100644 20181/Nal/Mpv/libraryjs/leaflet-binding-1.1.0/plugins/Leaflet-MiniMa[0Kp
/images/toggle.png[0K
 create mode 100644 20181/Nal/Mpv/libraryjs/leaflet-binding-1.1.0/plugins/Leaflet-MiniMa[0Kp
/images/toggle.svg[0K
 create mode 100644 20181/Nal/Mpv/libraryjs/leaflet-binding-1.1.0/plugins/Leaflet.EasyBu[0Kt
ton/EasyButton-binding.js[0K
 create mode 100644 20181/Nal/Mpv/libraryjs/leaflet-binding-1.1.0/plugins/Leaflet.EasyBu[0Kt
ton/LICENSE[0K
 create mode 100644 20181/Nal/Mpv/libraryjs/leaflet-binding-1.1.0/plugins/Leaflet.EasyBu[0Kt
ton/easy-button.css[0K
 create mode 100644 20181/Nal/Mpv/libraryjs/leaflet-binding-1.1.0/plugins/Leaflet.EasyBu[0Kt
ton/easy-button.js[0K
 create mode 100644 20181/Nal/Mpv/libraryjs/leaflet-binding-1.1.0/plugins/Leaflet.Gratic[0Ku
le/Graticule-binding.js[0K
 create mode 100644 20181/Nal/Mpv/libraryjs/leaflet-binding-1.1.0/plugins/Leaflet.Gratic[0Ku
le/L.Graticule.js[0K
 create mode 100644 20181/Nal/Mpv/libraryjs/leaflet-binding-1.1.0/plugins/Leaflet.Simple[0KG
raticule/L.SimpleGraticule.css[0K
 create mode 100644 20181/Nal/Mpv/libraryjs/leaflet-binding-1.1.0/plugins/Leaflet.Simple[0KG
raticule/L.SimpleGraticule.js[0K
 create mode 100644 20181/Nal/Mpv/libraryjs/leaflet-binding-1.1.0/plugins/Leaflet.Simple[0KG
raticule/SimpleGraticule-binding.js[0K
 create mode 100644 20181/Nal/Mpv/libraryjs/leaflet-binding-1.1.0/plugins/Leaflet.Termin[0Ka
tor/L.Terminator.js[0K
 create mode 100644 20181/Nal/Mpv/libraryjs/leaflet-binding-1.1.0/plugins/Leaflet.Termin[0Ka
tor/Terminator-binding.js[0K
 create mode 100644 20181/Nal/Mpv/libraryjs/leaflet-binding-1.1.0/plugins/Leaflet.awesom[0Ke
-markers/bootstrap-theme.min.css[0K
 create mode 100644 20181/Nal/Mpv/libraryjs/leaflet-binding-1.1.0/plugins/Leaflet.awesom[0Ke
-markers/bootstrap.min.css[0K
 create mode 100644 20181/Nal/Mpv/libraryjs/leaflet-binding-1.1.0/plugins/Leaflet.awesom[0Ke
-markers/bootstrap.min.js[0K
 create mode 100644 20181/Nal/Mpv/libraryjs/leaflet-binding-1.1.0/plugins/Leaflet.awesom[0Ke
-markers/font-awesome.min.css[0K
 create mode 100644 20181/Nal/Mpv/libraryjs/leaflet-binding-1.1.0/plugins/Leaflet.awesom[0Ke
-markers/fonts/FontAwesome.otf[0K
 create mode 100644 20181/Nal/Mpv/libraryjs/leaflet-binding-1.1.0/plugins/Leaflet.awesom[0Ke
-markers/fonts/fontawesome-webfont.eot[0K
 create mode 100644 20181/Nal/Mpv/libraryjs/leaflet-binding-1.1.0/plugins/Leaflet.awesom[0Ke
-markers/fonts/fontawesome-webfont.svg[0K
 create mode 100644 20181/Nal/Mpv/libraryjs/leaflet-binding-1.1.0/plugins/Leaflet.awesom[0Ke
-markers/fonts/fontawesome-webfont.ttf[0K
 create mode 100644 20181/Nal/Mpv/libraryjs/leaflet-binding-1.1.0/plugins/Leaflet.awesom[0Ke
-markers/fonts/fontawesome-webfont.woff[0K
 create mode 100644 20181/Nal/Mpv/libraryjs/leaflet-binding-1.1.0/plugins/Leaflet.awesom[0Ke
-markers/fonts/glyphicons-halflings-regular.eot[0K
 create mode 100644 20181/Nal/Mpv/libraryjs/leaflet-binding-1.1.0/plugins/Leaflet.awesom[0Ke
-markers/fonts/glyphicons-halflings-regular.svg[0K
 create mode 100644 20181/Nal/Mpv/libraryjs/leaflet-binding-1.1.0/plugins/Leaflet.awesom[0Ke
-markers/fonts/glyphicons-halflings-regular.ttf[0K
 create mode 100644 20181/Nal/Mpv/libraryjs/leaflet-binding-1.1.0/plugins/Leaflet.awesom[0Ke
-markers/fonts/glyphicons-halflings-regular.woff[0K
 create mode 100644 20181/Nal/Mpv/libraryjs/leaflet-binding-1.1.0/plugins/Leaflet.awesom[0Ke
-markers/fonts/ionicons.eot[0K
 create mode 100644 20181/Nal/Mpv/libraryjs/leaflet-binding-1.1.0/plugins/Leaflet.awesom[0Ke
-markers/fonts/ionicons.svg[0K
 create mode 100644 20181/Nal/Mpv/libraryjs/leaflet-binding-1.1.0/plugins/Leaflet.awesom[0Ke
-markers/fonts/ionicons.ttf[0K
 create mode 100644 20181/Nal/Mpv/libraryjs/leaflet-binding-1.1.0/plugins/Leaflet.awesom[0Ke
-markers/fonts/ionicons.woff[0K
 create mode 100644 20181/Nal/Mpv/libraryjs/leaflet-binding-1.1.0/plugins/Leaflet.awesom[0Ke
-markers/images/markers-matte.png[0K
 create mode 100644 20181/Nal/Mpv/libraryjs/leaflet-binding-1.1.0/plugins/Leaflet.awesom[0Ke
-markers/images/markers-matte@2x.png[0K
 create mode 100644 20181/Nal/Mpv/libraryjs/leaflet-binding-1.1.0/plugins/Leaflet.awesom[0Ke
-markers/images/markers-plain.png[0K
 create mode 100644 20181/Nal/Mpv/libraryjs/leaflet-binding-1.1.0/plugins/Leaflet.awesom[0Ke
-markers/images/markers-shadow.png[0K
 create mode 100644 20181/Nal/Mpv/libraryjs/leaflet-binding-1.1.0/plugins/Leaflet.awesom[0Ke
-markers/images/markers-shadow@2x.png[0K
 create mode 100644 20181/Nal/Mpv/libraryjs/leaflet-binding-1.1.0/plugins/Leaflet.awesom[0Ke
-markers/images/markers-soft.png[0K
 create mode 100644 20181/Nal/Mpv/libraryjs/leaflet-binding-1.1.0/plugins/Leaflet.awesom[0Ke
-markers/images/markers-soft@2x.png[0K
 create mode 100644 20181/Nal/Mpv/libraryjs/leaflet-binding-1.1.0/plugins/Leaflet.awesom[0Ke
-markers/ionicons.min.css[0K
 create mode 100644 20181/Nal/Mpv/libraryjs/leaflet-binding-1.1.0/plugins/Leaflet.awesom[0Ke
-markers/leaflet.awesome-markers.css[0K
 create mode 100644 20181/Nal/Mpv/libraryjs/leaflet-binding-1.1.0/plugins/Leaflet.awesom[0Ke
-markers/leaflet.awesome-markers.js[0K
 create mode 100644 20181/Nal/Mpv/libraryjs/leaflet-binding-1.1.0/plugins/Leaflet.awesom[0Ke
-markers/leaflet.awesome-markers.min.js[0K
 create mode 100644 20181/Nal/Mpv/libraryjs/leaflet-binding-1.1.0/plugins/Leaflet.marker[0Kc
luster/MIT-LICENCE.txt[0K
 create mode 100644 20181/Nal/Mpv/libraryjs/leaflet-binding-1.1.0/plugins/Leaflet.marker[0Kc
luster/MarkerCluster.Default.css[0K
 create mode 100644 20181/Nal/Mpv/libraryjs/leaflet-binding-1.1.0/plugins/Leaflet.marker[0Kc
luster/MarkerCluster.css[0K
 create mode 100644 20181/Nal/Mpv/libraryjs/leaflet-binding-1.1.0/plugins/Leaflet.marker[0Kc
luster/leaflet.markercluster-src.js[0K
 create mode 100644 20181/Nal/Mpv/libraryjs/leaflet-binding-1.1.0/plugins/Leaflet.marker[0Kc
luster/leaflet.markercluster.freezable-src.js[0K
 create mode 100644 20181/Nal/Mpv/libraryjs/leaflet-binding-1.1.0/plugins/Leaflet.marker[0Kc
luster/leaflet.markercluster.js[0K
 create mode 100644 20181/Nal/Mpv/libraryjs/leaflet-binding-1.1.0/plugins/Leaflet.marker[0Kc
luster/leaflet.markercluster.layersupport-src.js[0K
 create mode 100644 20181/Nal/Mpv/libraryjs/leaflet-binding-1.1.0/plugins/Proj4Leaflet/p[0Kr
oj4-compressed.js[0K
 create mode 100644 20181/Nal/Mpv/libraryjs/leaflet-binding-1.1.0/plugins/Proj4Leaflet/p[0Kr
oj4.js[0K
 create mode 100644 20181/Nal/Mpv/libraryjs/leaflet-binding-1.1.0/plugins/Proj4Leaflet/p[0Kr
oj4leaflet.js[0K
 create mode 100644 20181/Nal/Mpv/libraryjs/leaflet-binding-1.1.0/plugins/leaflet-locati[0Ko
nfilter/img/filter-icon.png[0K
 create mode 100644 20181/Nal/Mpv/libraryjs/leaflet-binding-1.1.0/plugins/leaflet-locati[0Ko
nfilter/img/move-handle.png[0K
 create mode 100644 20181/Nal/Mpv/libraryjs/leaflet-binding-1.1.0/plugins/leaflet-locati[0Ko
nfilter/img/resize-handle.png[0K
 create mode 100644 20181/Nal/Mpv/libraryjs/leaflet-binding-1.1.0/plugins/leaflet-locati[0Ko
nfilter/locationfilter-bindings.js[0K
 create mode 100644 20181/Nal/Mpv/libraryjs/leaflet-binding-1.1.0/plugins/leaflet-locati[0Ko
nfilter/locationfilter.css[0K
 create mode 100644 20181/Nal/Mpv/libraryjs/leaflet-binding-1.1.0/plugins/leaflet-locati[0Ko
nfilter/locationfilter.js[0K
 create mode 100644 20181/Nal/Mpv/libraryjs/leaflet-binding-1.1.0/plugins/leaflet-provid[0Ke
rs-plugin/leaflet-providers-plugin.js[0K
 create mode 100644 20181/Nal/Mpv/libraryjs/leaflet-easybutton-1.3.1/EasyButton-binding.[0Kj
s[0K
 create mode 100644 20181/Nal/Mpv/libraryjs/leaflet-easybutton-1.3.1/LICENSE[0K
 create mode 100644 20181/Nal/Mpv/libraryjs/leaflet-easybutton-1.3.1/easy-button.css[0K
 create mode 100644 20181/Nal/Mpv/libraryjs/leaflet-easybutton-1.3.1/easy-button.js[0K
 create mode 100644 20181/Nal/Mpv/libraryjs/leaflet-label-0.2.2/images/death.png[0K
 create mode 100644 20181/Nal/Mpv/libraryjs/leaflet-label-0.2.2/leaflet.label-src.js[0K
 create mode 100644 20181/Nal/Mpv/libraryjs/leaflet-label-0.2.2/leaflet.label.css[0K
 create mode 100644 20181/Nal/Mpv/libraryjs/leaflet-label-0.2.2/leaflet.label.js[0K
 create mode 100644 20181/Nal/Mpv/libraryjs/leaflet-minimap-3.3.1/Control.MiniMap.css[0K
 create mode 100644 20181/Nal/Mpv/libraryjs/leaflet-minimap-3.3.1/Control.MiniMap.js[0K
 create mode 100644 20181/Nal/Mpv/libraryjs/leaflet-minimap-3.3.1/Control.MiniMap.min.cs[0Ks
[0K
 create mode 100644 20181/Nal/Mpv/libraryjs/leaflet-minimap-3.3.1/Control.MiniMap.min.js[0K
 create mode 100644 20181/Nal/Mpv/libraryjs/leaflet-minimap-3.3.1/Minimap-binding.js[0K
 create mode 100644 20181/Nal/Mpv/libraryjs/leaflet-minimap-3.3.1/images/toggle.png[0K
 create mode 100644 20181/Nal/Mpv/libraryjs/leaflet-minimap-3.3.1/images/toggle.svg[0K
 create mode 100644 20181/Nal/Mpv/libraryjs/leaflet-providers-1.0.27/CONTRIBUTING.md[0K
 create mode 100644 20181/Nal/Mpv/libraryjs/leaflet-providers-1.0.27/README.md[0K
 create mode 100644 20181/Nal/Mpv/libraryjs/leaflet-providers-1.0.27/bower.json[0K
 create mode 100644 20181/Nal/Mpv/libraryjs/leaflet-providers-1.0.27/css/gh-fork-ribbon.[0Kc
ss[0K
 create mode 100644 20181/Nal/Mpv/libraryjs/leaflet-providers-1.0.27/css/gh-fork-ribbon.[0Ki
e.css[0K
 create mode 100644 20181/Nal/Mpv/libraryjs/leaflet-providers-1.0.27/leaflet-providers.j[0Ks
[0K
 create mode 100644 20181/Nal/Mpv/libraryjs/leaflet-providers-1.0.27/license.md[0K
 create mode 100644 20181/Nal/Mpv/libraryjs/leaflet-providers-1.0.27/package.json[0K
 create mode 100644 20181/Nal/Mpv/libraryjs/leaflet-providers-1.0.27/providers.json[0K
 create mode 100644 20181/Nal/Mpv/libraryjs/leaflet-providers-plugin-1.1.0/leaflet-provi[0Kd
ers-plugin.js[0K
 create mode 100644 20181/Nal/Mpv/libraryjs/leafletfix-1.0.0/leafletfix.css[0K
 create mode 100644 20181/Nal/Mpv/libraryjs/nouislider-7.0.10/jquery.nouislider.min.css[0K
 create mode 100644 20181/Nal/Mpv/libraryjs/nouislider-7.0.10/jquery.nouislider.min.js[0K
 create mode 100644 20181/Nal/Mpv/libraryjs/pdfmake-1.10.16/pdfmake.min.js[0K
 create mode 100644 20181/Nal/Mpv/libraryjs/pdfmake-1.10.16/vfs_fonts.js[0K
 create mode 100644 20181/Nal/Mpv/libraryjs/proj4js-2.3.15/proj4.js[0K
 create mode 100644 20181/Nal/Mpv/libraryjs/selectize-0.12.0/selectize.bootstrap3.css[0K
 create mode 100644 20181/Nal/Mpv/libraryjs/selectize-0.12.0/selectize.min.js[0K
[0K[?25h[?25l
[0;32mAlberto@Alberto-HP [0;35m [0;33m~/Documents/ONP/Oficina Nacional de Estadística/Página/Cifras/Estudi[0Ka
ntes/G_Matriculados[0;36m (master)[0m[0K
$[0K[3G[?25h[?25l$ g[0K[?25hi[0Kt[0K[7G[?25l$ git p[0K[?25hu[0Ks[0Kh[0K[12G[?25l$ git push o[0K[?25hr[0Ki[0Kg[0Ki[0Kn[0K[19G[?25l$ git push origin m[0K[?25ha[0Ks[0Kt[0Ke[0Kr[0K[?25l
[0K[?25herror: cannot spawn sh: No such file or directory[0K[?25l
error: cannot spawn rpostback-askpass: No such file or directory[0K
[0K[?25hUsername for 'https://github.com':[0K[36G[?25lUsername for 'https://github.com': e[0K[?25hs[0Kt[0Ka[0Kd[0Ki[0Ks[0Kt[0Ki[0Kc[0Ka[0Ku[0Kn[0K[?25l
error: cannot spawn rpostback-askpass: No such file or directory[0K
Password for 'https://estadisticaun@github.com':[0K[50G[?25h[?25l
[0K[?25herror: cannot spawn sh: No such file or directory[0K[?25l
[0K[?25hCounting objects: 40, done.[0K[?25l
Delta compression using up to 8 threads.[0K
Compressing objects:  28% (11/39)[0K[1G[?25h[?25lCompressing objects:  41% (16/39)[0K[1G[?25h[?25lCompressing objects:  43% (17/39)[0K[1G[?25h[?25lCompressing objects:  92% (36/39)[0K[1G[?25hCompressing objects: 100% (39/39), done.[0K[?25l
Writing objects:  55% (22/40)[0K[1G[?25h[?25lWriting objects:  55% (22/40), 984.00 KiB | 875.00 KiB/s[0K[1G[?25h[?25lWriting objects:  60% (24/40), 984.00 KiB | 875.00 KiB/s[0K[1G[?25h[?25lWriting objects:  60% (24/40), 3.39 MiB | 1.44 MiB/s   s[0K[1G[?25h[?25lWriting objects:  65% (26/40), 3.39 MiB | 1.44 MiB/s   s[0K[1G[?25h[?25lWriting objects:  70% (28/40), 3.39 MiB | 1.44 MiB/s   s[0K[1G[?25h[?25lWriting objects:  70% (28/40), 4.54 MiB | 1.47 MiB/s   s[0K[1G[?25hWriting objects: 100% (40/40), 6.33 MiB | 1.71 MiB/s, done.[0K[?25l
Total 40 (delta 24), reused 0 (delta 0)[0K
[0K[?25h[?25lremote: Resolving deltas:  41% (10/24)[0K[1G[?25h[?25lremote: Resolving deltas:  45% (11/24)[0K[1G[?25h[?25lremote: Resolving deltas:  54% (13/24)[0K[1G[?25hremote: Resolving deltas: 100% (24/24), completed with 6 local objects.[0K[?25l
[0K[?25hremote:[0K[?25l
remote: GitHub found 1 vulnerability on estadisticaun/G_Matriculados's default branch (1[0K
moderate). To find out more, visit:[0K
remote:      https://github.com/estadisticaun/G_Matriculados/network/alerts[0K
remote:[0K
To https://github.com/estadisticaun/G_Matriculados.git[0K
   345c5e8..6f0f7b3  master -> master[0K
[0K[?25h[?25l
[0;32mAlberto@Alberto-HP [0;35m [0;33m~/Documents/ONP/Oficina Nacional de Estadística/Página/Cifras/Estudi[0Ka
ntes/G_Matriculados[0;36m (master)[0m[0K
$[0K[3G[?25h[0m[0Kbash: cut: command not found[0K[?25l
]0;:/c/Users/Alberto/Documents/ONP/Oficina Nacional de Estadística/Página/Cifras/Estudiantes/G_Matriculados[?25l
[0;32mAlberto@Alberto-HP [0;35m [0;33m~/Documents/ONP/Oficina Nacional de Estadística/Página/Cifras/Estudian[0Kt
es/G_Matriculados[0;36m (master)[0m[0K
$[0K[3G[?25h[?25l$ g[0K[?25hi[0Kt[0K[7G[?25l$ git s[0K[?25ht[0Kat[0Ku[0Ks[0K[?25l
[0K[?25hOn branch master[0K[?25l
Your branch is up-to-date with 'origin/master'.[0K
[0K
Changes not staged for commit:[0K
  (use "git add/rm <file>..." to update what will be committed)[0K
  (use "git checkout -- <file>..." to discard changes in working directory)[0K
[0K
        [0;31mmodified:   .Rproj.user/B994EF53/console06/4149BEF0[0m[0K
        [0;31mmodified:   .Rproj.user/B994EF53/console06/INDEX001[0m[0K
        [0;31mmodified:   .Rproj.user/B994EF53/pcs/files-pane.pper[0m[0K
        [0;31mdeleted:    .Rproj.user/B994EF53/sources/s-AA88D685/2C6F819F[0m[0K
        [0;31mdeleted:    .Rproj.user/B994EF53/sources/s-AA88D685/2C6F819F-contents[0m[0K
        [0;31mdeleted:    .Rproj.user/B994EF53/sources/s-AA88D685/lock_file[0m[0K
[0K
Untracked files:[0K
  (use "git add <file>..." to include in what will be committed)[0K
[0K
        [0;31m.Rproj.user/B994EF53/sources/s-AC445E3B/[0m[0K
        [0;31mConsultas/[0m[0K
[0K
no changes added to commit (use "git add" and/or "git commit -a")[0K
[0K[?25h[?25l
[0;32mAlberto@Alberto-HP [0;35m [0;33m~/Documents/ONP/Oficina Nacional de Estadística/Página/Cifras/Estudian[0Kt
es/G_Matriculados[0;36m (master)[0m[0K
$[0K[3G[?25h[?25l$ g[0K[?25hi[0Kt[0K[7G[?25l$ git a[0K[?25hd[0Kd[0K[11G[?25l$ git add .[0K[?25h[?25l
[0K[?25hwarning: LF will be replaced by CRLF in .Rproj.user/B994EF53/pcs/files-pane.pper.[0K[?25l
The file will have its original line endings in your working directory.[0K
[0K[?25hwarning: LF will be replaced by CRLF in .Rproj.user/B994EF53/sources/s-AC445E3B/2C6F819F.[0K[?25l
The file will have its original line endings in your working directory.[0K
[0K[?25hwarning: LF will be replaced by CRLF in Consultas/libraryjs/Proj4Leaflet-0.7.2/proj4-compr[0Ke[?25l
ssed.js.[0K
The file will have its original line endings in your working directory.[0K
[0K[?25hwarning: LF will be replaced by CRLF in Consultas/libraryjs/Proj4Leaflet-0.7.2/proj4.js.[0K[?25l
The file will have its original line endings in your working directory.[0K
[0K[?25hwarning: LF will be replaced by CRLF in Consultas/libraryjs/bootstrap-3.3.7/bootstrap-them[0Ke[?25l
.min.css.[0K
The file will have its original line endings in your working directory.[0K
[0K[?25hwarning: LF will be replaced by CRLF in Consultas/libraryjs/bootstrap-3.3.7/bootstrap.min.[0Kc[?25l
ss.[0K
The file will have its original line endings in your working directory.[0K
[0K[?25hwarning: LF will be replaced by CRLF in Consultas/libraryjs/bootstrap-3.3.7/bootstrap.min.[0Kj[?25l
s.[0K
The file will have its original line endings in your working directory.[0K
[0K[?25hwarning: LF will be replaced by CRLF in Consultas/libraryjs/bootstrap-3.3.7/font-awesome.m[0Ki[?25l
n.css.[0K
The file will have its original line endings in your working directory.[0K
[0K[?25hwarning: LF will be replaced by CRLF in Consultas/libraryjs/bootstrap-3.3.7/fonts/fontawes[0Ko[?25l
me-webfont.svg.[0K
The file will have its original line endings in your working directory.[0K
[0K[?25hwarning: LF will be replaced by CRLF in Consultas/libraryjs/bootstrap-3.3.7/fonts/glyphico[0Kn[?25l
s-halflings-regular.svg.[0K
The file will have its original line endings in your working directory.[0K
[0K[?25hwarning: LF will be replaced by CRLF in Consultas/libraryjs/bootstrap-3.3.7/fonts/ionicons[0K.[?25l
svg.[0K
The file will have its original line endings in your working directory.[0K
[0K[?25hwarning: LF will be replaced by CRLF in Consultas/libraryjs/bootstrap-3.3.7/ionicons.min.c[0Ks[?25l
s.[0K
The file will have its original line endings in your working directory.[0K
[0K[?25hwarning: LF will be replaced by CRLF in Consultas/libraryjs/bootstrap-3.3.7/leaflet.awesom[0Ke[?25l
-markers.css.[0K
The file will have its original line endings in your working directory.[0K
[0K[?25hwarning: LF will be replaced by CRLF in Consultas/libraryjs/bootstrap-3.3.7/leaflet.awesom[0Ke[?25l
-markers.js.[0K
The file will have its original line endings in your working directory.[0K
[0K[?25hwarning: LF will be replaced by CRLF in Consultas/libraryjs/bootstrap-3.3.7/leaflet.awesom[0Ke[?25l
-markers.min.js.[0K
The file will have its original line endings in your working directory.[0K
[0K[?25hwarning: LF will be replaced by CRLF in Consultas/libraryjs/htmlwidgets-1.2/htmlwidgets.js[0K.[?25l
[0K
The file will have its original line endings in your working directory.[0K
[0K[?25hwarning: LF will be replaced by CRLF in Consultas/libraryjs/jquery-1.12.4/jquery.js.[0K[?25l
The file will have its original line endings in your working directory.[0K
[0K[?25hwarning: LF will be replaced by CRLF in Consultas/libraryjs/jquery-1.12.4/jquery.min.js.[0K[?25l
The file will have its original line endings in your working directory.[0K
[0K[?25hwarning: LF will be replaced by CRLF in Consultas/libraryjs/leaflet-0.7.7/leaflet-src.js.[0K[?25l
The file will have its original line endings in your working directory.[0K
[0K[?25hwarning: LF will be replaced by CRLF in Consultas/libraryjs/leaflet-0.7.7/leaflet.js.[0K[?25l
The file will have its original line endings in your working directory.[0K
warning: LF will be replaced by CRLF in Consultas/libraryjs/leaflet-awesomemarkers-2.0.3/b[0Ko
otstrap-theme.min.css.[0K
The file will have its original line endings in your working directory.[0K
warning: LF will be replaced by CRLF in Consultas/libraryjs/leaflet-awesomemarkers-2.0.3/b[0Ko
otstrap.min.css.[0K
The file will have its original line endings in your working directory.[0K
warning: LF will be replaced by CRLF in Consultas/libraryjs/leaflet-awesomemarkers-2.0.3/b[0Ko
otstrap.min.js.[0K
The file will have its original line endings in your working directory.[0K
warning: LF will be replaced by CRLF in Consultas/libraryjs/leaflet-awesomemarkers-2.0.3/f[0Ko
nt-awesome.min.css.[0K
The file will have its original line endings in your working directory.[0K
warning: LF will be replaced by CRLF in Consultas/libraryjs/leaflet-awesomemarkers-2.0.3/f[0Ko
nts/fontawesome-webfont.svg.[0K
The file will have its original line endings in your working directory.[0K
[0K[?25hwarning: LF will be replaced by CRLF in Consultas/libraryjs/leaflet-awesomemarkers-2.0.3/f[0Ko[?25l
nts/glyphicons-halflings-regular.svg.[0K
The file will have its original line endings in your working directory.[0K
warning: LF will be replaced by CRLF in Consultas/libraryjs/leaflet-awesomemarkers-2.0.3/f[0Ko
nts/ionicons.svg.[0K
The file will have its original line endings in your working directory.[0K
warning: LF will be replaced by CRLF in Consultas/libraryjs/leaflet-awesomemarkers-2.0.3/i[0Ko
nicons.min.css.[0K
The file will have its original line endings in your working directory.[0K
warning: LF will be replaced by CRLF in Consultas/libraryjs/leaflet-awesomemarkers-2.0.3/l[0Ke
aflet.awesome-markers.css.[0K
The file will have its original line endings in your working directory.[0K
warning: LF will be replaced by CRLF in Consultas/libraryjs/leaflet-awesomemarkers-2.0.3/l[0Ke
aflet.awesome-markers.js.[0K
The file will have its original line endings in your working directory.[0K
warning: LF will be replaced by CRLF in Consultas/libraryjs/leaflet-awesomemarkers-2.0.3/l[0Ke
aflet.awesome-markers.min.js.[0K
The file will have its original line endings in your working directory.[0K
warning: LF will be replaced by CRLF in Consultas/libraryjs/leaflet-binding-1.1.0/leaflet.[0Kj
s.[0K
The file will have its original line endings in your working directory.[0K
[0K[?25hwarning: LF will be replaced by CRLF in Consultas/libraryjs/leaflet-binding-1.1.0/leaflet.[0Ky[?25l
aml.[0K
The file will have its original line endings in your working directory.[0K
[0K[?25hwarning: LF will be replaced by CRLF in Consultas/libraryjs/leaflet-binding-1.1.0/lib/Leaf[0Kl[?25l
et.label/leaflet.label-src.js.[0K
The file will have its original line endings in your working directory.[0K
[0K[?25hwarning: LF will be replaced by CRLF in Consultas/libraryjs/leaflet-binding-1.1.0/lib/Leaf[0Kl[?25l
et.label/leaflet.label.css.[0K
The file will have its original line endings in your working directory.[0K
[0K[?25hwarning: LF will be replaced by CRLF in Consultas/libraryjs/leaflet-binding-1.1.0/lib/Leaf[0Kl[?25l
et.label/leaflet.label.js.[0K
The file will have its original line endings in your working directory.[0K
[0K[?25hwarning: LF will be replaced by CRLF in Consultas/libraryjs/leaflet-binding-1.1.0/lib/jque[0Kr[?25l
y/jquery.js.[0K
The file will have its original line endings in your working directory.[0K
warning: LF will be replaced by CRLF in Consultas/libraryjs/leaflet-binding-1.1.0/lib/jque[0Kr
y/jquery.min.js.[0K
The file will have its original line endings in your working directory.[0K
[0K[?25hwarning: LF will be replaced by CRLF in Consultas/libraryjs/leaflet-binding-1.1.0/lib/leaf[0Kl[?25l
et-measure/leaflet-measure.css.[0K
The file will have its original line endings in your working directory.[0K
[0K[?25hwarning: LF will be replaced by CRLF in Consultas/libraryjs/leaflet-binding-1.1.0/lib/leaf[0Kl[?25l
et-measure/leaflet-measure.js.[0K
The file will have its original line endings in your working directory.[0K
[0K[?25hwarning: LF will be replaced by CRLF in Consultas/libraryjs/leaflet-binding-1.1.0/lib/leaf[0Kl[?25l
et-measure/leaflet-measure.min.js.[0K
The file will have its original line endings in your working directory.[0K
warning: LF will be replaced by CRLF in Consultas/libraryjs/leaflet-binding-1.1.0/lib/leaf[0Kl
et-omnivore/index.js.[0K
The file will have its original line endings in your working directory.[0K
[0K[?25hwarning: LF will be replaced by CRLF in Consultas/libraryjs/leaflet-binding-1.1.0/lib/leaf[0Kl[?25l
et-omnivore/leaflet-omnivore.js.[0K
The file will have its original line endings in your working directory.[0K
[0K[?25hwarning: LF will be replaced by CRLF in Consultas/libraryjs/leaflet-binding-1.1.0/lib/leaf[0Kl[?25l
et-omnivore/leaflet-omnivore.min.js.[0K
The file will have its original line endings in your working directory.[0K
[0K[?25hwarning: LF will be replaced by CRLF in Consultas/libraryjs/leaflet-binding-1.1.0/lib/leaf[0Kl[?25l
et-omnivore/package.json.[0K
The file will have its original line endings in your working directory.[0K
[0K[?25hwarning: LF will be replaced by CRLF in Consultas/libraryjs/leaflet-binding-1.1.0/lib/leaf[0Kl[?25l
et-providers/CONTRIBUTING.md.[0K
The file will have its original line endings in your working directory.[0K
[0K[?25hwarning: LF will be replaced by CRLF in Consultas/libraryjs/leaflet-binding-1.1.0/lib/leaf[0Kl[?25l
et-providers/README.md.[0K
The file will have its original line endings in your working directory.[0K
[0K[?25hwarning: LF will be replaced by CRLF in Consultas/libraryjs/leaflet-binding-1.1.0/lib/leaf[0Kl[?25l
et-providers/bower.json.[0K
The file will have its original line endings in your working directory.[0K
[0K[?25hwarning: LF will be replaced by CRLF in Consultas/libraryjs/leaflet-binding-1.1.0/lib/leaf[0Kl[?25l
et-providers/leaflet-providers.js.[0K
The file will have its original line endings in your working directory.[0K
[0K[?25hwarning: LF will be replaced by CRLF in Consultas/libraryjs/leaflet-binding-1.1.0/lib/leaf[0Kl[?25l
et-providers/license.md.[0K
The file will have its original line endings in your working directory.[0K
[0K[?25hwarning: LF will be replaced by CRLF in Consultas/libraryjs/leaflet-binding-1.1.0/lib/leaf[0Kl[?25l
et-providers/package.json.[0K
The file will have its original line endings in your working directory.[0K
[0K[?25hwarning: LF will be replaced by CRLF in Consultas/libraryjs/leaflet-binding-1.1.0/lib/leaf[0Kl[?25l
et-providers/providers.json.[0K
The file will have its original line endings in your working directory.[0K
warning: LF will be replaced by CRLF in Consultas/libraryjs/leaflet-binding-1.1.0/lib/leaf[0Kl
et/leaflet-src.js.[0K
The file will have its original line endings in your working directory.[0K
warning: LF will be replaced by CRLF in Consultas/libraryjs/leaflet-binding-1.1.0/lib/leaf[0Kl
et/leaflet.js.[0K
The file will have its original line endings in your working directory.[0K
warning: LF will be replaced by CRLF in Consultas/libraryjs/leaflet-binding-1.1.0/lib/leaf[0Kl
etfix/leafletfix.css.[0K
The file will have its original line endings in your working directory.[0K
[0K[?25hwarning: LF will be replaced by CRLF in Consultas/libraryjs/leaflet-binding-1.1.0/plugins/[0KL[?25l
eaflet-MiniMap/Control.MiniMap.css.[0K
The file will have its original line endings in your working directory.[0K
warning: LF will be replaced by CRLF in Consultas/libraryjs/leaflet-binding-1.1.0/plugins/[0KL
eaflet-MiniMap/Control.MiniMap.js.[0K
The file will have its original line endings in your working directory.[0K
[0K[?25hwarning: LF will be replaced by CRLF in Consultas/libraryjs/leaflet-binding-1.1.0/plugins/[0KL[?25l
eaflet-MiniMap/Minimap-binding.js.[0K
The file will have its original line endings in your working directory.[0K
[0K[?25hwarning: LF will be replaced by CRLF in Consultas/libraryjs/leaflet-binding-1.1.0/plugins/[0KL[?25l
eaflet.EasyButton/EasyButton-binding.js.[0K
The file will have its original line endings in your working directory.[0K
warning: LF will be replaced by CRLF in Consultas/libraryjs/leaflet-binding-1.1.0/plugins/[0KL
eaflet.EasyButton/LICENSE.[0K
The file will have its original line endings in your working directory.[0K
[0K[?25hwarning: LF will be replaced by CRLF in Consultas/libraryjs/leaflet-binding-1.1.0/plugins/[0KL[?25l
eaflet.EasyButton/easy-button.css.[0K
The file will have its original line endings in your working directory.[0K
warning: LF will be replaced by CRLF in Consultas/libraryjs/leaflet-binding-1.1.0/plugins/[0KL
eaflet.EasyButton/easy-button.js.[0K
The file will have its original line endings in your working directory.[0K
[0K[?25hwarning: LF will be replaced by CRLF in Consultas/libraryjs/leaflet-binding-1.1.0/plugins/[0KL[?25l
eaflet.Graticule/Graticule-binding.js.[0K
The file will have its original line endings in your working directory.[0K
warning: LF will be replaced by CRLF in Consultas/libraryjs/leaflet-binding-1.1.0/plugins/[0KL
eaflet.Graticule/L.Graticule.js.[0K
The file will have its original line endings in your working directory.[0K
[0K[?25hwarning: LF will be replaced by CRLF in Consultas/libraryjs/leaflet-binding-1.1.0/plugins/[0KL[?25l
eaflet.SimpleGraticule/L.SimpleGraticule.css.[0K
The file will have its original line endings in your working directory.[0K
warning: LF will be replaced by CRLF in Consultas/libraryjs/leaflet-binding-1.1.0/plugins/[0KL
eaflet.SimpleGraticule/L.SimpleGraticule.js.[0K
The file will have its original line endings in your working directory.[0K
[0K[?25hwarning: LF will be replaced by CRLF in Consultas/libraryjs/leaflet-binding-1.1.0/plugins/[0KL[?25l
eaflet.SimpleGraticule/SimpleGraticule-binding.js.[0K
The file will have its original line endings in your working directory.[0K
warning: LF will be replaced by CRLF in Consultas/libraryjs/leaflet-binding-1.1.0/plugins/[0KL
eaflet.Terminator/L.Terminator.js.[0K
The file will have its original line endings in your working directory.[0K
[0K[?25hwarning: LF will be replaced by CRLF in Consultas/libraryjs/leaflet-binding-1.1.0/plugins/[0KL[?25l
eaflet.Terminator/Terminator-binding.js.[0K
The file will have its original line endings in your working directory.[0K
warning: LF will be replaced by CRLF in Consultas/libraryjs/leaflet-binding-1.1.0/plugins/[0KL
eaflet.awesome-markers/bootstrap-theme.min.css.[0K
The file will have its original line endings in your working directory.[0K
warning: LF will be replaced by CRLF in Consultas/libraryjs/leaflet-binding-1.1.0/plugins/[0KL
eaflet.awesome-markers/bootstrap.min.css.[0K
The file will have its original line endings in your working directory.[0K
warning: LF will be replaced by CRLF in Consultas/libraryjs/leaflet-binding-1.1.0/plugins/[0KL
eaflet.awesome-markers/bootstrap.min.js.[0K
The file will have its original line endings in your working directory.[0K
warning: LF will be replaced by CRLF in Consultas/libraryjs/leaflet-binding-1.1.0/plugins/[0KL
eaflet.awesome-markers/font-awesome.min.css.[0K
The file will have its original line endings in your working directory.[0K
warning: LF will be replaced by CRLF in Consultas/libraryjs/leaflet-binding-1.1.0/plugins/[0KL
eaflet.awesome-markers/fonts/fontawesome-webfont.svg.[0K
The file will have its original line endings in your working directory.[0K
[0K[?25hwarning: LF will be replaced by CRLF in Consultas/libraryjs/leaflet-binding-1.1.0/plugins/[0KL[?25l
eaflet.awesome-markers/fonts/glyphicons-halflings-regular.svg.[0K
The file will have its original line endings in your working directory.[0K
warning: LF will be replaced by CRLF in Consultas/libraryjs/leaflet-binding-1.1.0/plugins/[0KL
eaflet.awesome-markers/fonts/ionicons.svg.[0K
The file will have its original line endings in your working directory.[0K
warning: LF will be replaced by CRLF in Consultas/libraryjs/leaflet-binding-1.1.0/plugins/[0KL
eaflet.awesome-markers/ionicons.min.css.[0K
The file will have its original line endings in your working directory.[0K
warning: LF will be replaced by CRLF in Consultas/libraryjs/leaflet-binding-1.1.0/plugins/[0KL
eaflet.awesome-markers/leaflet.awesome-markers.css.[0K
The file will have its original line endings in your working directory.[0K
warning: LF will be replaced by CRLF in Consultas/libraryjs/leaflet-binding-1.1.0/plugins/[0KL
eaflet.awesome-markers/leaflet.awesome-markers.js.[0K
The file will have its original line endings in your working directory.[0K
warning: LF will be replaced by CRLF in Consultas/libraryjs/leaflet-binding-1.1.0/plugins/[0KL
eaflet.awesome-markers/leaflet.awesome-markers.min.js.[0K
The file will have its original line endings in your working directory.[0K
warning: LF will be replaced by CRLF in Consultas/libraryjs/leaflet-binding-1.1.0/plugins/[0KL
eaflet.markercluster/MIT-LICENCE.txt.[0K
The file will have its original line endings in your working directory.[0K
[0K[?25hwarning: LF will be replaced by CRLF in Consultas/libraryjs/leaflet-binding-1.1.0/plugins/[0KL[?25l
eaflet.markercluster/MarkerCluster.Default.css.[0K
The file will have its original line endings in your working directory.[0K
warning: LF will be replaced by CRLF in Consultas/libraryjs/leaflet-binding-1.1.0/plugins/[0KL
eaflet.markercluster/MarkerCluster.css.[0K
The file will have its original line endings in your working directory.[0K
[0K[?25hwarning: LF will be replaced by CRLF in Consultas/libraryjs/leaflet-binding-1.1.0/plugins/[0KL[?25l
eaflet.markercluster/leaflet.markercluster-src.js.[0K
The file will have its original line endings in your working directory.[0K
[0K[?25hwarning: LF will be replaced by CRLF in Consultas/libraryjs/leaflet-binding-1.1.0/plugins/[0KL[?25l
eaflet.markercluster/leaflet.markercluster.freezable-src.js.[0K
The file will have its original line endings in your working directory.[0K
[0K[?25hwarning: LF will be replaced by CRLF in Consultas/libraryjs/leaflet-binding-1.1.0/plugins/[0KL[?25l
eaflet.markercluster/leaflet.markercluster.js.[0K
The file will have its original line endings in your working directory.[0K
[0K[?25hwarning: LF will be replaced by CRLF in Consultas/libraryjs/leaflet-binding-1.1.0/plugins/[0KL[?25l
eaflet.markercluster/leaflet.markercluster.layersupport-src.js.[0K
The file will have its original line endings in your working directory.[0K
[0K[?25hwarning: LF will be replaced by CRLF in Consultas/libraryjs/leaflet-binding-1.1.0/plugins/[0KP[?25l
roj4Leaflet/proj4-compressed.js.[0K
The file will have its original line endings in your working directory.[0K
warning: LF will be replaced by CRLF in Consultas/libraryjs/leaflet-binding-1.1.0/plugins/[0KP
roj4Leaflet/proj4.js.[0K
The file will have its original line endings in your working directory.[0K
[0K[?25hwarning: LF will be replaced by CRLF in Consultas/libraryjs/leaflet-binding-1.1.0/plugins/[0Kl[?25l
eaflet-locationfilter/locationfilter-bindings.js.[0K
The file will have its original line endings in your working directory.[0K
[0K[?25hwarning: LF will be replaced by CRLF in Consultas/libraryjs/leaflet-binding-1.1.0/plugins/[0Kl[?25l
eaflet-locationfilter/locationfilter.css.[0K
The file will have its original line endings in your working directory.[0K
[0K[?25hwarning: LF will be replaced by CRLF in Consultas/libraryjs/leaflet-binding-1.1.0/plugins/[0Kl[?25l
eaflet-locationfilter/locationfilter.js.[0K
The file will have its original line endings in your working directory.[0K
warning: LF will be replaced by CRLF in Consultas/libraryjs/leaflet-binding-1.1.0/plugins/[0Kl
eaflet-providers-plugin/leaflet-providers-plugin.js.[0K
The file will have its original line endings in your working directory.[0K
warning: LF will be replaced by CRLF in Consultas/libraryjs/leaflet-easybutton-1.3.1/EasyB[0Ku
tton-binding.js.[0K
The file will have its original line endings in your working directory.[0K
[0K[?25hwarning: LF will be replaced by CRLF in Consultas/libraryjs/leaflet-easybutton-1.3.1/LICEN[0KS[?25l
E.[0K
The file will have its original line endings in your working directory.[0K
warning: LF will be replaced by CRLF in Consultas/libraryjs/leaflet-easybutton-1.3.1/easy-[0Kb
utton.css.[0K
The file will have its original line endings in your working directory.[0K
warning: LF will be replaced by CRLF in Consultas/libraryjs/leaflet-easybutton-1.3.1/easy-[0Kb
utton.js.[0K
The file will have its original line endings in your working directory.[0K
warning: LF will be replaced by CRLF in Consultas/libraryjs/leaflet-label-0.2.2/leaflet.la[0Kb
el-src.js.[0K
The file will have its original line endings in your working directory.[0K
warning: LF will be replaced by CRLF in Consultas/libraryjs/leaflet-label-0.2.2/leaflet.la[0Kb
el.css.[0K
The file will have its original line endings in your working directory.[0K
warning: LF will be replaced by CRLF in Consultas/libraryjs/leaflet-label-0.2.2/leaflet.la[0Kb
el.js.[0K
The file will have its original line endings in your working directory.[0K
warning: LF will be replaced by CRLF in Consultas/libraryjs/leaflet-minimap-3.3.1/Control.[0KM
iniMap.css.[0K
The file will have its original line endings in your working directory.[0K
warning: LF will be replaced by CRLF in Consultas/libraryjs/leaflet-minimap-3.3.1/Control.[0KM
iniMap.js.[0K
The file will have its original line endings in your working directory.[0K
warning: LF will be replaced by CRLF in Consultas/libraryjs/leaflet-minimap-3.3.1/Minimap-[0Kb
inding.js.[0K
The file will have its original line endings in your working directory.[0K
warning: LF will be replaced by CRLF in Consultas/libraryjs/leaflet-providers-1.0.27/CONTR[0KI
BUTING.md.[0K
The file will have its original line endings in your working directory.[0K
warning: LF will be replaced by CRLF in Consultas/libraryjs/leaflet-providers-1.0.27/READM[0KE
.md.[0K
The file will have its original line endings in your working directory.[0K
warning: LF will be replaced by CRLF in Consultas/libraryjs/leaflet-providers-1.0.27/bower[0K.
json.[0K
The file will have its original line endings in your working directory.[0K
warning: LF will be replaced by CRLF in Consultas/libraryjs/leaflet-providers-1.0.27/leafl[0Ke
t-providers.js.[0K
The file will have its original line endings in your working directory.[0K
warning: LF will be replaced by CRLF in Consultas/libraryjs/leaflet-providers-1.0.27/licen[0Ks
e.md.[0K
The file will have its original line endings in your working directory.[0K
warning: LF will be replaced by CRLF in Consultas/libraryjs/leaflet-providers-1.0.27/packa[0Kg
e.json.[0K
The file will have its original line endings in your working directory.[0K
warning: LF will be replaced by CRLF in Consultas/libraryjs/leaflet-providers-1.0.27/provi[0Kd
ers.json.[0K
The file will have its original line endings in your working directory.[0K
warning: LF will be replaced by CRLF in Consultas/libraryjs/leaflet-providers-plugin-1.1.0[0K/
leaflet-providers-plugin.js.[0K
The file will have its original line endings in your working directory.[0K
warning: LF will be replaced by CRLF in Consultas/libraryjs/leafletfix-1.0.0/leafletfix.cs[0Ks
.[0K
The file will have its original line endings in your working directory.[0K
[0K[?25h[?25l
[0;32mAlberto@Alberto-HP [0;35m [0;33m~/Documents/ONP/Oficina Nacional de Estadística/Página/Cifras/Estudian[0Kt
es/G_Matriculados[0;36m (master)[0m[0K
$[0K[3G[?25h[?25l$ g[0K[?25hi[0Kt[0K[7G[?25l$ git p[0K[?25hu[0Ks[0Kh[0K[12G[?25l$ git push o[0K[?25hr[0Ki[0Kg[0Ki[0Kn[0K[19G[?25l$ git push origin m[0K[?25ha[0Ks[0K[?25l$ git push origin ma[0K[?25h[?25l$ git push origin m[0K[?25h[?25l$ git push origin[0K[19G[?25h[18G[?25l$ git push origi[0K[?25h[?25l$ git push orig[0K[?25h[?25l$ git push ori[0K[?25h[?25l$ git push or[0K[?25h[?25l$ git push o[0K[?25h[?25l$ git push[0K[12G[?25h[11G[?25l$ git pus[0K[?25h[?25l$ git pu[0K[?25h[?25l$ git p[0K[?25h[?25l$ git[0K[7G[?25h[?25l$ git c[0K[?25ho[0Km[0Km[0Ki[0Kt[0K[14G[?25l$ git commit -[0K[?25hm[0K[17G[?25l$ git commit -m "[0K[?25hm[0Ka[0Kp[0Ka[0K[23G[?25l$ git commit -m "mapa p[0K[?25hr[0Ke[0Kg[0Kr[0Ka[0Kd[0Ko[0K[?25l$ git commit -m "mapa pregrad[0K[?25h[?25l$ git commit -m "mapa pregra[0K[?25h[?25l$ git commit -m "mapa pregr[0K[?25h[?25l$ git commit -m "mapa preg[0K[?25h[?25l$ git commit -m "mapa pre[0K[?25h[?25l$ git commit -m "mapa pr[0K[?25h[?25l$ git commit -m "mapa p[0K[?25h[?25l$ git commit -m "mapa[0K[23G[?25h[?25l$ git commit -m "mapa m[0K[?25ha[0Kt[0Kr[0Ki[0Kc[0Ku[0Kl[0Ka[0Kd[0Ko[0Ks[0K[36G[35G[36G[?25l$ git commit -m "mapa matriculados p[0K[?25hr[0Ke[0Kg[0Kr[0Ka[0Kd[0Ko[0K[45G[?25l$ git commit -m "mapa matriculados pregrado C[0K[?25hu[0Kn[0Kd[0Ki[0Kn[0Ka[0Km[0Ka[0Kr[0Kc[0Ka[0K"[0K[?25l
[0K[?25h[master 64f0ea6] mapa matriculados pregrado Cundinamarca[0K[?25l
 213 files changed, 95012 insertions(+), 1034 deletions(-)[0K
 rewrite .Rproj.user/B994EF53/console06/4149BEF0 (94%)[0K
 rewrite .Rproj.user/B994EF53/console06/INDEX001 (87%)[0K
 rename .Rproj.user/B994EF53/sources/{s-AA88D685 => s-AC445E3B}/2C6F819F (100%)[0K
 rename .Rproj.user/B994EF53/sources/{s-AA88D685 => s-AC445E3B}/2C6F819F-contents (100%)[0K
 rename .Rproj.user/B994EF53/sources/{s-AA88D685 => s-AC445E3B}/lock_file (100%)[0K
 create mode 100644 Consultas/Mat_res_cundinamarca.html[0K
 create mode 100644 Consultas/libraryjs/Proj4Leaflet-0.7.2/proj4-compressed.js[0K
 create mode 100644 Consultas/libraryjs/Proj4Leaflet-0.7.2/proj4.js[0K
 create mode 100644 Consultas/libraryjs/Proj4Leaflet-0.7.2/proj4leaflet.js[0K
 create mode 100644 Consultas/libraryjs/bootstrap-3.3.7/bootstrap-theme.min.css[0K
 create mode 100644 Consultas/libraryjs/bootstrap-3.3.7/bootstrap.min.css[0K
 create mode 100644 Consultas/libraryjs/bootstrap-3.3.7/bootstrap.min.js[0K
 create mode 100644 Consultas/libraryjs/bootstrap-3.3.7/font-awesome.min.css[0K
 create mode 100644 Consultas/libraryjs/bootstrap-3.3.7/fonts/FontAwesome.otf[0K
 create mode 100644 Consultas/libraryjs/bootstrap-3.3.7/fonts/fontawesome-webfont.eot[0K
 create mode 100644 Consultas/libraryjs/bootstrap-3.3.7/fonts/fontawesome-webfont.svg[0K
 create mode 100644 Consultas/libraryjs/bootstrap-3.3.7/fonts/fontawesome-webfont.ttf[0K
 create mode 100644 Consultas/libraryjs/bootstrap-3.3.7/fonts/fontawesome-webfont.woff[0K
 create mode 100644 Consultas/libraryjs/bootstrap-3.3.7/fonts/glyphicons-halflings-regular[0K.
eot[0K
 create mode 100644 Consultas/libraryjs/bootstrap-3.3.7/fonts/glyphicons-halflings-regular[0K.
svg[0K
 create mode 100644 Consultas/libraryjs/bootstrap-3.3.7/fonts/glyphicons-halflings-regular[0K.
ttf[0K
 create mode 100644 Consultas/libraryjs/bootstrap-3.3.7/fonts/glyphicons-halflings-regular[0K.
woff[0K
 create mode 100644 Consultas/libraryjs/bootstrap-3.3.7/fonts/ionicons.eot[0K
 create mode 100644 Consultas/libraryjs/bootstrap-3.3.7/fonts/ionicons.svg[0K
 create mode 100644 Consultas/libraryjs/bootstrap-3.3.7/fonts/ionicons.ttf[0K
 create mode 100644 Consultas/libraryjs/bootstrap-3.3.7/fonts/ionicons.woff[0K
 create mode 100644 Consultas/libraryjs/bootstrap-3.3.7/images/markers-matte.png[0K
 create mode 100644 Consultas/libraryjs/bootstrap-3.3.7/images/markers-matte@2x.png[0K
 create mode 100644 Consultas/libraryjs/bootstrap-3.3.7/images/markers-plain.png[0K
 create mode 100644 Consultas/libraryjs/bootstrap-3.3.7/images/markers-shadow.png[0K
 create mode 100644 Consultas/libraryjs/bootstrap-3.3.7/images/markers-shadow@2x.png[0K
 create mode 100644 Consultas/libraryjs/bootstrap-3.3.7/images/markers-soft.png[0K
 create mode 100644 Consultas/libraryjs/bootstrap-3.3.7/images/markers-soft@2x.png[0K
 create mode 100644 Consultas/libraryjs/bootstrap-3.3.7/ionicons.min.css[0K
 create mode 100644 Consultas/libraryjs/bootstrap-3.3.7/leaflet.awesome-markers.css[0K
 create mode 100644 Consultas/libraryjs/bootstrap-3.3.7/leaflet.awesome-markers.js[0K
 create mode 100644 Consultas/libraryjs/bootstrap-3.3.7/leaflet.awesome-markers.min.js[0K
 create mode 100644 Consultas/libraryjs/htmlwidgets-1.2/htmlwidgets.js[0K
 create mode 100644 Consultas/libraryjs/jquery-1.12.4/jquery.js[0K
 create mode 100644 Consultas/libraryjs/jquery-1.12.4/jquery.min.js[0K
 create mode 100644 Consultas/libraryjs/leaflet-0.7.7/images/1px.png[0K
 create mode 100644 Consultas/libraryjs/leaflet-0.7.7/images/layers-2x.png[0K
 create mode 100644 Consultas/libraryjs/leaflet-0.7.7/images/layers.png[0K
 create mode 100644 Consultas/libraryjs/leaflet-0.7.7/images/marker-icon-2x.png[0K
 create mode 100644 Consultas/libraryjs/leaflet-0.7.7/images/marker-icon.png[0K
 create mode 100644 Consultas/libraryjs/leaflet-0.7.7/images/marker-shadow.png[0K
 create mode 100644 Consultas/libraryjs/leaflet-0.7.7/leaflet-src.js[0K
 create mode 100644 Consultas/libraryjs/leaflet-0.7.7/leaflet.css[0K
 create mode 100644 Consultas/libraryjs/leaflet-0.7.7/leaflet.js[0K
 create mode 100644 Consultas/libraryjs/leaflet-awesomemarkers-2.0.3/bootstrap-theme.min.c[0Ks
s[0K
 create mode 100644 Consultas/libraryjs/leaflet-awesomemarkers-2.0.3/bootstrap.min.css[0K
 create mode 100644 Consultas/libraryjs/leaflet-awesomemarkers-2.0.3/bootstrap.min.js[0K
 create mode 100644 Consultas/libraryjs/leaflet-awesomemarkers-2.0.3/font-awesome.min.css[0K
 create mode 100644 Consultas/libraryjs/leaflet-awesomemarkers-2.0.3/fonts/FontAwesome.otf[0K
 create mode 100644 Consultas/libraryjs/leaflet-awesomemarkers-2.0.3/fonts/fontawesome-web[0Kf
ont.eot[0K
 create mode 100644 Consultas/libraryjs/leaflet-awesomemarkers-2.0.3/fonts/fontawesome-web[0Kf
ont.svg[0K
 create mode 100644 Consultas/libraryjs/leaflet-awesomemarkers-2.0.3/fonts/fontawesome-web[0Kf
ont.ttf[0K
 create mode 100644 Consultas/libraryjs/leaflet-awesomemarkers-2.0.3/fonts/fontawesome-web[0Kf
ont.woff[0K
 create mode 100644 Consultas/libraryjs/leaflet-awesomemarkers-2.0.3/fonts/glyphicons-half[0Kl
ings-regular.eot[0K
 create mode 100644 Consultas/libraryjs/leaflet-awesomemarkers-2.0.3/fonts/glyphicons-half[0Kl
ings-regular.svg[0K
 create mode 100644 Consultas/libraryjs/leaflet-awesomemarkers-2.0.3/fonts/glyphicons-half[0Kl
ings-regular.ttf[0K
 create mode 100644 Consultas/libraryjs/leaflet-awesomemarkers-2.0.3/fonts/glyphicons-half[0Kl
ings-regular.woff[0K
 create mode 100644 Consultas/libraryjs/leaflet-awesomemarkers-2.0.3/fonts/ionicons.eot[0K
 create mode 100644 Consultas/libraryjs/leaflet-awesomemarkers-2.0.3/fonts/ionicons.svg[0K
 create mode 100644 Consultas/libraryjs/leaflet-awesomemarkers-2.0.3/fonts/ionicons.ttf[0K
 create mode 100644 Consultas/libraryjs/leaflet-awesomemarkers-2.0.3/fonts/ionicons.woff[0K
 create mode 100644 Consultas/libraryjs/leaflet-awesomemarkers-2.0.3/images/markers-matte.[0Kp
ng[0K
 create mode 100644 Consultas/libraryjs/leaflet-awesomemarkers-2.0.3/images/markers-matte@[0K2
x.png[0K
 create mode 100644 Consultas/libraryjs/leaflet-awesomemarkers-2.0.3/images/markers-plain.[0Kp
ng[0K
 create mode 100644 Consultas/libraryjs/leaflet-awesomemarkers-2.0.3/images/markers-shadow[0K.
png[0K
 create mode 100644 Consultas/libraryjs/leaflet-awesomemarkers-2.0.3/images/markers-shadow[0K@
2x.png[0K
 create mode 100644 Consultas/libraryjs/leaflet-awesomemarkers-2.0.3/images/markers-soft.p[0Kn
g[0K
 create mode 100644 Consultas/libraryjs/leaflet-awesomemarkers-2.0.3/images/markers-soft@2[0Kx
.png[0K
 create mode 100644 Consultas/libraryjs/leaflet-awesomemarkers-2.0.3/ionicons.min.css[0K
 create mode 100644 Consultas/libraryjs/leaflet-awesomemarkers-2.0.3/leaflet.awesome-marke[0Kr
s.css[0K
 create mode 100644 Consultas/libraryjs/leaflet-awesomemarkers-2.0.3/leaflet.awesome-marke[0Kr
s.js[0K
 create mode 100644 Consultas/libraryjs/leaflet-awesomemarkers-2.0.3/leaflet.awesome-marke[0Kr
s.min.js[0K
 create mode 100644 Consultas/libraryjs/leaflet-binding-1.1.0/leaflet.js[0K
 create mode 100644 Consultas/libraryjs/leaflet-binding-1.1.0/leaflet.yaml[0K
 create mode 100644 Consultas/libraryjs/leaflet-binding-1.1.0/lib/Leaflet.label/images/dea[0Kt
h.png[0K
 create mode 100644 Consultas/libraryjs/leaflet-binding-1.1.0/lib/Leaflet.label/leaflet.la[0Kb
el-src.js[0K
 create mode 100644 Consultas/libraryjs/leaflet-binding-1.1.0/lib/Leaflet.label/leaflet.la[0Kb
el.css[0K
 create mode 100644 Consultas/libraryjs/leaflet-binding-1.1.0/lib/Leaflet.label/leaflet.la[0Kb
el.js[0K
 create mode 100644 Consultas/libraryjs/leaflet-binding-1.1.0/lib/jquery/jquery.js[0K
 create mode 100644 Consultas/libraryjs/leaflet-binding-1.1.0/lib/jquery/jquery.min.js[0K
 create mode 100644 Consultas/libraryjs/leaflet-binding-1.1.0/lib/leaflet-measure/images/c[0Ka
ncel.png[0K
 create mode 100644 Consultas/libraryjs/leaflet-binding-1.1.0/lib/leaflet-measure/images/c[0Ka
ncel_@2X.png[0K
 create mode 100644 Consultas/libraryjs/leaflet-binding-1.1.0/lib/leaflet-measure/images/c[0Kh
eck.png[0K
 create mode 100644 Consultas/libraryjs/leaflet-binding-1.1.0/lib/leaflet-measure/images/c[0Kh
eck_@2X.png[0K
 create mode 100644 Consultas/libraryjs/leaflet-binding-1.1.0/lib/leaflet-measure/images/f[0Ko
cus.png[0K
 create mode 100644 Consultas/libraryjs/leaflet-binding-1.1.0/lib/leaflet-measure/images/f[0Ko
cus_@2X.png[0K
 create mode 100644 Consultas/libraryjs/leaflet-binding-1.1.0/lib/leaflet-measure/images/r[0Ku
lers.png[0K
 create mode 100644 Consultas/libraryjs/leaflet-binding-1.1.0/lib/leaflet-measure/images/r[0Ku
lers_@2X.png[0K
 create mode 100644 Consultas/libraryjs/leaflet-binding-1.1.0/lib/leaflet-measure/images/s[0Kt
art.png[0K
 create mode 100644 Consultas/libraryjs/leaflet-binding-1.1.0/lib/leaflet-measure/images/s[0Kt
art_@2X.png[0K
 create mode 100644 Consultas/libraryjs/leaflet-binding-1.1.0/lib/leaflet-measure/images/t[0Kr
ash.png[0K
 create mode 100644 Consultas/libraryjs/leaflet-binding-1.1.0/lib/leaflet-measure/images/t[0Kr
ash_@2X.png[0K
 create mode 100644 Consultas/libraryjs/leaflet-binding-1.1.0/lib/leaflet-measure/leaflet-[0Km
easure.css[0K
 create mode 100644 Consultas/libraryjs/leaflet-binding-1.1.0/lib/leaflet-measure/leaflet-[0Km
easure.js[0K
 create mode 100644 Consultas/libraryjs/leaflet-binding-1.1.0/lib/leaflet-measure/leaflet-[0Km
easure.min.js[0K
 create mode 100644 Consultas/libraryjs/leaflet-binding-1.1.0/lib/leaflet-omnivore/index.j[0Ks
[0K
 create mode 100644 Consultas/libraryjs/leaflet-binding-1.1.0/lib/leaflet-omnivore/leaflet[0K-
omnivore.js[0K
 create mode 100644 Consultas/libraryjs/leaflet-binding-1.1.0/lib/leaflet-omnivore/leaflet[0K-
omnivore.min.js[0K
 create mode 100644 Consultas/libraryjs/leaflet-binding-1.1.0/lib/leaflet-omnivore/package[0K.
json[0K
 create mode 100644 Consultas/libraryjs/leaflet-binding-1.1.0/lib/leaflet-providers/CONTRI[0KB
UTING.md[0K
 create mode 100644 Consultas/libraryjs/leaflet-binding-1.1.0/lib/leaflet-providers/README[0K.
md[0K
 create mode 100644 Consultas/libraryjs/leaflet-binding-1.1.0/lib/leaflet-providers/bower.[0Kj
son[0K
 create mode 100644 Consultas/libraryjs/leaflet-binding-1.1.0/lib/leaflet-providers/css/gh[0K-
fork-ribbon.css[0K
 create mode 100644 Consultas/libraryjs/leaflet-binding-1.1.0/lib/leaflet-providers/css/gh[0K-
fork-ribbon.ie.css[0K
 create mode 100644 Consultas/libraryjs/leaflet-binding-1.1.0/lib/leaflet-providers/leafle[0Kt
-providers.js[0K
 create mode 100644 Consultas/libraryjs/leaflet-binding-1.1.0/lib/leaflet-providers/licens[0Ke
.md[0K
 create mode 100644 Consultas/libraryjs/leaflet-binding-1.1.0/lib/leaflet-providers/packag[0Ke
.json[0K
 create mode 100644 Consultas/libraryjs/leaflet-binding-1.1.0/lib/leaflet-providers/provid[0Ke
rs.json[0K
 create mode 100644 Consultas/libraryjs/leaflet-binding-1.1.0/lib/leaflet/images/1px.png[0K
 create mode 100644 Consultas/libraryjs/leaflet-binding-1.1.0/lib/leaflet/images/layers-2x[0K.
png[0K
 create mode 100644 Consultas/libraryjs/leaflet-binding-1.1.0/lib/leaflet/images/layers.pn[0Kg
[0K
 create mode 100644 Consultas/libraryjs/leaflet-binding-1.1.0/lib/leaflet/images/marker-ic[0Ko
n-2x.png[0K
 create mode 100644 Consultas/libraryjs/leaflet-binding-1.1.0/lib/leaflet/images/marker-ic[0Ko
n.png[0K
 create mode 100644 Consultas/libraryjs/leaflet-binding-1.1.0/lib/leaflet/images/marker-sh[0Ka
dow.png[0K
 create mode 100644 Consultas/libraryjs/leaflet-binding-1.1.0/lib/leaflet/leaflet-src.js[0K
 create mode 100644 Consultas/libraryjs/leaflet-binding-1.1.0/lib/leaflet/leaflet.css[0K
 create mode 100644 Consultas/libraryjs/leaflet-binding-1.1.0/lib/leaflet/leaflet.js[0K
 create mode 100644 Consultas/libraryjs/leaflet-binding-1.1.0/lib/leafletfix/leafletfix.cs[0Ks
[0K
 create mode 100644 Consultas/libraryjs/leaflet-binding-1.1.0/plugins/Leaflet-MiniMap/Cont[0Kr
ol.MiniMap.css[0K
 create mode 100644 Consultas/libraryjs/leaflet-binding-1.1.0/plugins/Leaflet-MiniMap/Cont[0Kr
ol.MiniMap.js[0K
 create mode 100644 Consultas/libraryjs/leaflet-binding-1.1.0/plugins/Leaflet-MiniMap/Cont[0Kr
ol.MiniMap.min.css[0K
 create mode 100644 Consultas/libraryjs/leaflet-binding-1.1.0/plugins/Leaflet-MiniMap/Cont[0Kr
ol.MiniMap.min.js[0K
 create mode 100644 Consultas/libraryjs/leaflet-binding-1.1.0/plugins/Leaflet-MiniMap/Mini[0Km
ap-binding.js[0K
 create mode 100644 Consultas/libraryjs/leaflet-binding-1.1.0/plugins/Leaflet-MiniMap/imag[0Ke
s/toggle.png[0K
 create mode 100644 Consultas/libraryjs/leaflet-binding-1.1.0/plugins/Leaflet-MiniMap/imag[0Ke
s/toggle.svg[0K
 create mode 100644 Consultas/libraryjs/leaflet-binding-1.1.0/plugins/Leaflet.EasyButton/E[0Ka
syButton-binding.js[0K
 create mode 100644 Consultas/libraryjs/leaflet-binding-1.1.0/plugins/Leaflet.EasyButton/L[0KI
CENSE[0K
 create mode 100644 Consultas/libraryjs/leaflet-binding-1.1.0/plugins/Leaflet.EasyButton/e[0Ka
sy-button.css[0K
 create mode 100644 Consultas/libraryjs/leaflet-binding-1.1.0/plugins/Leaflet.EasyButton/e[0Ka
sy-button.js[0K
 create mode 100644 Consultas/libraryjs/leaflet-binding-1.1.0/plugins/Leaflet.Graticule/Gr[0Ka
ticule-binding.js[0K
 create mode 100644 Consultas/libraryjs/leaflet-binding-1.1.0/plugins/Leaflet.Graticule/L.[0KG
raticule.js[0K
 create mode 100644 Consultas/libraryjs/leaflet-binding-1.1.0/plugins/Leaflet.SimpleGratic[0Ku
le/L.SimpleGraticule.css[0K
 create mode 100644 Consultas/libraryjs/leaflet-binding-1.1.0/plugins/Leaflet.SimpleGratic[0Ku
le/L.SimpleGraticule.js[0K
 create mode 100644 Consultas/libraryjs/leaflet-binding-1.1.0/plugins/Leaflet.SimpleGratic[0Ku
le/SimpleGraticule-binding.js[0K
 create mode 100644 Consultas/libraryjs/leaflet-binding-1.1.0/plugins/Leaflet.Terminator/L[0K.
Terminator.js[0K
 create mode 100644 Consultas/libraryjs/leaflet-binding-1.1.0/plugins/Leaflet.Terminator/T[0Ke
rminator-binding.js[0K
 create mode 100644 Consultas/libraryjs/leaflet-binding-1.1.0/plugins/Leaflet.awesome-mark[0Ke
rs/bootstrap-theme.min.css[0K
 create mode 100644 Consultas/libraryjs/leaflet-binding-1.1.0/plugins/Leaflet.awesome-mark[0Ke
rs/bootstrap.min.css[0K
 create mode 100644 Consultas/libraryjs/leaflet-binding-1.1.0/plugins/Leaflet.awesome-mark[0Ke
rs/bootstrap.min.js[0K
 create mode 100644 Consultas/libraryjs/leaflet-binding-1.1.0/plugins/Leaflet.awesome-mark[0Ke
rs/font-awesome.min.css[0K
 create mode 100644 Consultas/libraryjs/leaflet-binding-1.1.0/plugins/Leaflet.awesome-mark[0Ke
rs/fonts/FontAwesome.otf[0K
 create mode 100644 Consultas/libraryjs/leaflet-binding-1.1.0/plugins/Leaflet.awesome-mark[0Ke
rs/fonts/fontawesome-webfont.eot[0K
 create mode 100644 Consultas/libraryjs/leaflet-binding-1.1.0/plugins/Leaflet.awesome-mark[0Ke
rs/fonts/fontawesome-webfont.svg[0K
 create mode 100644 Consultas/libraryjs/leaflet-binding-1.1.0/plugins/Leaflet.awesome-mark[0Ke
rs/fonts/fontawesome-webfont.ttf[0K
 create mode 100644 Consultas/libraryjs/leaflet-binding-1.1.0/plugins/Leaflet.awesome-mark[0Ke
rs/fonts/fontawesome-webfont.woff[0K
 create mode 100644 Consultas/libraryjs/leaflet-binding-1.1.0/plugins/Leaflet.awesome-mark[0Ke
rs/fonts/glyphicons-halflings-regular.eot[0K
 create mode 100644 Consultas/libraryjs/leaflet-binding-1.1.0/plugins/Leaflet.awesome-mark[0Ke
rs/fonts/glyphicons-halflings-regular.svg[0K
 create mode 100644 Consultas/libraryjs/leaflet-binding-1.1.0/plugins/Leaflet.awesome-mark[0Ke
rs/fonts/glyphicons-halflings-regular.ttf[0K
 create mode 100644 Consultas/libraryjs/leaflet-binding-1.1.0/plugins/Leaflet.awesome-mark[0Ke
rs/fonts/glyphicons-halflings-regular.woff[0K
 create mode 100644 Consultas/libraryjs/leaflet-binding-1.1.0/plugins/Leaflet.awesome-mark[0Ke
rs/fonts/ionicons.eot[0K
 create mode 100644 Consultas/libraryjs/leaflet-binding-1.1.0/plugins/Leaflet.awesome-mark[0Ke
rs/fonts/ionicons.svg[0K
 create mode 100644 Consultas/libraryjs/leaflet-binding-1.1.0/plugins/Leaflet.awesome-mark[0Ke
rs/fonts/ionicons.ttf[0K
 create mode 100644 Consultas/libraryjs/leaflet-binding-1.1.0/plugins/Leaflet.awesome-mark[0Ke
rs/fonts/ionicons.woff[0K
 create mode 100644 Consultas/libraryjs/leaflet-binding-1.1.0/plugins/Leaflet.awesome-mark[0Ke
rs/images/markers-matte.png[0K
 create mode 100644 Consultas/libraryjs/leaflet-binding-1.1.0/plugins/Leaflet.awesome-mark[0Ke
rs/images/markers-matte@2x.png[0K
 create mode 100644 Consultas/libraryjs/leaflet-binding-1.1.0/plugins/Leaflet.awesome-mark[0Ke
rs/images/markers-plain.png[0K
 create mode 100644 Consultas/libraryjs/leaflet-binding-1.1.0/plugins/Leaflet.awesome-mark[0Ke
rs/images/markers-shadow.png[0K
 create mode 100644 Consultas/libraryjs/leaflet-binding-1.1.0/plugins/Leaflet.awesome-mark[0Ke
rs/images/markers-shadow@2x.png[0K
 create mode 100644 Consultas/libraryjs/leaflet-binding-1.1.0/plugins/Leaflet.awesome-mark[0Ke
rs/images/markers-soft.png[0K
 create mode 100644 Consultas/libraryjs/leaflet-binding-1.1.0/plugins/Leaflet.awesome-mark[0Ke
rs/images/markers-soft@2x.png[0K
 create mode 100644 Consultas/libraryjs/leaflet-binding-1.1.0/plugins/Leaflet.awesome-mark[0Ke
rs/ionicons.min.css[0K
 create mode 100644 Consultas/libraryjs/leaflet-binding-1.1.0/plugins/Leaflet.awesome-mark[0Ke
rs/leaflet.awesome-markers.css[0K
 create mode 100644 Consultas/libraryjs/leaflet-binding-1.1.0/plugins/Leaflet.awesome-mark[0Ke
rs/leaflet.awesome-markers.js[0K
 create mode 100644 Consultas/libraryjs/leaflet-binding-1.1.0/plugins/Leaflet.awesome-mark[0Ke
rs/leaflet.awesome-markers.min.js[0K
 create mode 100644 Consultas/libraryjs/leaflet-binding-1.1.0/plugins/Leaflet.markercluste[0Kr
/MIT-LICENCE.txt[0K
 create mode 100644 Consultas/libraryjs/leaflet-binding-1.1.0/plugins/Leaflet.markercluste[0Kr
/MarkerCluster.Default.css[0K
 create mode 100644 Consultas/libraryjs/leaflet-binding-1.1.0/plugins/Leaflet.markercluste[0Kr
/MarkerCluster.css[0K
 create mode 100644 Consultas/libraryjs/leaflet-binding-1.1.0/plugins/Leaflet.markercluste[0Kr
/leaflet.markercluster-src.js[0K
 create mode 100644 Consultas/libraryjs/leaflet-binding-1.1.0/plugins/Leaflet.markercluste[0Kr
/leaflet.markercluster.freezable-src.js[0K
 create mode 100644 Consultas/libraryjs/leaflet-binding-1.1.0/plugins/Leaflet.markercluste[0Kr
/leaflet.markercluster.js[0K
 create mode 100644 Consultas/libraryjs/leaflet-binding-1.1.0/plugins/Leaflet.markercluste[0Kr
/leaflet.markercluster.layersupport-src.js[0K
 create mode 100644 Consultas/libraryjs/leaflet-binding-1.1.0/plugins/Proj4Leaflet/proj4-c[0Ko
mpressed.js[0K
 create mode 100644 Consultas/libraryjs/leaflet-binding-1.1.0/plugins/Proj4Leaflet/proj4.j[0Ks
[0K
 create mode 100644 Consultas/libraryjs/leaflet-binding-1.1.0/plugins/Proj4Leaflet/proj4le[0Ka
flet.js[0K
 create mode 100644 Consultas/libraryjs/leaflet-binding-1.1.0/plugins/leaflet-locationfilt[0Ke
r/img/filter-icon.png[0K
 create mode 100644 Consultas/libraryjs/leaflet-binding-1.1.0/plugins/leaflet-locationfilt[0Ke
r/img/move-handle.png[0K
 create mode 100644 Consultas/libraryjs/leaflet-binding-1.1.0/plugins/leaflet-locationfilt[0Ke
r/img/resize-handle.png[0K
 create mode 100644 Consultas/libraryjs/leaflet-binding-1.1.0/plugins/leaflet-locationfilt[0Ke
r/locationfilter-bindings.js[0K
 create mode 100644 Consultas/libraryjs/leaflet-binding-1.1.0/plugins/leaflet-locationfilt[0Ke
r/locationfilter.css[0K
 create mode 100644 Consultas/libraryjs/leaflet-binding-1.1.0/plugins/leaflet-locationfilt[0Ke
r/locationfilter.js[0K
 create mode 100644 Consultas/libraryjs/leaflet-binding-1.1.0/plugins/leaflet-providers-pl[0Ku
gin/leaflet-providers-plugin.js[0K
 create mode 100644 Consultas/libraryjs/leaflet-easybutton-1.3.1/EasyButton-binding.js[0K
 create mode 100644 Consultas/libraryjs/leaflet-easybutton-1.3.1/LICENSE[0K
 create mode 100644 Consultas/libraryjs/leaflet-easybutton-1.3.1/easy-button.css[0K
 create mode 100644 Consultas/libraryjs/leaflet-easybutton-1.3.1/easy-button.js[0K
 create mode 100644 Consultas/libraryjs/leaflet-label-0.2.2/images/death.png[0K
 create mode 100644 Consultas/libraryjs/leaflet-label-0.2.2/leaflet.label-src.js[0K
 create mode 100644 Consultas/libraryjs/leaflet-label-0.2.2/leaflet.label.css[0K
 create mode 100644 Consultas/libraryjs/leaflet-label-0.2.2/leaflet.label.js[0K
 create mode 100644 Consultas/libraryjs/leaflet-minimap-3.3.1/Control.MiniMap.css[0K
 create mode 100644 Consultas/libraryjs/leaflet-minimap-3.3.1/Control.MiniMap.js[0K
 create mode 100644 Consultas/libraryjs/leaflet-minimap-3.3.1/Control.MiniMap.min.css[0K
 create mode 100644 Consultas/libraryjs/leaflet-minimap-3.3.1/Control.MiniMap.min.js[0K
 create mode 100644 Consultas/libraryjs/leaflet-minimap-3.3.1/Minimap-binding.js[0K
 create mode 100644 Consultas/libraryjs/leaflet-minimap-3.3.1/images/toggle.png[0K
 create mode 100644 Consultas/libraryjs/leaflet-minimap-3.3.1/images/toggle.svg[0K
 create mode 100644 Consultas/libraryjs/leaflet-providers-1.0.27/CONTRIBUTING.md[0K
 create mode 100644 Consultas/libraryjs/leaflet-providers-1.0.27/README.md[0K
 create mode 100644 Consultas/libraryjs/leaflet-providers-1.0.27/bower.json[0K
 create mode 100644 Consultas/libraryjs/leaflet-providers-1.0.27/css/gh-fork-ribbon.css[0K
 create mode 100644 Consultas/libraryjs/leaflet-providers-1.0.27/css/gh-fork-ribbon.ie.css[0K
 create mode 100644 Consultas/libraryjs/leaflet-providers-1.0.27/leaflet-providers.js[0K
 create mode 100644 Consultas/libraryjs/leaflet-providers-1.0.27/license.md[0K
 create mode 100644 Consultas/libraryjs/leaflet-providers-1.0.27/package.json[0K
 create mode 100644 Consultas/libraryjs/leaflet-providers-1.0.27/providers.json[0K
 create mode 100644 Consultas/libraryjs/leaflet-providers-plugin-1.1.0/leaflet-providers-p[0Kl
ugin.js[0K
 create mode 100644 Consultas/libraryjs/leafletfix-1.0.0/leafletfix.css[0K
[0K[?25h[?25l
[0;32mAlberto@Alberto-HP [0;35m [0;33m~/Documents/ONP/Oficina Nacional de Estadística/Página/Cifras/Estudian[0Kt
es/G_Matriculados[0;36m (master)[0m[0K[?25h[?25l
$[0K[3G[?25h[?25l$ g[0K[?25hi[0Kt[0K[7G[?25l$ git p[0K[?25hu[0Ks[0Kh[0K[12G[?25l$ git push o[0K[?25hr[0Ki[0Kg[0Ki[0Kn[0K[19G[?25l$ git push origin m[0K[?25ha[0Ks[0Kt[0Ke[0Kr[0K[?25l
[0K[?25herror: cannot spawn sh: No such file or directory[0K[?25l
error: cannot spawn rpostback-askpass: No such file or directory[0K
[0K[?25hUsername for 'https://github.com':[0K[36G[?25lUsername for 'https://github.com': e[0K[?25hs[0Kt[0Ka[0Kd[0Ki[0Ks[0Kt[0Ki[0Kv[0K[?25lUsername for 'https://github.com': estadisti[0K[?25hc[0Ka[0Ku[0Kn[0K[?25l
error: cannot spawn rpostback-askpass: No such file or directory[0K
Password for 'https://estadisticaun@github.com':[0K[50G[?25h[?25l
[0K[?25herror: cannot spawn sh: No such file or directory[0K[?25l
[0K[?25hCounting objects: 13, done.[0K[?25l
Delta compression using up to 8 threads.[0K
Compressing objects: 100% (13/13), done.[0K
Writing objects:  15% (2/13)[0K[1G[?25h[?25lWriting objects:  84% (11/13)[0K[1G[?25h[?25lWriting objects:  84% (11/13), 984.00 KiB | 748.00 KiB/s[0K[1G[?25h[?25lWriting objects:  84% (11/13), 1.21 MiB | 674.00 KiB/s[0K[1G[?25h[?25lWriting objects:  84% (11/13), 1.62 MiB | 580.00 KiB/s[0K[1G[?25hWriting objects: 100% (13/13), 1.78 MiB | 518.00 KiB/s, done.[0K[?25l
Total 13 (delta 5), reused 0 (delta 0)[0K
[0K[?25hremote: Resolving deltas: 100% (5/5), completed with 5 local objects.[0K[?25l
[0K[?25hremote:[0K[?25l
remote: GitHub found 1 vulnerability on estadisticaun/G_Matriculados's default branch (1 m[0Ko
derate). To find out more, visit:[0K
remote:      https://github.com/estadisticaun/G_Matriculados/network/alerts[0K
remote:[0K
To https://github.com/estadisticaun/G_Matriculados.git[0K
   6f0f7b3..64f0ea6  master -> master[0K
[0K[?25h[?25l
[0;32mAlberto@Alberto-HP [0;35m [0;33m~/Documents/ONP/Oficina Nacional de Estadística/Página/Cifras/Estudian[0Kt
es/G_Matriculados[0;36m (master)[0m[0K
$[0K[3G[?25h[?25l$ g[0K[?25hi[0Kt[0K[7G[?25l$ git s[0K[?25ht[0Ka[0Kt[0Ku[0Ks[0K[?25l
[0K[?25hOn branch master[0K[?25l
Your branch is up-to-date with 'origin/master'.[0K
[0K
Changes not staged for commit:[0K
  (use "git add <file>..." to update what will be committed)[0K
  (use "git checkout -- <file>..." to discard changes in working directory)[0K
[0K
        [0;31mmodified:   .Rproj.user/B994EF53/console06/4149BEF0[0m[0K
[0K
no changes added to commit (use "git add" and/or "git commit -a")[0K
[0K[?25h[?25l
[0;32mAlberto@Alberto-HP [0;35m [0;33m~/Documents/ONP/Oficina Nacional de Estadística/Página/Cifras/Estudian[0Kt
es/G_Matriculados[0;36m (master)[0m[0K
$[0K[3G[?25h[?25l$ g[0K[?25hi[0Kt[0K[7G[?25l$ git s[0K[?25ht[0Ka[0Kt[0Ku[0Ks[0K[?25l
[0K[?25hOn branch master[0K[?25l
Your branch is up-to-date with 'origin/master'.[0K
[0K
Changes not staged for commit:[0K
  (use "git add <file>..." to update what will be committed)[0K
  (use "git checkout -- <file>..." to discard changes in working directory)[0K
[0K
        [0;31mmodified:   .Rproj.user/B994EF53/console06/4149BEF0[0m[0K
        [0;31mmodified:   .Rproj.user/B994EF53/sources/prop/INDEX[0m[0K
[0K
Untracked files:[0K
  (use "git add <file>..." to include in what will be committed)[0K
[0K
        [0;31m.Rproj.user/B994EF53/sources/prop/4454F04E[0m[0K
        [0;31m.Rproj.user/B994EF53/sources/s-AC445E3B/1BE06018[0m[0K
        [0;31m.Rproj.user/B994EF53/sources/s-AC445E3B/1BE06018-contents[0m[0K
[0K
no changes added to commit (use "git add" and/or "git commit -a")[0K
[0K[?25h[?25l
[0;32mAlberto@Alberto-HP [0;35m [0;33m~/Documents/ONP/Oficina Nacional de Estadística/Página/Cifras/Estudian[0Kt
es/G_Matriculados[0;36m (master)[0m[0K
$[0K[3G[?25h[0m[0Kbash: cut: command not found[0K[?25l
]0;:/c/Users/Alberto/Documents/ONP/Oficina Nacional de Estadística/Página/Cifras/Estudiantes/G_Matriculados[?25l
[0;32mAlberto@Alberto-HP [0;35m [0;33m~/Documents/ONP/Oficina Nacional de Estadística/Página/Cifras/Estudian[0Kt
es/G_Matriculados[0;36m (master)[0m[0K
$[0K[3G[?25h[?25l$ g[0K[?25hi[0Kt[0K[7G[?25l$ git s[0K[?25ht[0Kat[0Ku[0Ks[0K[?25l
[0K[?25hOn branch master[0K[?25l
Your branch is up-to-date with 'origin/master'.[0K
[0K
Changes not staged for commit:[0K
  (use "git add/rm <file>..." to update what will be committed)[0K
  (use "git checkout -- <file>..." to discard changes in working directory)[0K
[0K
        [0;31mmodified:   .Rhistory[0m[0K
        [0;31mmodified:   .Rproj.user/B994EF53/console06/4149BEF0[0m[0K
        [0;31mmodified:   .Rproj.user/B994EF53/console06/INDEX001[0m[0K
        [0;31mmodified:   .Rproj.user/B994EF53/pcs/files-pane.pper[0m[0K
        [0;31mmodified:   .Rproj.user/B994EF53/pcs/source-pane.pper[0m[0K
        [0;31mmodified:   .Rproj.user/B994EF53/sources/prop/INDEX[0m[0K
        [0;31mdeleted:    .Rproj.user/B994EF53/sources/s-AC445E3B/2C6F819F[0m[0K
        [0;31mdeleted:    .Rproj.user/B994EF53/sources/s-AC445E3B/2C6F819F-contents[0m[0K
        [0;31mdeleted:    .Rproj.user/B994EF53/sources/s-AC445E3B/lock_file[0m[0K
[0K
Untracked files:[0K
  (use "git add <file>..." to include in what will be committed)[0K
[0K
        [0;31m.Rproj.user/B994EF53/sources/prop/4454F04E[0m[0K
        [0;31m.Rproj.user/B994EF53/sources/s-21EDF60A/[0m[0K
        [0;31mConsultas/Mat_res_col1.html[0m[0K
        [0;31mConsultas/Mat_res_mun.html[0m[0K
[0K
no changes added to commit (use "git add" and/or "git commit -a")[0K
[0K[?25h[?25l
[0;32mAlberto@Alberto-HP [0;35m [0;33m~/Documents/ONP/Oficina Nacional de Estadística/Página/Cifras/Estudian[0Kt
es/G_Matriculados[0;36m (master)[0m[0K
$[0K[3G[?25h[?25l$ g[0K[?25hi[0Kt[0K[7G[?25l$ git c[0K[?25h[?25l$ git[0K[7G[?25h[?25l$ git a[0K[?25hd[0Kd[0K[11G[?25l$ git add .[0K[?25h[?25l
[0K[?25h