
 create mode 100644 Pal/Mpvpre/libraryjs/leaflet-binding-1.1.0/plugins/Leaflet-MiniMap/Minimap-bin[0Kd
ing.js[0K
 create mode 100644 Pal/Mpvpre/libraryjs/leaflet-binding-1.1.0/plugins/Leaflet-MiniMap/images/togg[0Kl
e.png[0K
 create mode 100644 Pal/Mpvpre/libraryjs/leaflet-binding-1.1.0/plugins/Leaflet-MiniMap/images/togg[0Kl
e.svg[0K
 create mode 100644 Pal/Mpvpre/libraryjs/leaflet-binding-1.1.0/plugins/Leaflet.EasyButton/EasyButt[0Ko
n-binding.js[0K
 create mode 100644 Pal/Mpvpre/libraryjs/leaflet-binding-1.1.0/plugins/Leaflet.EasyButton/LICENSE[0K
 create mode 100644 Pal/Mpvpre/libraryjs/leaflet-binding-1.1.0/plugins/Leaflet.EasyButton/easy-but[0Kt
on.css[0K
 create mode 100644 Pal/Mpvpre/libraryjs/leaflet-binding-1.1.0/plugins/Leaflet.EasyButton/easy-but[0Kt
on.js[0K
 create mode 100644 Pal/Mpvpre/libraryjs/leaflet-binding-1.1.0/plugins/Leaflet.Graticule/Graticule[0K-
binding.js[0K
 create mode 100644 Pal/Mpvpre/libraryjs/leaflet-binding-1.1.0/plugins/Leaflet.Graticule/L.Graticu[0Kl
e.js[0K
 create mode 100644 Pal/Mpvpre/libraryjs/leaflet-binding-1.1.0/plugins/Leaflet.SimpleGraticule/L.S[0Ki
mpleGraticule.css[0K
 create mode 100644 Pal/Mpvpre/libraryjs/leaflet-binding-1.1.0/plugins/Leaflet.SimpleGraticule/L.S[0Ki
mpleGraticule.js[0K
 create mode 100644 Pal/Mpvpre/libraryjs/leaflet-binding-1.1.0/plugins/Leaflet.SimpleGraticule/Sim[0Kp
leGraticule-binding.js[0K
 create mode 100644 Pal/Mpvpre/libraryjs/leaflet-binding-1.1.0/plugins/Leaflet.Terminator/L.Termin[0Ka
tor.js[0K
 create mode 100644 Pal/Mpvpre/libraryjs/leaflet-binding-1.1.0/plugins/Leaflet.Terminator/Terminat[0Ko
r-binding.js[0K
 create mode 100644 Pal/Mpvpre/libraryjs/leaflet-binding-1.1.0/plugins/Leaflet.awesome-markers/boo[0Kt
strap-theme.min.css[0K
 create mode 100644 Pal/Mpvpre/libraryjs/leaflet-binding-1.1.0/plugins/Leaflet.awesome-markers/boo[0Kt
strap.min.css[0K
 create mode 100644 Pal/Mpvpre/libraryjs/leaflet-binding-1.1.0/plugins/Leaflet.awesome-markers/boo[0Kt
strap.min.js[0K
 create mode 100644 Pal/Mpvpre/libraryjs/leaflet-binding-1.1.0/plugins/Leaflet.awesome-markers/fon[0Kt
-awesome.min.css[0K
 create mode 100644 Pal/Mpvpre/libraryjs/leaflet-binding-1.1.0/plugins/Leaflet.awesome-markers/fon[0Kt
s/FontAwesome.otf[0K
 create mode 100644 Pal/Mpvpre/libraryjs/leaflet-binding-1.1.0/plugins/Leaflet.awesome-markers/fon[0Kt
s/fontawesome-webfont.eot[0K
 create mode 100644 Pal/Mpvpre/libraryjs/leaflet-binding-1.1.0/plugins/Leaflet.awesome-markers/fon[0Kt
s/fontawesome-webfont.svg[0K
 create mode 100644 Pal/Mpvpre/libraryjs/leaflet-binding-1.1.0/plugins/Leaflet.awesome-markers/fon[0Kt
s/fontawesome-webfont.ttf[0K
 create mode 100644 Pal/Mpvpre/libraryjs/leaflet-binding-1.1.0/plugins/Leaflet.awesome-markers/fon[0Kt
s/fontawesome-webfont.woff[0K
 create mode 100644 Pal/Mpvpre/libraryjs/leaflet-binding-1.1.0/plugins/Leaflet.awesome-markers/fon[0Kt
s/glyphicons-halflings-regular.eot[0K
 create mode 100644 Pal/Mpvpre/libraryjs/leaflet-binding-1.1.0/plugins/Leaflet.awesome-markers/fon[0Kt
s/glyphicons-halflings-regular.svg[0K
 create mode 100644 Pal/Mpvpre/libraryjs/leaflet-binding-1.1.0/plugins/Leaflet.awesome-markers/fon[0Kt
s/glyphicons-halflings-regular.ttf[0K
 create mode 100644 Pal/Mpvpre/libraryjs/leaflet-binding-1.1.0/plugins/Leaflet.awesome-markers/fon[0Kt
s/glyphicons-halflings-regular.woff[0K
 create mode 100644 Pal/Mpvpre/libraryjs/leaflet-binding-1.1.0/plugins/Leaflet.awesome-markers/fon[0Kt
s/ionicons.eot[0K
 create mode 100644 Pal/Mpvpre/libraryjs/leaflet-binding-1.1.0/plugins/Leaflet.awesome-markers/fon[0Kt
s/ionicons.svg[0K
 create mode 100644 Pal/Mpvpre/libraryjs/leaflet-binding-1.1.0/plugins/Leaflet.awesome-markers/fon[0Kt
s/ionicons.ttf[0K
 create mode 100644 Pal/Mpvpre/libraryjs/leaflet-binding-1.1.0/plugins/Leaflet.awesome-markers/fon[0Kt
s/ionicons.woff[0K
 create mode 100644 Pal/Mpvpre/libraryjs/leaflet-binding-1.1.0/plugins/Leaflet.awesome-markers/ima[0Kg
es/markers-matte.png[0K
 create mode 100644 Pal/Mpvpre/libraryjs/leaflet-binding-1.1.0/plugins/Leaflet.awesome-markers/ima[0Kg
es/markers-matte@2x.png[0K
 create mode 100644 Pal/Mpvpre/libraryjs/leaflet-binding-1.1.0/plugins/Leaflet.awesome-markers/ima[0Kg
es/markers-plain.png[0K
 create mode 100644 Pal/Mpvpre/libraryjs/leaflet-binding-1.1.0/plugins/Leaflet.awesome-markers/ima[0Kg
es/markers-shadow.png[0K
 create mode 100644 Pal/Mpvpre/libraryjs/leaflet-binding-1.1.0/plugins/Leaflet.awesome-markers/ima[0Kg
es/markers-shadow@2x.png[0K
 create mode 100644 Pal/Mpvpre/libraryjs/leaflet-binding-1.1.0/plugins/Leaflet.awesome-markers/ima[0Kg
es/markers-soft.png[0K
 create mode 100644 Pal/Mpvpre/libraryjs/leaflet-binding-1.1.0/plugins/Leaflet.awesome-markers/ima[0Kg
es/markers-soft@2x.png[0K
 create mode 100644 Pal/Mpvpre/libraryjs/leaflet-binding-1.1.0/plugins/Leaflet.awesome-markers/ion[0Ki
cons.min.css[0K
 create mode 100644 Pal/Mpvpre/libraryjs/leaflet-binding-1.1.0/plugins/Leaflet.awesome-markers/lea[0Kf
let.awesome-markers.css[0K
 create mode 100644 Pal/Mpvpre/libraryjs/leaflet-binding-1.1.0/plugins/Leaflet.awesome-markers/lea[0Kf
let.awesome-markers.js[0K
 create mode 100644 Pal/Mpvpre/libraryjs/leaflet-binding-1.1.0/plugins/Leaflet.awesome-markers/lea[0Kf
let.awesome-markers.min.js[0K
 create mode 100644 Pal/Mpvpre/libraryjs/leaflet-binding-1.1.0/plugins/Leaflet.markercluster/MIT-L[0KI
CENCE.txt[0K
 create mode 100644 Pal/Mpvpre/libraryjs/leaflet-binding-1.1.0/plugins/Leaflet.markercluster/Marke[0Kr
Cluster.Default.css[0K
 create mode 100644 Pal/Mpvpre/libraryjs/leaflet-binding-1.1.0/plugins/Leaflet.markercluster/Marke[0Kr
Cluster.css[0K
 create mode 100644 Pal/Mpvpre/libraryjs/leaflet-binding-1.1.0/plugins/Leaflet.markercluster/leafl[0Ke
t.markercluster-src.js[0K
 create mode 100644 Pal/Mpvpre/libraryjs/leaflet-binding-1.1.0/plugins/Leaflet.markercluster/leafl[0Ke
t.markercluster.freezable-src.js[0K
 create mode 100644 Pal/Mpvpre/libraryjs/leaflet-binding-1.1.0/plugins/Leaflet.markercluster/leafl[0Ke
t.markercluster.js[0K
 create mode 100644 Pal/Mpvpre/libraryjs/leaflet-binding-1.1.0/plugins/Leaflet.markercluster/leafl[0Ke
t.markercluster.layersupport-src.js[0K
 create mode 100644 Pal/Mpvpre/libraryjs/leaflet-binding-1.1.0/plugins/Proj4Leaflet/proj4-compress[0Ke
d.js[0K
 create mode 100644 Pal/Mpvpre/libraryjs/leaflet-binding-1.1.0/plugins/Proj4Leaflet/proj4.js[0K
 create mode 100644 Pal/Mpvpre/libraryjs/leaflet-binding-1.1.0/plugins/Proj4Leaflet/proj4leaflet.j[0Ks
[0K
 create mode 100644 Pal/Mpvpre/libraryjs/leaflet-binding-1.1.0/plugins/leaflet-locationfilter/img/[0Kf
ilter-icon.png[0K
 create mode 100644 Pal/Mpvpre/libraryjs/leaflet-binding-1.1.0/plugins/leaflet-locationfilter/img/[0Km
ove-handle.png[0K
 create mode 100644 Pal/Mpvpre/libraryjs/leaflet-binding-1.1.0/plugins/leaflet-locationfilter/img/[0Kr
esize-handle.png[0K
 create mode 100644 Pal/Mpvpre/libraryjs/leaflet-binding-1.1.0/plugins/leaflet-locationfilter/loca[0Kt
ionfilter-bindings.js[0K
 create mode 100644 Pal/Mpvpre/libraryjs/leaflet-binding-1.1.0/plugins/leaflet-locationfilter/loca[0Kt
ionfilter.css[0K
 create mode 100644 Pal/Mpvpre/libraryjs/leaflet-binding-1.1.0/plugins/leaflet-locationfilter/loca[0Kt
ionfilter.js[0K
 create mode 100644 Pal/Mpvpre/libraryjs/leaflet-binding-1.1.0/plugins/leaflet-providers-plugin/le[0Ka
flet-providers-plugin.js[0K
 create mode 100644 Pal/Mpvpre/libraryjs/leaflet-easybutton-1.3.1/EasyButton-binding.js[0K
 create mode 100644 Pal/Mpvpre/libraryjs/leaflet-easybutton-1.3.1/LICENSE[0K
 create mode 100644 Pal/Mpvpre/libraryjs/leaflet-easybutton-1.3.1/easy-button.css[0K
 create mode 100644 Pal/Mpvpre/libraryjs/leaflet-easybutton-1.3.1/easy-button.js[0K
 create mode 100644 Pal/Mpvpre/libraryjs/leaflet-label-0.2.2/images/death.png[0K
 create mode 100644 Pal/Mpvpre/libraryjs/leaflet-label-0.2.2/leaflet.label-src.js[0K
 create mode 100644 Pal/Mpvpre/libraryjs/leaflet-label-0.2.2/leaflet.label.css[0K
 create mode 100644 Pal/Mpvpre/libraryjs/leaflet-label-0.2.2/leaflet.label.js[0K
 create mode 100644 Pal/Mpvpre/libraryjs/leaflet-minimap-3.3.1/Control.MiniMap.css[0K
 create mode 100644 Pal/Mpvpre/libraryjs/leaflet-minimap-3.3.1/Control.MiniMap.js[0K
 create mode 100644 Pal/Mpvpre/libraryjs/leaflet-minimap-3.3.1/Control.MiniMap.min.css[0K
 create mode 100644 Pal/Mpvpre/libraryjs/leaflet-minimap-3.3.1/Control.MiniMap.min.js[0K
 create mode 100644 Pal/Mpvpre/libraryjs/leaflet-minimap-3.3.1/Minimap-binding.js[0K
 create mode 100644 Pal/Mpvpre/libraryjs/leaflet-minimap-3.3.1/images/toggle.png[0K
 create mode 100644 Pal/Mpvpre/libraryjs/leaflet-minimap-3.3.1/images/toggle.svg[0K
 create mode 100644 Pal/Mpvpre/libraryjs/leaflet-providers-1.0.27/CONTRIBUTING.md[0K
 create mode 100644 Pal/Mpvpre/libraryjs/leaflet-providers-1.0.27/README.md[0K
 create mode 100644 Pal/Mpvpre/libraryjs/leaflet-providers-1.0.27/bower.json[0K
 create mode 100644 Pal/Mpvpre/libraryjs/leaflet-providers-1.0.27/css/gh-fork-ribbon.css[0K
 create mode 100644 Pal/Mpvpre/libraryjs/leaflet-providers-1.0.27/css/gh-fork-ribbon.ie.css[0K
 create mode 100644 Pal/Mpvpre/libraryjs/leaflet-providers-1.0.27/leaflet-providers.js[0K
 create mode 100644 Pal/Mpvpre/libraryjs/leaflet-providers-1.0.27/license.md[0K
 create mode 100644 Pal/Mpvpre/libraryjs/leaflet-providers-1.0.27/package.json[0K
 create mode 100644 Pal/Mpvpre/libraryjs/leaflet-providers-1.0.27/providers.json[0K
 create mode 100644 Pal/Mpvpre/libraryjs/leaflet-providers-plugin-1.1.0/leaflet-providers-plugin.j[0Ks
[0K
 create mode 100644 Pal/Mpvpre/libraryjs/leafletfix-1.0.0/leafletfix.css[0K
 create mode 100644 Pal/Postgrado/Nac_col1.html[0K
 create mode 100644 Pal/Postgrado/Nac_comb.html[0K
 create mode 100644 Pal/Postgrado/Nac_dpto.html[0K
 create mode 100644 Pal/Postgrado/Nac_mun.html[0K
 create mode 100644 Pal/Postgrado/Res_col1.html[0K
 create mode 100644 Pal/Postgrado/Res_comb.html[0K
 create mode 100644 Pal/Postgrado/Res_dpto.html[0K
 create mode 100644 Pal/Postgrado/Res_mun.html[0K
 create mode 100644 Pal/Postgrado/libraryjs/Proj4Leaflet-0.7.2/proj4-compressed.js[0K
 create mode 100644 Pal/Postgrado/libraryjs/Proj4Leaflet-0.7.2/proj4.js[0K
 create mode 100644 Pal/Postgrado/libraryjs/Proj4Leaflet-0.7.2/proj4leaflet.js[0K
 create mode 100644 Pal/Postgrado/libraryjs/bootstrap-3.3.7/bootstrap-theme.min.css[0K
 create mode 100644 Pal/Postgrado/libraryjs/bootstrap-3.3.7/bootstrap.min.css[0K
 create mode 100644 Pal/Postgrado/libraryjs/bootstrap-3.3.7/bootstrap.min.js[0K
 create mode 100644 Pal/Postgrado/libraryjs/bootstrap-3.3.7/font-awesome.min.css[0K
 create mode 100644 Pal/Postgrado/libraryjs/bootstrap-3.3.7/fonts/FontAwesome.otf[0K
 create mode 100644 Pal/Postgrado/libraryjs/bootstrap-3.3.7/fonts/fontawesome-webfont.eot[0K
 create mode 100644 Pal/Postgrado/libraryjs/bootstrap-3.3.7/fonts/fontawesome-webfont.svg[0K
 create mode 100644 Pal/Postgrado/libraryjs/bootstrap-3.3.7/fonts/fontawesome-webfont.ttf[0K
 create mode 100644 Pal/Postgrado/libraryjs/bootstrap-3.3.7/fonts/fontawesome-webfont.woff[0K
 create mode 100644 Pal/Postgrado/libraryjs/bootstrap-3.3.7/fonts/glyphicons-halflings-regular.eot[0K
 create mode 100644 Pal/Postgrado/libraryjs/bootstrap-3.3.7/fonts/glyphicons-halflings-regular.svg[0K
 create mode 100644 Pal/Postgrado/libraryjs/bootstrap-3.3.7/fonts/glyphicons-halflings-regular.ttf[0K
 create mode 100644 Pal/Postgrado/libraryjs/bootstrap-3.3.7/fonts/glyphicons-halflings-regular.wof[0Kf
[0K
 create mode 100644 Pal/Postgrado/libraryjs/bootstrap-3.3.7/fonts/ionicons.eot[0K
 create mode 100644 Pal/Postgrado/libraryjs/bootstrap-3.3.7/fonts/ionicons.svg[0K
 create mode 100644 Pal/Postgrado/libraryjs/bootstrap-3.3.7/fonts/ionicons.ttf[0K
 create mode 100644 Pal/Postgrado/libraryjs/bootstrap-3.3.7/fonts/ionicons.woff[0K
 create mode 100644 Pal/Postgrado/libraryjs/bootstrap-3.3.7/images/markers-matte.png[0K
 create mode 100644 Pal/Postgrado/libraryjs/bootstrap-3.3.7/images/markers-matte@2x.png[0K
 create mode 100644 Pal/Postgrado/libraryjs/bootstrap-3.3.7/images/markers-plain.png[0K
 create mode 100644 Pal/Postgrado/libraryjs/bootstrap-3.3.7/images/markers-shadow.png[0K
 create mode 100644 Pal/Postgrado/libraryjs/bootstrap-3.3.7/images/markers-shadow@2x.png[0K
 create mode 100644 Pal/Postgrado/libraryjs/bootstrap-3.3.7/images/markers-soft.png[0K
 create mode 100644 Pal/Postgrado/libraryjs/bootstrap-3.3.7/images/markers-soft@2x.png[0K
 create mode 100644 Pal/Postgrado/libraryjs/bootstrap-3.3.7/ionicons.min.css[0K
 create mode 100644 Pal/Postgrado/libraryjs/bootstrap-3.3.7/leaflet.awesome-markers.css[0K
 create mode 100644 Pal/Postgrado/libraryjs/bootstrap-3.3.7/leaflet.awesome-markers.js[0K
 create mode 100644 Pal/Postgrado/libraryjs/bootstrap-3.3.7/leaflet.awesome-markers.min.js[0K
 delete mode 100644 Pal/Postgrado/libraryjs/jquery-1.12.4/LICENSE.txt[0K
 create mode 100644 Pal/Postgrado/libraryjs/jquery-1.12.4/jquery.js[0K
 create mode 100644 Pal/Postgrado/libraryjs/leaflet-0.7.7/images/1px.png[0K
 create mode 100644 Pal/Postgrado/libraryjs/leaflet-0.7.7/images/layers-2x.png[0K
 create mode 100644 Pal/Postgrado/libraryjs/leaflet-0.7.7/images/layers.png[0K
 create mode 100644 Pal/Postgrado/libraryjs/leaflet-0.7.7/images/marker-icon-2x.png[0K
 create mode 100644 Pal/Postgrado/libraryjs/leaflet-0.7.7/images/marker-icon.png[0K
 create mode 100644 Pal/Postgrado/libraryjs/leaflet-0.7.7/images/marker-shadow.png[0K
 create mode 100644 Pal/Postgrado/libraryjs/leaflet-0.7.7/leaflet-src.js[0K
 create mode 100644 Pal/Postgrado/libraryjs/leaflet-0.7.7/leaflet.css[0K
 create mode 100644 Pal/Postgrado/libraryjs/leaflet-0.7.7/leaflet.js[0K
 create mode 100644 Pal/Postgrado/libraryjs/leaflet-awesomemarkers-2.0.3/bootstrap-theme.min.css[0K
 create mode 100644 Pal/Postgrado/libraryjs/leaflet-awesomemarkers-2.0.3/bootstrap.min.css[0K
 create mode 100644 Pal/Postgrado/libraryjs/leaflet-awesomemarkers-2.0.3/bootstrap.min.js[0K
 create mode 100644 Pal/Postgrado/libraryjs/leaflet-awesomemarkers-2.0.3/font-awesome.min.css[0K
 create mode 100644 Pal/Postgrado/libraryjs/leaflet-awesomemarkers-2.0.3/fonts/FontAwesome.otf[0K
 create mode 100644 Pal/Postgrado/libraryjs/leaflet-awesomemarkers-2.0.3/fonts/fontawesome-webfont[0K.
eot[0K
 create mode 100644 Pal/Postgrado/libraryjs/leaflet-awesomemarkers-2.0.3/fonts/fontawesome-webfont[0K.
svg[0K
 create mode 100644 Pal/Postgrado/libraryjs/leaflet-awesomemarkers-2.0.3/fonts/fontawesome-webfont[0K.
ttf[0K
 create mode 100644 Pal/Postgrado/libraryjs/leaflet-awesomemarkers-2.0.3/fonts/fontawesome-webfont[0K.
woff[0K
 create mode 100644 Pal/Postgrado/libraryjs/leaflet-awesomemarkers-2.0.3/fonts/glyphicons-halfling[0Ks
-regular.eot[0K
 create mode 100644 Pal/Postgrado/libraryjs/leaflet-awesomemarkers-2.0.3/fonts/glyphicons-halfling[0Ks
-regular.svg[0K
 create mode 100644 Pal/Postgrado/libraryjs/leaflet-awesomemarkers-2.0.3/fonts/glyphicons-halfling[0Ks
-regular.ttf[0K
 create mode 100644 Pal/Postgrado/libraryjs/leaflet-awesomemarkers-2.0.3/fonts/glyphicons-halfling[0Ks
-regular.woff[0K
 create mode 100644 Pal/Postgrado/libraryjs/leaflet-awesomemarkers-2.0.3/fonts/ionicons.eot[0K
 create mode 100644 Pal/Postgrado/libraryjs/leaflet-awesomemarkers-2.0.3/fonts/ionicons.svg[0K
 create mode 100644 Pal/Postgrado/libraryjs/leaflet-awesomemarkers-2.0.3/fonts/ionicons.ttf[0K
 create mode 100644 Pal/Postgrado/libraryjs/leaflet-awesomemarkers-2.0.3/fonts/ionicons.woff[0K
 create mode 100644 Pal/Postgrado/libraryjs/leaflet-awesomemarkers-2.0.3/images/markers-matte.png[0K
 create mode 100644 Pal/Postgrado/libraryjs/leaflet-awesomemarkers-2.0.3/images/markers-matte@2x.p[0Kn
g[0K
 create mode 100644 Pal/Postgrado/libraryjs/leaflet-awesomemarkers-2.0.3/images/markers-plain.png[0K
 create mode 100644 Pal/Postgrado/libraryjs/leaflet-awesomemarkers-2.0.3/images/markers-shadow.png[0K
 create mode 100644 Pal/Postgrado/libraryjs/leaflet-awesomemarkers-2.0.3/images/markers-shadow@2x.[0Kp
ng[0K
 create mode 100644 Pal/Postgrado/libraryjs/leaflet-awesomemarkers-2.0.3/images/markers-soft.png[0K
 create mode 100644 Pal/Postgrado/libraryjs/leaflet-awesomemarkers-2.0.3/images/markers-soft@2x.pn[0Kg
[0K
 create mode 100644 Pal/Postgrado/libraryjs/leaflet-awesomemarkers-2.0.3/ionicons.min.css[0K
 create mode 100644 Pal/Postgrado/libraryjs/leaflet-awesomemarkers-2.0.3/leaflet.awesome-markers.c[0Ks
s[0K
 create mode 100644 Pal/Postgrado/libraryjs/leaflet-awesomemarkers-2.0.3/leaflet.awesome-markers.j[0Ks
[0K
 create mode 100644 Pal/Postgrado/libraryjs/leaflet-awesomemarkers-2.0.3/leaflet.awesome-markers.m[0Ki
n.js[0K
 create mode 100644 Pal/Postgrado/libraryjs/leaflet-binding-1.1.0/leaflet.js[0K
 create mode 100644 Pal/Postgrado/libraryjs/leaflet-binding-1.1.0/leaflet.yaml[0K
 create mode 100644 Pal/Postgrado/libraryjs/leaflet-binding-1.1.0/lib/Leaflet.label/images/death.p[0Kn
g[0K
 create mode 100644 Pal/Postgrado/libraryjs/leaflet-binding-1.1.0/lib/Leaflet.label/leaflet.label-[0Ks
rc.js[0K
 create mode 100644 Pal/Postgrado/libraryjs/leaflet-binding-1.1.0/lib/Leaflet.label/leaflet.label.[0Kc
ss[0K
 create mode 100644 Pal/Postgrado/libraryjs/leaflet-binding-1.1.0/lib/Leaflet.label/leaflet.label.[0Kj
s[0K
 create mode 100644 Pal/Postgrado/libraryjs/leaflet-binding-1.1.0/lib/jquery/jquery.js[0K
 rename {20191/Nal/Mpvpre/libraryjs/jquery-1.12.4 => Pal/Postgrado/libraryjs/leaflet-binding-1.1.0[0K/
lib/jquery}/jquery.min.js (100%)[0K
 create mode 100644 Pal/Postgrado/libraryjs/leaflet-binding-1.1.0/lib/leaflet-measure/images/cance[0Kl
.png[0K
 create mode 100644 Pal/Postgrado/libraryjs/leaflet-binding-1.1.0/lib/leaflet-measure/images/cance[0Kl
_@2X.png[0K
 create mode 100644 Pal/Postgrado/libraryjs/leaflet-binding-1.1.0/lib/leaflet-measure/images/check[0K.
png[0K
 create mode 100644 Pal/Postgrado/libraryjs/leaflet-binding-1.1.0/lib/leaflet-measure/images/check[0K_
@2X.png[0K
 create mode 100644 Pal/Postgrado/libraryjs/leaflet-binding-1.1.0/lib/leaflet-measure/images/focus[0K.
png[0K
 create mode 100644 Pal/Postgrado/libraryjs/leaflet-binding-1.1.0/lib/leaflet-measure/images/focus[0K_
@2X.png[0K
 create mode 100644 Pal/Postgrado/libraryjs/leaflet-binding-1.1.0/lib/leaflet-measure/images/ruler[0Ks
.png[0K
 create mode 100644 Pal/Postgrado/libraryjs/leaflet-binding-1.1.0/lib/leaflet-measure/images/ruler[0Ks
_@2X.png[0K
 create mode 100644 Pal/Postgrado/libraryjs/leaflet-binding-1.1.0/lib/leaflet-measure/images/start[0K.
png[0K
 create mode 100644 Pal/Postgrado/libraryjs/leaflet-binding-1.1.0/lib/leaflet-measure/images/start[0K_
@2X.png[0K
 create mode 100644 Pal/Postgrado/libraryjs/leaflet-binding-1.1.0/lib/leaflet-measure/images/trash[0K.
png[0K
 create mode 100644 Pal/Postgrado/libraryjs/leaflet-binding-1.1.0/lib/leaflet-measure/images/trash[0K_
@2X.png[0K
 create mode 100644 Pal/Postgrado/libraryjs/leaflet-binding-1.1.0/lib/leaflet-measure/leaflet-meas[0Ku
re.css[0K
 create mode 100644 Pal/Postgrado/libraryjs/leaflet-binding-1.1.0/lib/leaflet-measure/leaflet-meas[0Ku
re.js[0K
 create mode 100644 Pal/Postgrado/libraryjs/leaflet-binding-1.1.0/lib/leaflet-measure/leaflet-meas[0Ku
re.min.js[0K
 create mode 100644 Pal/Postgrado/libraryjs/leaflet-binding-1.1.0/lib/leaflet-omnivore/index.js[0K
 create mode 100644 Pal/Postgrado/libraryjs/leaflet-binding-1.1.0/lib/leaflet-omnivore/leaflet-omn[0Ki
vore.js[0K
 create mode 100644 Pal/Postgrado/libraryjs/leaflet-binding-1.1.0/lib/leaflet-omnivore/leaflet-omn[0Ki
vore.min.js[0K
 create mode 100644 Pal/Postgrado/libraryjs/leaflet-binding-1.1.0/lib/leaflet-omnivore/package.jso[0Kn
[0K
 create mode 100644 Pal/Postgrado/libraryjs/leaflet-binding-1.1.0/lib/leaflet-providers/CONTRIBUTI[0KN
G.md[0K
 create mode 100644 Pal/Postgrado/libraryjs/leaflet-binding-1.1.0/lib/leaflet-providers/README.md[0K
 create mode 100644 Pal/Postgrado/libraryjs/leaflet-binding-1.1.0/lib/leaflet-providers/bower.json[0K
 create mode 100644 Pal/Postgrado/libraryjs/leaflet-binding-1.1.0/lib/leaflet-providers/css/gh-for[0Kk
-ribbon.css[0K
 create mode 100644 Pal/Postgrado/libraryjs/leaflet-binding-1.1.0/lib/leaflet-providers/css/gh-for[0Kk
-ribbon.ie.css[0K
 create mode 100644 Pal/Postgrado/libraryjs/leaflet-binding-1.1.0/lib/leaflet-providers/leaflet-pr[0Ko
viders.js[0K
 create mode 100644 Pal/Postgrado/libraryjs/leaflet-binding-1.1.0/lib/leaflet-providers/license.md[0K
 create mode 100644 Pal/Postgrado/libraryjs/leaflet-binding-1.1.0/lib/leaflet-providers/package.js[0Ko
n[0K
 create mode 100644 Pal/Postgrado/libraryjs/leaflet-binding-1.1.0/lib/leaflet-providers/providers.[0Kj
son[0K
 create mode 100644 Pal/Postgrado/libraryjs/leaflet-binding-1.1.0/lib/leaflet/images/1px.png[0K
 create mode 100644 Pal/Postgrado/libraryjs/leaflet-binding-1.1.0/lib/leaflet/images/layers-2x.png[0K
 create mode 100644 Pal/Postgrado/libraryjs/leaflet-binding-1.1.0/lib/leaflet/images/layers.png[0K
 create mode 100644 Pal/Postgrado/libraryjs/leaflet-binding-1.1.0/lib/leaflet/images/marker-icon-2[0Kx
.png[0K
 create mode 100644 Pal/Postgrado/libraryjs/leaflet-binding-1.1.0/lib/leaflet/images/marker-icon.p[0Kn
g[0K
 create mode 100644 Pal/Postgrado/libraryjs/leaflet-binding-1.1.0/lib/leaflet/images/marker-shadow[0K.
png[0K
 create mode 100644 Pal/Postgrado/libraryjs/leaflet-binding-1.1.0/lib/leaflet/leaflet-src.js[0K
 create mode 100644 Pal/Postgrado/libraryjs/leaflet-binding-1.1.0/lib/leaflet/leaflet.css[0K
 create mode 100644 Pal/Postgrado/libraryjs/leaflet-binding-1.1.0/lib/leaflet/leaflet.js[0K
 create mode 100644 Pal/Postgrado/libraryjs/leaflet-binding-1.1.0/lib/leafletfix/leafletfix.css[0K
 create mode 100644 Pal/Postgrado/libraryjs/leaflet-binding-1.1.0/plugins/Leaflet-MiniMap/Control.[0KM
iniMap.css[0K
 create mode 100644 Pal/Postgrado/libraryjs/leaflet-binding-1.1.0/plugins/Leaflet-MiniMap/Control.[0KM
iniMap.js[0K
 create mode 100644 Pal/Postgrado/libraryjs/leaflet-binding-1.1.0/plugins/Leaflet-MiniMap/Control.[0KM
iniMap.min.css[0K
 create mode 100644 Pal/Postgrado/libraryjs/leaflet-binding-1.1.0/plugins/Leaflet-MiniMap/Control.[0KM
iniMap.min.js[0K
 create mode 100644 Pal/Postgrado/libraryjs/leaflet-binding-1.1.0/plugins/Leaflet-MiniMap/Minimap-[0Kb
inding.js[0K
 create mode 100644 Pal/Postgrado/libraryjs/leaflet-binding-1.1.0/plugins/Leaflet-MiniMap/images/t[0Ko
ggle.png[0K
 create mode 100644 Pal/Postgrado/libraryjs/leaflet-binding-1.1.0/plugins/Leaflet-MiniMap/images/t[0Ko
ggle.svg[0K
 create mode 100644 Pal/Postgrado/libraryjs/leaflet-binding-1.1.0/plugins/Leaflet.EasyButton/EasyB[0Ku
tton-binding.js[0K
 create mode 100644 Pal/Postgrado/libraryjs/leaflet-binding-1.1.0/plugins/Leaflet.EasyButton/LICEN[0KS
E[0K
 create mode 100644 Pal/Postgrado/libraryjs/leaflet-binding-1.1.0/plugins/Leaflet.EasyButton/easy-[0Kb
utton.css[0K
 create mode 100644 Pal/Postgrado/libraryjs/leaflet-binding-1.1.0/plugins/Leaflet.EasyButton/easy-[0Kb
utton.js[0K
 create mode 100644 Pal/Postgrado/libraryjs/leaflet-binding-1.1.0/plugins/Leaflet.Graticule/Gratic[0Ku
le-binding.js[0K
 create mode 100644 Pal/Postgrado/libraryjs/leaflet-binding-1.1.0/plugins/Leaflet.Graticule/L.Grat[0Ki
cule.js[0K
 create mode 100644 Pal/Postgrado/libraryjs/leaflet-binding-1.1.0/plugins/Leaflet.SimpleGraticule/[0KL
.SimpleGraticule.css[0K
 create mode 100644 Pal/Postgrado/libraryjs/leaflet-binding-1.1.0/plugins/Leaflet.SimpleGraticule/[0KL
.SimpleGraticule.js[0K
 create mode 100644 Pal/Postgrado/libraryjs/leaflet-binding-1.1.0/plugins/Leaflet.SimpleGraticule/[0KS
impleGraticule-binding.js[0K
 create mode 100644 Pal/Postgrado/libraryjs/leaflet-binding-1.1.0/plugins/Leaflet.Terminator/L.Ter[0Km
inator.js[0K
 create mode 100644 Pal/Postgrado/libraryjs/leaflet-binding-1.1.0/plugins/Leaflet.Terminator/Termi[0Kn
ator-binding.js[0K
 create mode 100644 Pal/Postgrado/libraryjs/leaflet-binding-1.1.0/plugins/Leaflet.awesome-markers/[0Kb
ootstrap-theme.min.css[0K
 create mode 100644 Pal/Postgrado/libraryjs/leaflet-binding-1.1.0/plugins/Leaflet.awesome-markers/[0Kb
ootstrap.min.css[0K
 create mode 100644 Pal/Postgrado/libraryjs/leaflet-binding-1.1.0/plugins/Leaflet.awesome-markers/[0Kb
ootstrap.min.js[0K
 create mode 100644 Pal/Postgrado/libraryjs/leaflet-binding-1.1.0/plugins/Leaflet.awesome-markers/[0Kf
ont-awesome.min.css[0K
 create mode 100644 Pal/Postgrado/libraryjs/leaflet-binding-1.1.0/plugins/Leaflet.awesome-markers/[0Kf
onts/FontAwesome.otf[0K
 create mode 100644 Pal/Postgrado/libraryjs/leaflet-binding-1.1.0/plugins/Leaflet.awesome-markers/[0Kf
onts/fontawesome-webfont.eot[0K
 create mode 100644 Pal/Postgrado/libraryjs/leaflet-binding-1.1.0/plugins/Leaflet.awesome-markers/[0Kf
onts/fontawesome-webfont.svg[0K
 create mode 100644 Pal/Postgrado/libraryjs/leaflet-binding-1.1.0/plugins/Leaflet.awesome-markers/[0Kf
onts/fontawesome-webfont.ttf[0K
 create mode 100644 Pal/Postgrado/libraryjs/leaflet-binding-1.1.0/plugins/Leaflet.awesome-markers/[0Kf
onts/fontawesome-webfont.woff[0K
 create mode 100644 Pal/Postgrado/libraryjs/leaflet-binding-1.1.0/plugins/Leaflet.awesome-markers/[0Kf
onts/glyphicons-halflings-regular.eot[0K
 create mode 100644 Pal/Postgrado/libraryjs/leaflet-binding-1.1.0/plugins/Leaflet.awesome-markers/[0Kf
onts/glyphicons-halflings-regular.svg[0K
 create mode 100644 Pal/Postgrado/libraryjs/leaflet-binding-1.1.0/plugins/Leaflet.awesome-markers/[0Kf
onts/glyphicons-halflings-regular.ttf[0K
 create mode 100644 Pal/Postgrado/libraryjs/leaflet-binding-1.1.0/plugins/Leaflet.awesome-markers/[0Kf
onts/glyphicons-halflings-regular.woff[0K
 create mode 100644 Pal/Postgrado/libraryjs/leaflet-binding-1.1.0/plugins/Leaflet.awesome-markers/[0Kf
onts/ionicons.eot[0K
 create mode 100644 Pal/Postgrado/libraryjs/leaflet-binding-1.1.0/plugins/Leaflet.awesome-markers/[0Kf
onts/ionicons.svg[0K
 create mode 100644 Pal/Postgrado/libraryjs/leaflet-binding-1.1.0/plugins/Leaflet.awesome-markers/[0Kf
onts/ionicons.ttf[0K
 create mode 100644 Pal/Postgrado/libraryjs/leaflet-binding-1.1.0/plugins/Leaflet.awesome-markers/[0Kf
onts/ionicons.woff[0K
 create mode 100644 Pal/Postgrado/libraryjs/leaflet-binding-1.1.0/plugins/Leaflet.awesome-markers/[0Ki
mages/markers-matte.png[0K
 create mode 100644 Pal/Postgrado/libraryjs/leaflet-binding-1.1.0/plugins/Leaflet.awesome-markers/[0Ki
mages/markers-matte@2x.png[0K
 create mode 100644 Pal/Postgrado/libraryjs/leaflet-binding-1.1.0/plugins/Leaflet.awesome-markers/[0Ki
mages/markers-plain.png[0K
 create mode 100644 Pal/Postgrado/libraryjs/leaflet-binding-1.1.0/plugins/Leaflet.awesome-markers/[0Ki
mages/markers-shadow.png[0K
 create mode 100644 Pal/Postgrado/libraryjs/leaflet-binding-1.1.0/plugins/Leaflet.awesome-markers/[0Ki
mages/markers-shadow@2x.png[0K
 create mode 100644 Pal/Postgrado/libraryjs/leaflet-binding-1.1.0/plugins/Leaflet.awesome-markers/[0Ki
mages/markers-soft.png[0K
 create mode 100644 Pal/Postgrado/libraryjs/leaflet-binding-1.1.0/plugins/Leaflet.awesome-markers/[0Ki
mages/markers-soft@2x.png[0K
 create mode 100644 Pal/Postgrado/libraryjs/leaflet-binding-1.1.0/plugins/Leaflet.awesome-markers/[0Ki
onicons.min.css[0K
 create mode 100644 Pal/Postgrado/libraryjs/leaflet-binding-1.1.0/plugins/Leaflet.awesome-markers/[0Kl
eaflet.awesome-markers.css[0K
 create mode 100644 Pal/Postgrado/libraryjs/leaflet-binding-1.1.0/plugins/Leaflet.awesome-markers/[0Kl
eaflet.awesome-markers.js[0K
 create mode 100644 Pal/Postgrado/libraryjs/leaflet-binding-1.1.0/plugins/Leaflet.awesome-markers/[0Kl
eaflet.awesome-markers.min.js[0K
 create mode 100644 Pal/Postgrado/libraryjs/leaflet-binding-1.1.0/plugins/Leaflet.markercluster/MI[0KT
-LICENCE.txt[0K
 create mode 100644 Pal/Postgrado/libraryjs/leaflet-binding-1.1.0/plugins/Leaflet.markercluster/Ma[0Kr
kerCluster.Default.css[0K
 create mode 100644 Pal/Postgrado/libraryjs/leaflet-binding-1.1.0/plugins/Leaflet.markercluster/Ma[0Kr
kerCluster.css[0K
 create mode 100644 Pal/Postgrado/libraryjs/leaflet-binding-1.1.0/plugins/Leaflet.markercluster/le[0Ka
flet.markercluster-src.js[0K
 create mode 100644 Pal/Postgrado/libraryjs/leaflet-binding-1.1.0/plugins/Leaflet.markercluster/le[0Ka
flet.markercluster.freezable-src.js[0K
 create mode 100644 Pal/Postgrado/libraryjs/leaflet-binding-1.1.0/plugins/Leaflet.markercluster/le[0Ka
flet.markercluster.js[0K
 create mode 100644 Pal/Postgrado/libraryjs/leaflet-binding-1.1.0/plugins/Leaflet.markercluster/le[0Ka
flet.markercluster.layersupport-src.js[0K
 create mode 100644 Pal/Postgrado/libraryjs/leaflet-binding-1.1.0/plugins/Proj4Leaflet/proj4-compr[0Ke
ssed.js[0K
 create mode 100644 Pal/Postgrado/libraryjs/leaflet-binding-1.1.0/plugins/Proj4Leaflet/proj4.js[0K
 create mode 100644 Pal/Postgrado/libraryjs/leaflet-binding-1.1.0/plugins/Proj4Leaflet/proj4leafle[0Kt
.js[0K
 create mode 100644 Pal/Postgrado/libraryjs/leaflet-binding-1.1.0/plugins/leaflet-locationfilter/i[0Km
g/filter-icon.png[0K
 create mode 100644 Pal/Postgrado/libraryjs/leaflet-binding-1.1.0/plugins/leaflet-locationfilter/i[0Km
g/move-handle.png[0K
 create mode 100644 Pal/Postgrado/libraryjs/leaflet-binding-1.1.0/plugins/leaflet-locationfilter/i[0Km
g/resize-handle.png[0K
 create mode 100644 Pal/Postgrado/libraryjs/leaflet-binding-1.1.0/plugins/leaflet-locationfilter/l[0Ko
cationfilter-bindings.js[0K
 create mode 100644 Pal/Postgrado/libraryjs/leaflet-binding-1.1.0/plugins/leaflet-locationfilter/l[0Ko
cationfilter.css[0K
 create mode 100644 Pal/Postgrado/libraryjs/leaflet-binding-1.1.0/plugins/leaflet-locationfilter/l[0Ko
cationfilter.js[0K
 create mode 100644 Pal/Postgrado/libraryjs/leaflet-binding-1.1.0/plugins/leaflet-providers-plugin[0K/
leaflet-providers-plugin.js[0K
 create mode 100644 Pal/Postgrado/libraryjs/leaflet-easybutton-1.3.1/EasyButton-binding.js[0K
 create mode 100644 Pal/Postgrado/libraryjs/leaflet-easybutton-1.3.1/LICENSE[0K
 create mode 100644 Pal/Postgrado/libraryjs/leaflet-easybutton-1.3.1/easy-button.css[0K
 create mode 100644 Pal/Postgrado/libraryjs/leaflet-easybutton-1.3.1/easy-button.js[0K
 create mode 100644 Pal/Postgrado/libraryjs/leaflet-label-0.2.2/images/death.png[0K
 create mode 100644 Pal/Postgrado/libraryjs/leaflet-label-0.2.2/leaflet.label-src.js[0K
 create mode 100644 Pal/Postgrado/libraryjs/leaflet-label-0.2.2/leaflet.label.css[0K
 create mode 100644 Pal/Postgrado/libraryjs/leaflet-label-0.2.2/leaflet.label.js[0K
 create mode 100644 Pal/Postgrado/libraryjs/leaflet-minimap-3.3.1/Control.MiniMap.css[0K
 create mode 100644 Pal/Postgrado/libraryjs/leaflet-minimap-3.3.1/Control.MiniMap.js[0K
 create mode 100644 Pal/Postgrado/libraryjs/leaflet-minimap-3.3.1/Control.MiniMap.min.css[0K
 create mode 100644 Pal/Postgrado/libraryjs/leaflet-minimap-3.3.1/Control.MiniMap.min.js[0K
 create mode 100644 Pal/Postgrado/libraryjs/leaflet-minimap-3.3.1/Minimap-binding.js[0K
 create mode 100644 Pal/Postgrado/libraryjs/leaflet-minimap-3.3.1/images/toggle.png[0K
 create mode 100644 Pal/Postgrado/libraryjs/leaflet-minimap-3.3.1/images/toggle.svg[0K
 create mode 100644 Pal/Postgrado/libraryjs/leaflet-providers-1.0.27/CONTRIBUTING.md[0K
 create mode 100644 Pal/Postgrado/libraryjs/leaflet-providers-1.0.27/README.md[0K
 create mode 100644 Pal/Postgrado/libraryjs/leaflet-providers-1.0.27/bower.json[0K
 create mode 100644 Pal/Postgrado/libraryjs/leaflet-providers-1.0.27/css/gh-fork-ribbon.css[0K
 create mode 100644 Pal/Postgrado/libraryjs/leaflet-providers-1.0.27/css/gh-fork-ribbon.ie.css[0K
 create mode 100644 Pal/Postgrado/libraryjs/leaflet-providers-1.0.27/leaflet-providers.js[0K
 create mode 100644 Pal/Postgrado/libraryjs/leaflet-providers-1.0.27/license.md[0K
 create mode 100644 Pal/Postgrado/libraryjs/leaflet-providers-1.0.27/package.json[0K
 create mode 100644 Pal/Postgrado/libraryjs/leaflet-providers-1.0.27/providers.json[0K
 create mode 100644 Pal/Postgrado/libraryjs/leaflet-providers-plugin-1.1.0/leaflet-providers-plugi[0Kn
.js[0K
 create mode 100644 Pal/Postgrado/libraryjs/leafletfix-1.0.0/leafletfix.css[0K
 create mode 100644 Pal/Pregrado/Nac_col1.html[0K
 create mode 100644 Pal/Pregrado/Nac_comb.html[0K
 create mode 100644 Pal/Pregrado/Nac_dpto.html[0K
 create mode 100644 Pal/Pregrado/Nac_mun.html[0K
 create mode 100644 Pal/Pregrado/Res_col1.html[0K
 create mode 100644 Pal/Pregrado/Res_comb.html[0K
 create mode 100644 Pal/Pregrado/Res_dpto.html[0K
 create mode 100644 Pal/Pregrado/Res_mun.html[0K
 create mode 100644 Pal/Pregrado/libraryjs/Proj4Leaflet-0.7.2/proj4-compressed.js[0K
 create mode 100644 Pal/Pregrado/libraryjs/Proj4Leaflet-0.7.2/proj4.js[0K
 create mode 100644 Pal/Pregrado/libraryjs/Proj4Leaflet-0.7.2/proj4leaflet.js[0K
 create mode 100644 Pal/Pregrado/libraryjs/bootstrap-3.3.7/bootstrap-theme.min.css[0K
 create mode 100644 Pal/Pregrado/libraryjs/bootstrap-3.3.7/bootstrap.min.css[0K
 create mode 100644 Pal/Pregrado/libraryjs/bootstrap-3.3.7/bootstrap.min.js[0K
 create mode 100644 Pal/Pregrado/libraryjs/bootstrap-3.3.7/font-awesome.min.css[0K
 create mode 100644 Pal/Pregrado/libraryjs/bootstrap-3.3.7/fonts/FontAwesome.otf[0K
 create mode 100644 Pal/Pregrado/libraryjs/bootstrap-3.3.7/fonts/fontawesome-webfont.eot[0K
 create mode 100644 Pal/Pregrado/libraryjs/bootstrap-3.3.7/fonts/fontawesome-webfont.svg[0K
 create mode 100644 Pal/Pregrado/libraryjs/bootstrap-3.3.7/fonts/fontawesome-webfont.ttf[0K
 create mode 100644 Pal/Pregrado/libraryjs/bootstrap-3.3.7/fonts/fontawesome-webfont.woff[0K
 create mode 100644 Pal/Pregrado/libraryjs/bootstrap-3.3.7/fonts/glyphicons-halflings-regular.eot[0K
 create mode 100644 Pal/Pregrado/libraryjs/bootstrap-3.3.7/fonts/glyphicons-halflings-regular.svg[0K
 create mode 100644 Pal/Pregrado/libraryjs/bootstrap-3.3.7/fonts/glyphicons-halflings-regular.ttf[0K
 create mode 100644 Pal/Pregrado/libraryjs/bootstrap-3.3.7/fonts/glyphicons-halflings-regular.woff[0K
 create mode 100644 Pal/Pregrado/libraryjs/bootstrap-3.3.7/fonts/ionicons.eot[0K
 create mode 100644 Pal/Pregrado/libraryjs/bootstrap-3.3.7/fonts/ionicons.svg[0K
 create mode 100644 Pal/Pregrado/libraryjs/bootstrap-3.3.7/fonts/ionicons.ttf[0K
 create mode 100644 Pal/Pregrado/libraryjs/bootstrap-3.3.7/fonts/ionicons.woff[0K
 create mode 100644 Pal/Pregrado/libraryjs/bootstrap-3.3.7/images/markers-matte.png[0K
 create mode 100644 Pal/Pregrado/libraryjs/bootstrap-3.3.7/images/markers-matte@2x.png[0K
 create mode 100644 Pal/Pregrado/libraryjs/bootstrap-3.3.7/images/markers-plain.png[0K
 create mode 100644 Pal/Pregrado/libraryjs/bootstrap-3.3.7/images/markers-shadow.png[0K
 create mode 100644 Pal/Pregrado/libraryjs/bootstrap-3.3.7/images/markers-shadow@2x.png[0K
 create mode 100644 Pal/Pregrado/libraryjs/bootstrap-3.3.7/images/markers-soft.png[0K
 create mode 100644 Pal/Pregrado/libraryjs/bootstrap-3.3.7/images/markers-soft@2x.png[0K
 create mode 100644 Pal/Pregrado/libraryjs/bootstrap-3.3.7/ionicons.min.css[0K
 create mode 100644 Pal/Pregrado/libraryjs/bootstrap-3.3.7/leaflet.awesome-markers.css[0K
 create mode 100644 Pal/Pregrado/libraryjs/bootstrap-3.3.7/leaflet.awesome-markers.js[0K
 create mode 100644 Pal/Pregrado/libraryjs/bootstrap-3.3.7/leaflet.awesome-markers.min.js[0K
 delete mode 100644 Pal/Pregrado/libraryjs/jquery-1.12.4/LICENSE.txt[0K
 create mode 100644 Pal/Pregrado/libraryjs/jquery-1.12.4/jquery.js[0K
 create mode 100644 Pal/Pregrado/libraryjs/leaflet-0.7.7/images/1px.png[0K
 create mode 100644 Pal/Pregrado/libraryjs/leaflet-0.7.7/images/layers-2x.png[0K
 create mode 100644 Pal/Pregrado/libraryjs/leaflet-0.7.7/images/layers.png[0K
 create mode 100644 Pal/Pregrado/libraryjs/leaflet-0.7.7/images/marker-icon-2x.png[0K
 create mode 100644 Pal/Pregrado/libraryjs/leaflet-0.7.7/images/marker-icon.png[0K
 create mode 100644 Pal/Pregrado/libraryjs/leaflet-0.7.7/images/marker-shadow.png[0K
 create mode 100644 Pal/Pregrado/libraryjs/leaflet-0.7.7/leaflet-src.js[0K
 create mode 100644 Pal/Pregrado/libraryjs/leaflet-0.7.7/leaflet.css[0K
 create mode 100644 Pal/Pregrado/libraryjs/leaflet-0.7.7/leaflet.js[0K
 create mode 100644 Pal/Pregrado/libraryjs/leaflet-awesomemarkers-2.0.3/bootstrap-theme.min.css[0K
 create mode 100644 Pal/Pregrado/libraryjs/leaflet-awesomemarkers-2.0.3/bootstrap.min.css[0K
 create mode 100644 Pal/Pregrado/libraryjs/leaflet-awesomemarkers-2.0.3/bootstrap.min.js[0K
 create mode 100644 Pal/Pregrado/libraryjs/leaflet-awesomemarkers-2.0.3/font-awesome.min.css[0K
 create mode 100644 Pal/Pregrado/libraryjs/leaflet-awesomemarkers-2.0.3/fonts/FontAwesome.otf[0K
 create mode 100644 Pal/Pregrado/libraryjs/leaflet-awesomemarkers-2.0.3/fonts/fontawesome-webfont.[0Ke
ot[0K
 create mode 100644 Pal/Pregrado/libraryjs/leaflet-awesomemarkers-2.0.3/fonts/fontawesome-webfont.[0Ks
vg[0K
 create mode 100644 Pal/Pregrado/libraryjs/leaflet-awesomemarkers-2.0.3/fonts/fontawesome-webfont.[0Kt
tf[0K
 create mode 100644 Pal/Pregrado/libraryjs/leaflet-awesomemarkers-2.0.3/fonts/fontawesome-webfont.[0Kw
off[0K
 create mode 100644 Pal/Pregrado/libraryjs/leaflet-awesomemarkers-2.0.3/fonts/glyphicons-halflings[0K-
regular.eot[0K
 create mode 100644 Pal/Pregrado/libraryjs/leaflet-awesomemarkers-2.0.3/fonts/glyphicons-halflings[0K-
regular.svg[0K
 create mode 100644 Pal/Pregrado/libraryjs/leaflet-awesomemarkers-2.0.3/fonts/glyphicons-halflings[0K-
regular.ttf[0K
 create mode 100644 Pal/Pregrado/libraryjs/leaflet-awesomemarkers-2.0.3/fonts/glyphicons-halflings[0K-
regular.woff[0K
 create mode 100644 Pal/Pregrado/libraryjs/leaflet-awesomemarkers-2.0.3/fonts/ionicons.eot[0K
 create mode 100644 Pal/Pregrado/libraryjs/leaflet-awesomemarkers-2.0.3/fonts/ionicons.svg[0K
 create mode 100644 Pal/Pregrado/libraryjs/leaflet-awesomemarkers-2.0.3/fonts/ionicons.ttf[0K
 create mode 100644 Pal/Pregrado/libraryjs/leaflet-awesomemarkers-2.0.3/fonts/ionicons.woff[0K
 create mode 100644 Pal/Pregrado/libraryjs/leaflet-awesomemarkers-2.0.3/images/markers-matte.png[0K
 create mode 100644 Pal/Pregrado/libraryjs/leaflet-awesomemarkers-2.0.3/images/markers-matte@2x.pn[0Kg
[0K
 create mode 100644 Pal/Pregrado/libraryjs/leaflet-awesomemarkers-2.0.3/images/markers-plain.png[0K
 create mode 100644 Pal/Pregrado/libraryjs/leaflet-awesomemarkers-2.0.3/images/markers-shadow.png[0K
 create mode 100644 Pal/Pregrado/libraryjs/leaflet-awesomemarkers-2.0.3/images/markers-shadow@2x.p[0Kn
g[0K
 create mode 100644 Pal/Pregrado/libraryjs/leaflet-awesomemarkers-2.0.3/images/markers-soft.png[0K
 create mode 100644 Pal/Pregrado/libraryjs/leaflet-awesomemarkers-2.0.3/images/markers-soft@2x.png[0K
 create mode 100644 Pal/Pregrado/libraryjs/leaflet-awesomemarkers-2.0.3/ionicons.min.css[0K
 create mode 100644 Pal/Pregrado/libraryjs/leaflet-awesomemarkers-2.0.3/leaflet.awesome-markers.cs[0Ks
[0K
 create mode 100644 Pal/Pregrado/libraryjs/leaflet-awesomemarkers-2.0.3/leaflet.awesome-markers.js[0K
 create mode 100644 Pal/Pregrado/libraryjs/leaflet-awesomemarkers-2.0.3/leaflet.awesome-markers.mi[0Kn
.js[0K
 create mode 100644 Pal/Pregrado/libraryjs/leaflet-binding-1.1.0/leaflet.js[0K
 create mode 100644 Pal/Pregrado/libraryjs/leaflet-binding-1.1.0/leaflet.yaml[0K
 create mode 100644 Pal/Pregrado/libraryjs/leaflet-binding-1.1.0/lib/Leaflet.label/images/death.pn[0Kg
[0K
 create mode 100644 Pal/Pregrado/libraryjs/leaflet-binding-1.1.0/lib/Leaflet.label/leaflet.label-s[0Kr
c.js[0K
 create mode 100644 Pal/Pregrado/libraryjs/leaflet-binding-1.1.0/lib/Leaflet.label/leaflet.label.c[0Ks
s[0K
 create mode 100644 Pal/Pregrado/libraryjs/leaflet-binding-1.1.0/lib/Leaflet.label/leaflet.label.j[0Ks
[0K
 create mode 100644 Pal/Pregrado/libraryjs/leaflet-binding-1.1.0/lib/jquery/jquery.js[0K
 rename {20191/Nal/Mpvpre => Pal/Pregrado}/libraryjs/leaflet-binding-1.1.0/lib/jquery/jquery.min.j[0Ks
 (100%)[0K
 create mode 100644 Pal/Pregrado/libraryjs/leaflet-binding-1.1.0/lib/leaflet-measure/images/cancel[0K.
png[0K
 create mode 100644 Pal/Pregrado/libraryjs/leaflet-binding-1.1.0/lib/leaflet-measure/images/cancel[0K_
@2X.png[0K
 create mode 100644 Pal/Pregrado/libraryjs/leaflet-binding-1.1.0/lib/leaflet-measure/images/check.[0Kp
ng[0K
 create mode 100644 Pal/Pregrado/libraryjs/leaflet-binding-1.1.0/lib/leaflet-measure/images/check_[0K@
2X.png[0K
 create mode 100644 Pal/Pregrado/libraryjs/leaflet-binding-1.1.0/lib/leaflet-measure/images/focus.[0Kp
ng[0K
 create mode 100644 Pal/Pregrado/libraryjs/leaflet-binding-1.1.0/lib/leaflet-measure/images/focus_[0K@
2X.png[0K
 create mode 100644 Pal/Pregrado/libraryjs/leaflet-binding-1.1.0/lib/leaflet-measure/images/rulers[0K.
png[0K
 create mode 100644 Pal/Pregrado/libraryjs/leaflet-binding-1.1.0/lib/leaflet-measure/images/rulers[0K_
@2X.png[0K
 create mode 100644 Pal/Pregrado/libraryjs/leaflet-binding-1.1.0/lib/leaflet-measure/images/start.[0Kp
ng[0K
 create mode 100644 Pal/Pregrado/libraryjs/leaflet-binding-1.1.0/lib/leaflet-measure/images/start_[0K@
2X.png[0K
 create mode 100644 Pal/Pregrado/libraryjs/leaflet-binding-1.1.0/lib/leaflet-measure/images/trash.[0Kp
ng[0K
 create mode 100644 Pal/Pregrado/libraryjs/leaflet-binding-1.1.0/lib/leaflet-measure/images/trash_[0K@
2X.png[0K
 create mode 100644 Pal/Pregrado/libraryjs/leaflet-binding-1.1.0/lib/leaflet-measure/leaflet-measu[0Kr
e.css[0K
 create mode 100644 Pal/Pregrado/libraryjs/leaflet-binding-1.1.0/lib/leaflet-measure/leaflet-measu[0Kr
e.js[0K
 create mode 100644 Pal/Pregrado/libraryjs/leaflet-binding-1.1.0/lib/leaflet-measure/leaflet-measu[0Kr
e.min.js[0K
 create mode 100644 Pal/Pregrado/libraryjs/leaflet-binding-1.1.0/lib/leaflet-omnivore/index.js[0K
 create mode 100644 Pal/Pregrado/libraryjs/leaflet-binding-1.1.0/lib/leaflet-omnivore/leaflet-omni[0Kv
ore.js[0K
 create mode 100644 Pal/Pregrado/libraryjs/leaflet-binding-1.1.0/lib/leaflet-omnivore/leaflet-omni[0Kv
ore.min.js[0K
 create mode 100644 Pal/Pregrado/libraryjs/leaflet-binding-1.1.0/lib/leaflet-omnivore/package.json[0K
 create mode 100644 Pal/Pregrado/libraryjs/leaflet-binding-1.1.0/lib/leaflet-providers/CONTRIBUTIN[0KG
.md[0K
 create mode 100644 Pal/Pregrado/libraryjs/leaflet-binding-1.1.0/lib/leaflet-providers/README.md[0K
 create mode 100644 Pal/Pregrado/libraryjs/leaflet-binding-1.1.0/lib/leaflet-providers/bower.json[0K
 create mode 100644 Pal/Pregrado/libraryjs/leaflet-binding-1.1.0/lib/leaflet-providers/css/gh-fork[0K-
ribbon.css[0K
 create mode 100644 Pal/Pregrado/libraryjs/leaflet-binding-1.1.0/lib/leaflet-providers/css/gh-fork[0K-
ribbon.ie.css[0K
 create mode 100644 Pal/Pregrado/libraryjs/leaflet-binding-1.1.0/lib/leaflet-providers/leaflet-pro[0Kv
iders.js[0K
 create mode 100644 Pal/Pregrado/libraryjs/leaflet-binding-1.1.0/lib/leaflet-providers/license.md[0K
 create mode 100644 Pal/Pregrado/libraryjs/leaflet-binding-1.1.0/lib/leaflet-providers/package.jso[0Kn
[0K
 create mode 100644 Pal/Pregrado/libraryjs/leaflet-binding-1.1.0/lib/leaflet-providers/providers.j[0Ks
on[0K
 create mode 100644 Pal/Pregrado/libraryjs/leaflet-binding-1.1.0/lib/leaflet/images/1px.png[0K
 create mode 100644 Pal/Pregrado/libraryjs/leaflet-binding-1.1.0/lib/leaflet/images/layers-2x.png[0K
 create mode 100644 Pal/Pregrado/libraryjs/leaflet-binding-1.1.0/lib/leaflet/images/layers.png[0K
 create mode 100644 Pal/Pregrado/libraryjs/leaflet-binding-1.1.0/lib/leaflet/images/marker-icon-2x[0K.
png[0K
 create mode 100644 Pal/Pregrado/libraryjs/leaflet-binding-1.1.0/lib/leaflet/images/marker-icon.pn[0Kg
[0K
 create mode 100644 Pal/Pregrado/libraryjs/leaflet-binding-1.1.0/lib/leaflet/images/marker-shadow.[0Kp
ng[0K
 create mode 100644 Pal/Pregrado/libraryjs/leaflet-binding-1.1.0/lib/leaflet/leaflet-src.js[0K
 create mode 100644 Pal/Pregrado/libraryjs/leaflet-binding-1.1.0/lib/leaflet/leaflet.css[0K
 create mode 100644 Pal/Pregrado/libraryjs/leaflet-binding-1.1.0/lib/leaflet/leaflet.js[0K
 create mode 100644 Pal/Pregrado/libraryjs/leaflet-binding-1.1.0/lib/leafletfix/leafletfix.css[0K
 create mode 100644 Pal/Pregrado/libraryjs/leaflet-binding-1.1.0/plugins/Leaflet-MiniMap/Control.M[0Ki
niMap.css[0K
 create mode 100644 Pal/Pregrado/libraryjs/leaflet-binding-1.1.0/plugins/Leaflet-MiniMap/Control.M[0Ki
niMap.js[0K
 create mode 100644 Pal/Pregrado/libraryjs/leaflet-binding-1.1.0/plugins/Leaflet-MiniMap/Control.M[0Ki
niMap.min.css[0K
 create mode 100644 Pal/Pregrado/libraryjs/leaflet-binding-1.1.0/plugins/Leaflet-MiniMap/Control.M[0Ki
niMap.min.js[0K
 create mode 100644 Pal/Pregrado/libraryjs/leaflet-binding-1.1.0/plugins/Leaflet-MiniMap/Minimap-b[0Ki
nding.js[0K
 create mode 100644 Pal/Pregrado/libraryjs/leaflet-binding-1.1.0/plugins/Leaflet-MiniMap/images/to[0Kg
gle.png[0K
 create mode 100644 Pal/Pregrado/libraryjs/leaflet-binding-1.1.0/plugins/Leaflet-MiniMap/images/to[0Kg
gle.svg[0K
 create mode 100644 Pal/Pregrado/libraryjs/leaflet-binding-1.1.0/plugins/Leaflet.EasyButton/EasyBu[0Kt
ton-binding.js[0K
 create mode 100644 Pal/Pregrado/libraryjs/leaflet-binding-1.1.0/plugins/Leaflet.EasyButton/LICENS[0KE
[0K
 create mode 100644 Pal/Pregrado/libraryjs/leaflet-binding-1.1.0/plugins/Leaflet.EasyButton/easy-b[0Ku
tton.css[0K
 create mode 100644 Pal/Pregrado/libraryjs/leaflet-binding-1.1.0/plugins/Leaflet.EasyButton/easy-b[0Ku
tton.js[0K
 create mode 100644 Pal/Pregrado/libraryjs/leaflet-binding-1.1.0/plugins/Leaflet.Graticule/Graticu[0Kl
e-binding.js[0K
 create mode 100644 Pal/Pregrado/libraryjs/leaflet-binding-1.1.0/plugins/Leaflet.Graticule/L.Grati[0Kc
ule.js[0K
 create mode 100644 Pal/Pregrado/libraryjs/leaflet-binding-1.1.0/plugins/Leaflet.SimpleGraticule/L[0K.
SimpleGraticule.css[0K
 create mode 100644 Pal/Pregrado/libraryjs/leaflet-binding-1.1.0/plugins/Leaflet.SimpleGraticule/L[0K.
SimpleGraticule.js[0K
 create mode 100644 Pal/Pregrado/libraryjs/leaflet-binding-1.1.0/plugins/Leaflet.SimpleGraticule/S[0Ki
mpleGraticule-binding.js[0K
 create mode 100644 Pal/Pregrado/libraryjs/leaflet-binding-1.1.0/plugins/Leaflet.Terminator/L.Term[0Ki
nator.js[0K
 create mode 100644 Pal/Pregrado/libraryjs/leaflet-binding-1.1.0/plugins/Leaflet.Terminator/Termin[0Ka
tor-binding.js[0K
 create mode 100644 Pal/Pregrado/libraryjs/leaflet-binding-1.1.0/plugins/Leaflet.awesome-markers/b[0Ko
otstrap-theme.min.css[0K
 create mode 100644 Pal/Pregrado/libraryjs/leaflet-binding-1.1.0/plugins/Leaflet.awesome-markers/b[0Ko
otstrap.min.css[0K
 create mode 100644 Pal/Pregrado/libraryjs/leaflet-binding-1.1.0/plugins/Leaflet.awesome-markers/b[0Ko
otstrap.min.js[0K
 create mode 100644 Pal/Pregrado/libraryjs/leaflet-binding-1.1.0/plugins/Leaflet.awesome-markers/f[0Ko
nt-awesome.min.css[0K
 create mode 100644 Pal/Pregrado/libraryjs/leaflet-binding-1.1.0/plugins/Leaflet.awesome-markers/f[0Ko
nts/FontAwesome.otf[0K
 create mode 100644 Pal/Pregrado/libraryjs/leaflet-binding-1.1.0/plugins/Leaflet.awesome-markers/f[0Ko
nts/fontawesome-webfont.eot[0K
 create mode 100644 Pal/Pregrado/libraryjs/leaflet-binding-1.1.0/plugins/Leaflet.awesome-markers/f[0Ko
nts/fontawesome-webfont.svg[0K
 create mode 100644 Pal/Pregrado/libraryjs/leaflet-binding-1.1.0/plugins/Leaflet.awesome-markers/f[0Ko
nts/fontawesome-webfont.ttf[0K
 create mode 100644 Pal/Pregrado/libraryjs/leaflet-binding-1.1.0/plugins/Leaflet.awesome-markers/f[0Ko
nts/fontawesome-webfont.woff[0K
 create mode 100644 Pal/Pregrado/libraryjs/leaflet-binding-1.1.0/plugins/Leaflet.awesome-markers/f[0Ko
nts/glyphicons-halflings-regular.eot[0K
 create mode 100644 Pal/Pregrado/libraryjs/leaflet-binding-1.1.0/plugins/Leaflet.awesome-markers/f[0Ko
nts/glyphicons-halflings-regular.svg[0K
 create mode 100644 Pal/Pregrado/libraryjs/leaflet-binding-1.1.0/plugins/Leaflet.awesome-markers/f[0Ko
nts/glyphicons-halflings-regular.ttf[0K
 create mode 100644 Pal/Pregrado/libraryjs/leaflet-binding-1.1.0/plugins/Leaflet.awesome-markers/f[0Ko
nts/glyphicons-halflings-regular.woff[0K
 create mode 100644 Pal/Pregrado/libraryjs/leaflet-binding-1.1.0/plugins/Leaflet.awesome-markers/f[0Ko
nts/ionicons.eot[0K
 create mode 100644 Pal/Pregrado/libraryjs/leaflet-binding-1.1.0/plugins/Leaflet.awesome-markers/f[0Ko
nts/ionicons.svg[0K
 create mode 100644 Pal/Pregrado/libraryjs/leaflet-binding-1.1.0/plugins/Leaflet.awesome-markers/f[0Ko
nts/ionicons.ttf[0K
 create mode 100644 Pal/Pregrado/libraryjs/leaflet-binding-1.1.0/plugins/Leaflet.awesome-markers/f[0Ko
nts/ionicons.woff[0K
 create mode 100644 Pal/Pregrado/libraryjs/leaflet-binding-1.1.0/plugins/Leaflet.awesome-markers/i[0Km
ages/markers-matte.png[0K
 create mode 100644 Pal/Pregrado/libraryjs/leaflet-binding-1.1.0/plugins/Leaflet.awesome-markers/i[0Km
ages/markers-matte@2x.png[0K
 create mode 100644 Pal/Pregrado/libraryjs/leaflet-binding-1.1.0/plugins/Leaflet.awesome-markers/i[0Km
ages/markers-plain.png[0K
 create mode 100644 Pal/Pregrado/libraryjs/leaflet-binding-1.1.0/plugins/Leaflet.awesome-markers/i[0Km
ages/markers-shadow.png[0K
 create mode 100644 Pal/Pregrado/libraryjs/leaflet-binding-1.1.0/plugins/Leaflet.awesome-markers/i[0Km
ages/markers-shadow@2x.png[0K
 create mode 100644 Pal/Pregrado/libraryjs/leaflet-binding-1.1.0/plugins/Leaflet.awesome-markers/i[0Km
ages/markers-soft.png[0K
 create mode 100644 Pal/Pregrado/libraryjs/leaflet-binding-1.1.0/plugins/Leaflet.awesome-markers/i[0Km
ages/markers-soft@2x.png[0K
 create mode 100644 Pal/Pregrado/libraryjs/leaflet-binding-1.1.0/plugins/Leaflet.awesome-markers/i[0Ko
nicons.min.css[0K
 create mode 100644 Pal/Pregrado/libraryjs/leaflet-binding-1.1.0/plugins/Leaflet.awesome-markers/l[0Ke
aflet.awesome-markers.css[0K
 create mode 100644 Pal/Pregrado/libraryjs/leaflet-binding-1.1.0/plugins/Leaflet.awesome-markers/l[0Ke
aflet.awesome-markers.js[0K
 create mode 100644 Pal/Pregrado/libraryjs/leaflet-binding-1.1.0/plugins/Leaflet.awesome-markers/l[0Ke
aflet.awesome-markers.min.js[0K
 create mode 100644 Pal/Pregrado/libraryjs/leaflet-binding-1.1.0/plugins/Leaflet.markercluster/MIT[0K-
LICENCE.txt[0K
 create mode 100644 Pal/Pregrado/libraryjs/leaflet-binding-1.1.0/plugins/Leaflet.markercluster/Mar[0Kk
erCluster.Default.css[0K
 create mode 100644 Pal/Pregrado/libraryjs/leaflet-binding-1.1.0/plugins/Leaflet.markercluster/Mar[0Kk
erCluster.css[0K
 create mode 100644 Pal/Pregrado/libraryjs/leaflet-binding-1.1.0/plugins/Leaflet.markercluster/lea[0Kf
let.markercluster-src.js[0K
 create mode 100644 Pal/Pregrado/libraryjs/leaflet-binding-1.1.0/plugins/Leaflet.markercluster/lea[0Kf
let.markercluster.freezable-src.js[0K
 create mode 100644 Pal/Pregrado/libraryjs/leaflet-binding-1.1.0/plugins/Leaflet.markercluster/lea[0Kf
let.markercluster.js[0K
 create mode 100644 Pal/Pregrado/libraryjs/leaflet-binding-1.1.0/plugins/Leaflet.markercluster/lea[0Kf
let.markercluster.layersupport-src.js[0K
 create mode 100644 Pal/Pregrado/libraryjs/leaflet-binding-1.1.0/plugins/Proj4Leaflet/proj4-compre[0Ks
sed.js[0K
 create mode 100644 Pal/Pregrado/libraryjs/leaflet-binding-1.1.0/plugins/Proj4Leaflet/proj4.js[0K
 create mode 100644 Pal/Pregrado/libraryjs/leaflet-binding-1.1.0/plugins/Proj4Leaflet/proj4leaflet[0K.
js[0K
 create mode 100644 Pal/Pregrado/libraryjs/leaflet-binding-1.1.0/plugins/leaflet-locationfilter/im[0Kg
/filter-icon.png[0K
 create mode 100644 Pal/Pregrado/libraryjs/leaflet-binding-1.1.0/plugins/leaflet-locationfilter/im[0Kg
/move-handle.png[0K
 create mode 100644 Pal/Pregrado/libraryjs/leaflet-binding-1.1.0/plugins/leaflet-locationfilter/im[0Kg
/resize-handle.png[0K
 create mode 100644 Pal/Pregrado/libraryjs/leaflet-binding-1.1.0/plugins/leaflet-locationfilter/lo[0Kc
ationfilter-bindings.js[0K
 create mode 100644 Pal/Pregrado/libraryjs/leaflet-binding-1.1.0/plugins/leaflet-locationfilter/lo[0Kc
ationfilter.css[0K
 create mode 100644 Pal/Pregrado/libraryjs/leaflet-binding-1.1.0/plugins/leaflet-locationfilter/lo[0Kc
ationfilter.js[0K
 create mode 100644 Pal/Pregrado/libraryjs/leaflet-binding-1.1.0/plugins/leaflet-providers-plugin/[0Kl
eaflet-providers-plugin.js[0K
 create mode 100644 Pal/Pregrado/libraryjs/leaflet-easybutton-1.3.1/EasyButton-binding.js[0K
 create mode 100644 Pal/Pregrado/libraryjs/leaflet-easybutton-1.3.1/LICENSE[0K
 create mode 100644 Pal/Pregrado/libraryjs/leaflet-easybutton-1.3.1/easy-button.css[0K
 create mode 100644 Pal/Pregrado/libraryjs/leaflet-easybutton-1.3.1/easy-button.js[0K
 create mode 100644 Pal/Pregrado/libraryjs/leaflet-label-0.2.2/images/death.png[0K
 create mode 100644 Pal/Pregrado/libraryjs/leaflet-label-0.2.2/leaflet.label-src.js[0K
 create mode 100644 Pal/Pregrado/libraryjs/leaflet-label-0.2.2/leaflet.label.css[0K
 create mode 100644 Pal/Pregrado/libraryjs/leaflet-label-0.2.2/leaflet.label.js[0K
 create mode 100644 Pal/Pregrado/libraryjs/leaflet-minimap-3.3.1/Control.MiniMap.css[0K
 create mode 100644 Pal/Pregrado/libraryjs/leaflet-minimap-3.3.1/Control.MiniMap.js[0K
 create mode 100644 Pal/Pregrado/libraryjs/leaflet-minimap-3.3.1/Control.MiniMap.min.css[0K
 create mode 100644 Pal/Pregrado/libraryjs/leaflet-minimap-3.3.1/Control.MiniMap.min.js[0K
 create mode 100644 Pal/Pregrado/libraryjs/leaflet-minimap-3.3.1/Minimap-binding.js[0K
 create mode 100644 Pal/Pregrado/libraryjs/leaflet-minimap-3.3.1/images/toggle.png[0K
 create mode 100644 Pal/Pregrado/libraryjs/leaflet-minimap-3.3.1/images/toggle.svg[0K
 create mode 100644 Pal/Pregrado/libraryjs/leaflet-providers-1.0.27/CONTRIBUTING.md[0K
 create mode 100644 Pal/Pregrado/libraryjs/leaflet-providers-1.0.27/README.md[0K
 create mode 100644 Pal/Pregrado/libraryjs/leaflet-providers-1.0.27/bower.json[0K
 create mode 100644 Pal/Pregrado/libraryjs/leaflet-providers-1.0.27/css/gh-fork-ribbon.css[0K
 create mode 100644 Pal/Pregrado/libraryjs/leaflet-providers-1.0.27/css/gh-fork-ribbon.ie.css[0K
 create mode 100644 Pal/Pregrado/libraryjs/leaflet-providers-1.0.27/leaflet-providers.js[0K
 create mode 100644 Pal/Pregrado/libraryjs/leaflet-providers-1.0.27/license.md[0K
 create mode 100644 Pal/Pregrado/libraryjs/leaflet-providers-1.0.27/package.json[0K
 create mode 100644 Pal/Pregrado/libraryjs/leaflet-providers-1.0.27/providers.json[0K
 create mode 100644 Pal/Pregrado/libraryjs/leaflet-providers-plugin-1.1.0/leaflet-providers-plugin[0K.
js[0K
 create mode 100644 Pal/Pregrado/libraryjs/leafletfix-1.0.0/leafletfix.css[0K
[0K[?25h[?25l
[0;32mAlberto@Alberto-HP [0;35m [0;33m~/Documents/ONP/Oficina Nacional de Estadística/Página/Cifras/Estudiantes/G_Ma[0Kt
riculados[0;36m (master)[0;33m[0K
[0m$[0K[3G[?25h[?25l$ g[0K[?25hi[0Kt[0K[7G[?25l$ git p[0K[?25hu[0Ks[0Kh[0K[12G[?25l$ git push o[0K[?25hr[0Ki[0Kg[0Ki[0Kn[0K[19G[?25l$ git push origin m[0K[?25ha[0Ks[0Kt[0Ke[0Kr[0K[?25l
[0K[?25herror: cannot spawn sh: No such file or directory[0K[?25l
error: cannot spawn rpostback-askpass: No such file or directory[0K
Username for 'https://github.com':[0K[36G[?25h[?25lUsername for 'https://github.com': e[0K[?25hs[0Kt[0Ka[0Kd[0Ki[0Ks[0Kt[0Ki[0Kc[0Ka[0Ku[0Kn[0K[?25l
error: cannot spawn rpostback-askpass: No such file or directory[0K
Password for 'https://estadisticaun@github.com':[0K[50G[?25h[?25l
[0K[?25herror: cannot spawn sh: No such file or directory[0K[?25l
[0K[?25hCounting objects: 282, done.[0K[?25l
[0K[?25hDelta compression using up to 8 threads.[0K[?25l
Compressing objects:   5% (15/282)[0K[1G[?25h[?25lCompressing objects:   6% (17/282)[0K[1G[?25h[?25lCompressing objects:  13% (37/282)[0K[1G[?25h[?25lCompressing objects:  14% (40/282)[0K[1G[?25h[?25lCompressing objects:  15% (43/282)[0K[1G[?25h[?25lCompressing objects:  16% (46/282)[0K[1G[?25h[?25lCompressing objects:  17% (48/282)[0K[1G[?25h[?25lCompressing objects:  18% (51/282)[0K[1G[?25h[?25lCompressing objects:  19% (54/282)[0K[1G[?25h[?25lCompressing objects:  20% (57/282)[0K[1G[?25h[?25lCompressing objects:  21% (60/282)[0K[1G[?25h[?25lCompressing objects:  23% (65/282)[0K[1G[?25h[?25lCompressing objects:  24% (68/282)[0K[1G[?25h[?25lCompressing objects:  25% (71/282)[0K[1G[?25h[?25lCompressing objects:  26% (74/282)[0K[1G[?25h[?25lCompressing objects:  28% (79/282)[0K[1G[?25h[?25lCompressing objects:  29% (82/282)[0K[1G[?25h[?25lCompressing objects:  30% (85/282)[0K[1G[?25h[?25lCompressing objects:  31% (88/282)[0K[1G[?25h[?25lCompressing objects:  32% (91/282)[0K[1G[?25h[?25lCompressing objects:  34% (96/282)[0K[1G[?25h[?25lCompressing objects:  35% (99/282)[0K[1G[?25h[?25lCompressing objects:  36% (102/282)[0K[1G[?25h[?25lCompressing objects:  37% (105/282)[0K[1G[?25h[?25lCompressing objects:  39% (110/282)[0K[1G[?25h[?25lCompressing objects:  40% (113/282)[0K[1G[?25h[?25lCompressing objects:  41% (116/282)[0K[1G[?25h[?25lCompressing objects:  42% (119/282)[0K[1G[?25h[?25lCompressing objects:  43% (122/282)[0K[1G[?25h[?25lCompressing objects:  44% (125/282)[0K[1G[?25h[?25lCompressing objects:  45% (127/282)[0K[1G[?25h[?25lCompressing objects:  46% (130/282)[0K[1G[?25h[?25lCompressing objects:  47% (133/282)[0K[1G[?25h[?25lCompressing objects:  48% (136/282)[0K[1G[?25h[?25lCompressing objects:  49% (139/282)[0K[1G[?25h[?25lCompressing objects:  50% (141/282)[0K[1G[?25h[?25lCompressing objects:  51% (144/282)[0K[1G[?25h[?25lCompressing objects:  52% (147/282)[0K[1G[?25h[?25lCompressing objects:  53% (150/282)[0K[1G[?25h[?25lCompressing objects:  54% (153/282)[0K[1G[?25h[?25lCompressing objects:  55% (156/282)[0K[1G[?25h[?25lCompressing objects:  56% (158/282)[0K[1G[?25h[?25lCompressing objects:  57% (161/282)[0K[1G[?25h[?25lCompressing objects:  58% (164/282)[0K[1G[?25h[?25lCompressing objects:  59% (167/282)[0K[1G[?25h[?25lCompressing objects:  60% (170/282)[0K[1G[?25h[?25lCompressing objects:  61% (173/282)[0K[1G[?25h[?25lCompressing objects:  62% (175/282)[0K[1G[?25h[?25lCompressing objects:  63% (178/282)[0K[1G[?25h[?25lCompressing objects:  64% (181/282)[0K[1G[?25h[?25lCompressing objects:  65% (184/282)[0K[1G[?25h[?25lCompressing objects:  66% (187/282)[0K[1G[?25h[?25lCompressing objects:  67% (189/282)[0K[1G[?25h[?25lCompressing objects:  68% (192/282)[0K[1G[?25h[?25lCompressing objects:  69% (195/282)[0K[1G[?25h[?25lCompressing objects:  70% (198/282)[0K[1G[?25h[?25lCompressing objects:  70% (200/282)[0K[1G[?25h[?25lCompressing objects:  71% (201/282)[0K[1G[?25h[?25lCompressing objects:  73% (206/282)[0K[1G[?25h[?25lCompressing objects:  74% (209/282)[0K[1G[?25h[?25lCompressing objects:  75% (212/282)[0K[1G[?25h[?25lCompressing objects:  76% (215/282)[0K[1G[?25h[?25lCompressing objects:  77% (218/282)[0K[1G[?25h[?25lCompressing objects:  78% (220/282)[0K[1G[?25h[?25lCompressing objects:  79% (223/282)[0K[1G[?25h[?25lCompressing objects:  80% (226/282)[0K[1G[?25h[?25lCompressing objects:  81% (229/282)[0K[1G[?25h[?25lCompressing objects:  82% (232/282)[0K[1G[?25h[?25lCompressing objects:  83% (235/282)[0K[1G[?25h[?25lCompressing objects:  84% (237/282)[0K[1G[?25h[?25lCompressing objects:  85% (240/282)[0K[1G[?25h[?25lCompressing objects:  86% (243/282)[0K[1G[?25h[?25lCompressing objects:  87% (246/282)[0K[1G[?25h[?25lCompressing objects:  88% (249/282)[0K[1G[?25h[?25lCompressing objects:  89% (251/282)[0K[1G[?25h[?25lCompressing objects:  90% (254/282)[0K[1G[?25h[?25lCompressing objects:  91% (257/282)[0K[1G[?25h[?25lCompressing objects:  92% (260/282)[0K[1G[?25h[?25lCompressing objects:  93% (263/282)[0K[1G[?25h[?25lCompressing objects:  94% (266/282)[0K[1G[?25h[?25lCompressing objects:  95% (268/282)[0K[1G[?25h[?25lCompressing objects:  96% (271/282)[0K[1G[?25h[?25lCompressing objects:  97% (274/282)[0K[1G[?25h[?25lCompressing objects:  98% (277/282)[0K[1G[?25h[?25lCompressing objects:  99% (280/282)[0K[1G[?25h[?25lCompressing objects: 100% (282/282)[0K[1G[?25hCompressing objects: 100% (282/282), done.[0K[?25l
Writing objects:   3% (9/282)[0K[1G[?25h[?25lWriting objects:   5% (16/282), 984.00 KiB | 1.01 MiB/s[0K[1G[?25h[?25lWriting objects:   5% (16/282), 4.13 MiB | 1.70 MiB/s[0K[1G[?25h[?25lWriting objects:   7% (21/282), 4.13 MiB | 1.70 MiB/s[0K[1G[?25h[?25lWriting objects:   9% (27/282), 4.13 MiB | 1.70 MiB/s[0K[1G[?25h[?25lWriting objects:  10% (31/282), 4.63 MiB | 1.56 MiB/s[0K[1G[?25h[?25lWriting objects:  11% (32/282), 4.63 MiB | 1.56 MiB/s[0K[1G[?25h[?25lWriting objects:  13% (38/282), 6.42 MiB | 1.71 MiB/s[0K[1G[?25h[?25lWriting objects:  14% (41/282), 8.22 MiB | 1.82 MiB/s[0K[1G[?25h[?25lWriting objects:  14% (42/282), 10.00 MiB | 1.93 MiB/s[0K[1G[?25h[2G[?25lWriting objects:  15% (44/282), 10.00 MiB | 1.93 MiB/s[0K[1G[?25h[?25lWriting objects:  18% (51/282), 10.00 MiB | 1.93 MiB/s[0K[1G[?25h[?25lWriting objects:  25% (71/282), 11.80 MiB | 2.06 MiB/s[0K[1G[?25h[?25lWriting objects:  25% (72/282), 12.95 MiB | 2.08 MiB/s[0K[1G[?25h[?25lWriting objects:  27% (77/282), 12.95 MiB | 2.08 MiB/s[0K[1G[?25h[?25lWriting objects:  27% (77/282), 15.90 MiB | 2.48 MiB/s[0K[1G[?25h[?25lWriting objects:  29% (82/282), 15.90 MiB | 2.48 MiB/s[0K[1G[?25h[?25lWriting objects:  31% (88/282), 15.90 MiB | 2.48 MiB/s[0K[1G[?25h[?25lWriting objects:  32% (91/282), 15.90 MiB | 2.48 MiB/s[0K[1G[?25h[?25lWriting objects:  33% (94/282), 16.41 MiB | 2.19 MiB/s[0K[1G[?25h[?25lWriting objects:  35% (99/282), 16.41 MiB | 2.19 MiB/s[0K[1G[?25h[?25lWriting objects:  36% (103/282), 16.41 MiB | 2.19 MiB/s[0K[1G[?25h[?25lWriting objects:  37% (106/282), 16.41 MiB | 2.19 MiB/s[0K[1G[?25h[?25lWriting objects:  38% (108/282), 16.41 MiB | 2.19 MiB/s[0K[1G[?25h[?25lWriting objects:  39% (110/282), 16.41 MiB | 2.19 MiB/s[0K[1G[?25h[?25lWriting objects:  41% (116/282), 16.47 MiB | 2.11 MiB/s[0K[1G[?25h[?25lWriting objects:  45% (127/282), 16.47 MiB | 2.11 MiB/s[0K[1G[?25h[?25lWriting objects:  58% (164/282), 16.47 MiB | 2.11 MiB/s[0K[1G[?25h[?25lWriting objects:  60% (170/282), 16.47 MiB | 2.11 MiB/s[0K[1G[?25h[?25lWriting objects:  62% (175/282), 16.47 MiB | 2.11 MiB/s[0K[1G[?25h[?25lWriting objects:  62% (176/282), 16.47 MiB | 2.11 MiB/s[0K[1G[?25h[?25lWriting objects:  73% (206/282), 16.59 MiB | 1.91 MiB/s[0K[1G[?25h[?25lWriting objects:  74% (209/282), 16.59 MiB | 1.91 MiB/s[0K[1G[?25h[?25lWriting objects:  75% (212/282), 16.59 MiB | 1.91 MiB/s[0K[1G[?25h[?25lWriting objects:  76% (215/282), 16.59 MiB | 1.91 MiB/s[0K[1G[?25h[?25lWriting objects:  80% (226/282), 16.59 MiB | 1.91 MiB/s[0K[1G[?25h[?25lWriting objects:  81% (229/282), 16.59 MiB | 1.91 MiB/s[0K[1G[?25hWriting objects: 100% (282/282), 16.75 MiB | 1.75 MiB/s, done.[0K[?25l
Total 282 (delta 260), reused 0 (delta 0)[0K
[0K[?25h[?25lremote: Resolving deltas:   0% (0/260)[0K[1G[?25h[?25lremote: Resolving deltas:  12% (32/260)[0K[1G[?25h[?25lremote: Resolving deltas:  23% (61/260)[0K[1G[?25h[?25lremote: Resolving deltas:  40% (105/260)[0K[1G[?25h[?25lremote: Resolving deltas:  51% (134/260)[0K[1G[?25h[?25lremote: Resolving deltas:  58% (153/260)[0K[1G[?25h[?25lremote: Resolving deltas:  68% (177/260)[0K[1G[?25h[?25lremote: Resolving deltas:  72% (188/260)[0K[1G[?25h[?25lremote: Resolving deltas:  77% (202/260)[0K[1G[?25h[?25lremote: Resolving deltas:  83% (216/260)[0K[1G[?25h[?25lremote: Resolving deltas:  90% (234/260)[0K[1G[?25hremote: Resolving deltas: 100% (260/260), completed with 30 local objects.[0K[?25l
[0K[?25hremote:[0K[?25l
remote: GitHub found 2 vulnerabilities on estadisticaun/G_Matriculados's default branch (2 moderat[0Ke
). To find out more, visit:[0K
remote:      https://github.com/estadisticaun/G_Matriculados/network/alerts[0K
remote:[0K
[0K[?25hTo https://github.com/estadisticaun/G_Matriculados.git[0K[?25l
   f255fd5..e7f5f61  master -> master[0K
[0K[?25h[?25l
[0;32mAlberto@Alberto-HP [0;35m [0;33m~/Documents/ONP/Oficina Nacional de Estadística/Página/Cifras/Estudiantes/G_Ma[0Kt
riculados[0;36m (master)[0;33m[0K
[0m$[0K[3G[?25h[?25l$ g[0K[?25hi[0Kt[0K[7G[?25l$ git s[0K[?25ht[0Ka[0Kt[0Ku[0Ks[0K[?25l
[0K[?25hOn branch master[0K[?25l
Your branch is up-to-date with 'origin/master'.[0K
[0K
Changes not staged for commit:[0K
  (use "git add/rm <file>..." to update what will be committed)[0K
  (use "git checkout -- <file>..." to discard changes in working directory)[0K
[0K
        [0;31mmodified:   .Rproj.user/B994EF53/console06/4149BEF0[0m[0K
        [0;31mdeleted:    Nal/Matriculados/Nac_col1.html[0m[0K
[0K
no changes added to commit (use "git add" and/or "git commit -a")[0K
[0K[?25h[?25l
[0;32mAlberto@Alberto-HP [0;35m [0;33m~/Documents/ONP/Oficina Nacional de Estadística/Página/Cifras/Estudiantes/G_Ma[0Kt
riculados[0;36m (master)[0;33m[0K
[0m$[0K[3G[?25h[?25l$ g[0K[?25hi[0Kt[0K[7G[?25l$ git a[0K[?25hd[0Kd[0K[11G[?25l$ git add .[0K[?25h[?25l
[0K[?25h[?25l
[0;32mAlberto@Alberto-HP [0;35m [0;33m~/Documents/ONP/Oficina Nacional de Estadística/Página/Cifras/Estudiantes/G_Ma[0Kt
riculados[0;36m (master)[0;33m[0K
[0m$[0K[3G[?25h[?25l$ g[0K[?25hi[0Kt[0K[7G[?25l$ git c[0K[?25ho[0Km[0Km[0Ki[0Kt[0K[14G[?25l$ git commit -[0K[?25hm[0K[17G[?25l$ git commit -m #[0K[?25h[?25l$ git commit -m[0K[17G[?25h[?25l$ git commit -m "[0K[?25he[0Kl[0Ki[0Km[0Ki[0Kn[0Ka[0Kr[0K[27G[?25l$ git commit -m "eliminar m[0K[?25ha[0Kp[0Ka[0K[32G[?25l$ git commit -m "eliminar mapa c[0K[?25ho[0Kl[0K[36G[?25l$ git commit -m "eliminar mapa col 1[0K[?25h"[0K[?25l
[0K[?25h[master 68bf6d9] eliminar mapa col 1[0K[?25l
 2 files changed, 12766 insertions(+), 37 deletions(-)[0K
 delete mode 100644 Nal/Matriculados/Nac_col1.html[0K
[0K[?25h[?25l
[0;32mAlberto@Alberto-HP [0;35m [0;33m~/Documents/ONP/Oficina Nacional de Estadística/Página/Cifras/Estudiantes/G_Ma[0Kt
riculados[0;36m (master)[0;33m[0K
[0m$[0K[3G[?25h[?25l$ g[0K[?25hi[0Kt[0K[7G[?25l$ git p[0K[?25hu[0Ks[0Kh[0K[12G[?25l$ git push o[0K[?25hr[0Ki[0Kg[0Ki[0Kn[0K[19G[?25l$ git push origin m[0K[?25ha[0Ks[0Kt[0Ke[0Kr[0K[?25l
[0K[?25herror: cannot spawn sh: No such file or directory[0K[?25l
error: cannot spawn rpostback-askpass: No such file or directory[0K
Username for 'https://github.com':[0K[36G[?25h[?25lUsername for 'https://github.com': e[0K[?25hs[0Kt[0Ka[0Kd[0Ks[0K[?25lUsername for 'https://github.com': estad[0K[?25h[?25lUsername for 'https://github.com': esta[0K[?25h[?25lUsername for 'https://github.com': est[0K[?25h[?25lUsername for 'https://github.com': es[0K[?25h[?25lUsername for 'https://github.com': e[0K[?25h[?25lUsername for 'https://github.com':[0K[36G[?25h[?25lUsername for 'https://github.com': e[0K[?25hs[0Kt[0Ka[0Kd[0Ki[0Ks[0Kt[0Ki[0Kc[0Ka[0Ku[0Kn[0K[?25l
[0K[?25herror: cannot spawn rpostback-askpass: No such file or directory[0K[?25l
Password for 'https://estadisticaun@github.com':[0K[50G[?25h[?25l
[0K[?25herror: cannot spawn sh: No such file or directory[0K[?25l
[0K[?25hCounting objects: 8, done.[0K[?25l
Delta compression using up to 8 threads.[0K
Compressing objects: 100% (8/8), done.[0K
Writing objects:  62% (5/8)[0K[1G[?25hWriting objects: 100% (8/8), 95.80 KiB | 4.35 MiB/s, done.[0K[?25l
Total 8 (delta 4), reused 0 (delta 0)[0K
[0K[?25hremote: Resolving deltas: 100% (4/4), completed with 4 local objects.[0K[?25l
[0K[?25hremote:[0K[?25l
remote: GitHub found 2 vulnerabilities on estadisticaun/G_Matriculados's default branch (2 moderat[0Ke
). To find out more, visit:[0K
remote:      https://github.com/estadisticaun/G_Matriculados/network/alerts[0K
remote:[0K
To https://github.com/estadisticaun/G_Matriculados.git[0K
   e7f5f61..68bf6d9  master -> master[0K
[0K[?25h[?25l
[0;32mAlberto@Alberto-HP [0;35m [0;33m~/Documents/ONP/Oficina Nacional de Estadística/Página/Cifras/Estudiantes/G_Ma[0Kt
riculados[0;36m (master)[0;33m[0K
[0m$[0K[3G[?25h[?25l$ g[0K[?25hi[0Kt[0K[7G[?25l$ git s[0K[?25ht[0Ka[0Kt[0Ku[0Ks[0K[?25l
[0K[?25hOn branch master[0K[?25l
Your branch is up-to-date with 'origin/master'.[0K
[0K
Changes not staged for commit:[0K
  (use "git add <file>..." to update what will be committed)[0K
  (use "git checkout -- <file>..." to discard changes in working directory)[0K
[0K
        [0;31mmodified:   .Rproj.user/B994EF53/console06/4149BEF0[0m[0K
[0K
Untracked files:[0K
  (use "git add <file>..." to include in what will be committed)[0K
[0K
        [0;31mNal/Matriculados/Nac_col1.html[0m[0K
[0K
no changes added to commit (use "git add" and/or "git commit -a")[0K
[0K[?25h[?25l
[0;32mAlberto@Alberto-HP [0;35m [0;33m~/Documents/ONP/Oficina Nacional de Estadística/Página/Cifras/Estudiantes/G_Ma[0Kt
riculados[0;36m (master)[0;33m[0K
[0m$[0K[3G[?25h[?25l$ g[0K[?25hi[0Kt[0K[7G[?25l$ git a[0K[?25hd[0Kd[0K[11G[?25l$ git add .[0K[?25h[?25l
[0K[?25h[?25l
[0;32mAlberto@Alberto-HP [0;35m [0;33m~/Documents/ONP/Oficina Nacional de Estadística/Página/Cifras/Estudiantes/G_Ma[0Kt
riculados[0;36m (master)[0;33m[0K
[0m$[0K[3G[?25h[?25l$ g[0K[?25hi[0Kt[0K[7G[?25l$ git c[0K[?25ho[0Km[0Km[0Ki[0Kt[0K[14G[?25l$ git commit -[0K[?25hm[0K[17G[?25l$ git commit -m "[0K[?25hc[0Ka[0Kr[0Kg[0Ka[0K[24G[?25l$ git commit -m "carga e[0K[?25hr[0Kr[0Ko[0Kr[0K[30G[?25l$ git commit -m "carga error m[0K[?25ha[0Kp[0Ka[0K[35G[?25l$ git commit -m "carga error mapa c[0K[?25ho[0Kl[0K1[0K"[0K[?25l
[0K[?25h[master 2fc5aab] carga error mapa col1[0K[?25l
 2 files changed, 89 insertions(+)[0K
 create mode 100644 Nal/Matriculados/Nac_col1.html[0K
[0K[?25h[?25l
[0;32mAlberto@Alberto-HP [0;35m [0;33m~/Documents/ONP/Oficina Nacional de Estadística/Página/Cifras/Estudiantes/G_Ma[0Kt
riculados[0;36m (master)[0;33m[0K
[0m$[0K[3G[?25h[?25l$ g[0K[?25hi[0Kt[0K[7G[?25l$ git p[0K[?25hu[0Ks[0Kh[0K[12G[?25l$ git push o[0K[?25hr[0Ki[0Kg[0Ki[0Kn[0K[19G[?25l$ git push origin m[0K[?25ha[0Ks[0Kt[0Ke[0Kr[0K[?25l
[0K[?25herror: cannot spawn sh: No such file or directory[0K[?25l
error: cannot spawn rpostback-askpass: No such file or directory[0K
Username for 'https://github.com':[0K[36G[?25h[?25lUsername for 'https://github.com': e[0K[?25hs[0Kt[0Ka[0Kd[0Ki[0Ks[0Kt[0Ki[0Kc[0Ka[0Ku[0Kn[0K[?25l
error: cannot spawn rpostback-askpass: No such file or directory[0K
Password for 'https://estadisticaun@github.com':[0K[50G[?25h[?25l
[0K[?25herror: cannot spawn sh: No such file or directory[0K[?25l
[0K[?25hCounting objects: 9, done.[0K[?25l
Delta compression using up to 8 threads.[0K
Compressing objects:  22% (2/9)[0K[1G[?25hCompressing objects: 100% (9/9), done.[0K[?25l
Writing objects:  88% (8/9)[0K[1G[?25h[?25lWriting objects:  88% (8/9), 984.00 KiB | 1.36 MiB/s[0K[1G[?25hWriting objects: 100% (9/9), 1.78 MiB | 1.56 MiB/s, done.[0K[?25l
Total 9 (delta 5), reused 0 (delta 0)[0K
[0K[?25h[?25lremote: Resolving deltas:  40% (2/5)[0K[1G[?25hremote: Resolving deltas: 100% (5/5), completed with 5 local objects.[0K[?25l
[0K[?25hremote:[0K[?25l
remote: GitHub found 2 vulnerabilities on estadisticaun/G_Matriculados's default branch (2 moderat[0Ke
). To find out more, visit:[0K
remote:      https://github.com/estadisticaun/G_Matriculados/network/alerts[0K
remote:[0K
To https://github.com/estadisticaun/G_Matriculados.git[0K
   68bf6d9..2fc5aab  master -> master[0K
[0K[?25h[?25l
[0;32mAlberto@Alberto-HP [0;35m [0;33m~/Documents/ONP/Oficina Nacional de Estadística/Página/Cifras/Estudiantes/G_Ma[0Kt
riculados[0;36m (master)[0;33m[0K
[0m$[0K[3G[?25h[?25l$ g[0K[?25hi[0Kt[0K[7G[?25l$ git s[0K[?25ht[0Ka[0Kt[0Ku[0Kd[0K[?25l$ git statu[0K[?25hs[0K[?25l
[0K[?25hOn branch master[0K[?25l
Your branch is up-to-date with 'origin/master'.[0K
[0K
Changes not staged for commit:[0K
  (use "git add <file>..." to update what will be committed)[0K
  (use "git checkout -- <file>..." to discard changes in working directory)[0K
[0K
        [0;31mmodified:   .Rproj.user/B994EF53/console06/4149BEF0[0m[0K
[0K
no changes added to commit (use "git add" and/or "git commit -a")[0K
[0K[?25h[?25l
[0;32mAlberto@Alberto-HP [0;35m [0;33m~/Documents/ONP/Oficina Nacional de Estadística/Página/Cifras/Estudiantes/G_Ma[0Kt
riculados[0;36m (master)[0;33m[0K
[0m$[0K[3G[?25h[?25l$ g[0K[?25hi[0Kt[0K[7G[?25l$ git s[0K[?25ht[0Ka[0Kt[0Ku[0Ks[0K[?25l
[0K[?25hOn branch master[0K[?25l
Your branch is up-to-date with 'origin/master'.[0K
[0K
Changes not staged for commit:[0K
  (use "git add <file>..." to update what will be committed)[0K
  (use "git checkout -- <file>..." to discard changes in working directory)[0K
[0K
        [0;31mmodified:   .Rproj.user/B994EF53/console06/4149BEF0[0m[0K
[0K
Untracked files:[0K
  (use "git add <file>..." to include in what will be committed)[0K
[0K
        [0;31mNal/Matriculados/Nac_col2.html[0m[0K
[0K
no changes added to commit (use "git add" and/or "git commit -a")[0K
[0K[?25h[?25l
[0;32mAlberto@Alberto-HP [0;35m [0;33m~/Documents/ONP/Oficina Nacional de Estadística/Página/Cifras/Estudiantes/G_Ma[0Kt
riculados[0;36m (master)[0;33m[0K
[0m$[0K[3G[?25h[?25l$ g[0K[?25hi[0Kt[0K[7G[?25l$ git a[0K[?25hd[0Kd[0K[11G[?25l$ git add .[0K[?25h[?25l
[0K[?25h[?25l
[0;32mAlberto@Alberto-HP [0;35m [0;33m~/Documents/ONP/Oficina Nacional de Estadística/Página/Cifras/Estudiantes/G_Ma[0Kt
riculados[0;36m (master)[0;33m[0K
[0m$[0K[3G[?25h[?25l$ g[0K[?25hi[0Kt[0K[7G[?25l$ git c[0K[?25ho[0Km[0Km[0Ki[0Ky[0K[?25l$ git commi[0K[?25ht[0K[14G[?25l$ git commit -[0K[?25hm[0K[17G[?25l$ git commit -m "[0K[?25hC[0Ka[0Kr[0Kg[0Ka[0K[24G[?25l$ git commit -m "Carga m[0K[?25ha[0Kp[0Ka[0Ks[0K[30G[?25l$ git commit -m "Carga mapas 2[0K[?25h#[0K[?25l$ git commit -m "Carga mapas 2[0K[?25h"[0K[?25l
[0K[?25h[master 5e95774] Carga mapas 2[0K[?25l
 2 files changed, 103 insertions(+)[0K
 create mode 100644 Nal/Matriculados/Nac_col2.html[0K
[0K[?25h[?25l
[0;32mAlberto@Alberto-HP [0;35m [0;33m~/Documents/ONP/Oficina Nacional de Estadística/Página/Cifras/Estudiantes/G_Ma[0Kt
riculados[0;36m (master)[0;33m[0K
[0m$[0K[3G[?25h[?25l$ g[0K[?25hi[0Kt[0K[7G[?25l$ git p[0K[?25hu[0Ks[0Kh[0K[12G[?25l$ git push o[0K[?25hr[0Ki[0Kg[0Ki[0Kb[0K[19G[?25l$ git push origib m[0K[?25ha[0Ks[0Kt[0Ke[0Kr[0K[?25l
[0K[?25herror: cannot spawn sh: No such file or directory[0K[?25l
fatal: unable to fork[0K
[0K[?25h[?25l
[0;32mAlberto@Alberto-HP [0;35m [0;33m~/Documents/ONP/Oficina Nacional de Estadística/Página/Cifras/Estudiantes/G_Ma[0Kt
riculados[0;36m (master)[0;33m[0K
[0m$ .[0K[?25h[?25l$[0K[3G[?25h[?25l$ git push origib master[0K[?25h[?25l$ git push origib maste[0K[?25h[?25l$ git push origib mast[0K[?25h[?25l$ git push origib mas[0K[?25h[?25l$ git push origib ma[0K[?25h[?25l$ git push origib m[0K[?25h[?25l$ git push origib[0K[19G[?25h[18G[?25l$ git push origi[0K[?25hn[0K[19G[?25l$ git push origin m[0K[?25ha[0Ks[0Kt[0Ke[0Kr[0K[?25l
[0K[?25herror: cannot spawn sh: No such file or directory[0K[?25l
error: cannot spawn rpostback-askpass: No such file or directory[0K
Username for 'https://github.com':[0K[36G[?25h[?25lUsername for 'https://github.com': e[0K[?25hs[0Kt[0Ka[0Kd[0Ki[0Ks[0Kt[0Ki[0Kc[0Ka[0Ku[0Kn[0K[?25l
error: cannot spawn rpostback-askpass: No such file or directory[0K
Password for 'https://estadisticaun@github.com':[0K[50G[?25h[?25l
[0K[?25herror: cannot spawn sh: No such file or directory[0K[?25l
[0K[?25hCounting objects: 9, done.[0K[?25l
Delta compression using up to 8 threads.[0K
Compressing objects:  22% (2/9)[0K[1G[?25hCompressing objects: 100% (9/9), done.[0K[?25l
Writing objects:  88% (8/9)[0K[1G[?25hWriting objects: 100% (9/9), 1.78 MiB | 1.62 MiB/s, done.[0K[?25l
Total 9 (delta 5), reused 0 (delta 0)[0K
[0K[?25h[?25lremote: Resolving deltas:  40% (2/5)[0K[1G[?25hremote: Resolving deltas: 100% (5/5), completed with 5 local objects.[0K[?25l
[0K[?25hremote:[0K[?25l
remote: GitHub found 2 vulnerabilities on estadisticaun/G_Matriculados's default branch (2 moderat[0Ke
). To find out more, visit:[0K
remote:      https://github.com/estadisticaun/G_Matriculados/network/alerts[0K
remote:[0K
To https://github.com/estadisticaun/G_Matriculados.git[0K
   2fc5aab..5e95774  master -> master[0K
[0K[?25h[?25l
[0;32mAlberto@Alberto-HP [0;35m [0;33m~/Documents/ONP/Oficina Nacional de Estadística/Página/Cifras/Estudiantes/G_Ma[0Kt
riculados[0;36m (master)[0;33m[0K
[0m$[0K[3G[?25h[?25l$ g[0K[?25hi[0Kt[0K[7G[?25l$ git s[0K[?25ht[0Ka[0Kt[0Ku[0Ks[0K[?25l
[0K[?25hOn branch master[0K[?25l
Your branch is up-to-date with 'origin/master'.[0K
[0K
Changes not staged for commit:[0K
  (use "git add <file>..." to update what will be committed)[0K
  (use "git checkout -- <file>..." to discard changes in working directory)[0K
[0K
        [0;31mmodified:   .Rproj.user/B994EF53/console06/4149BEF0[0m[0K
[0K
no changes added to commit (use "git add" and/or "git commit -a")[0K
[0K[?25h[?25l
[0;32mAlberto@Alberto-HP [0;35m [0;33m~/Documents/ONP/Oficina Nacional de Estadística/Página/Cifras/Estudiantes/G_Ma[0Kt
riculados[0;36m (master)[0;33m[0K
[0m$[0K[3G[?25h[0m[0Kbash: cut: command not found[0K[?25l
[0K[?25h]0;:/c/Users/Alberto/Documents/ONP/Oficina Nacional de Estadística/Página/Cifras/Estudiantes/G_Matriculados[?25l
[0;32mAlberto@Alberto-HP [0;35m [0;33m~/Documents/ONP/Oficina Nacional de Estadística/Página/Cifras/Estudiantes/G_Ma[0Kt
riculados[0;36m (master)[0m[0K
[?25l$ g[0K[?25hi[0Kt[0K s[0Kt[0Ka[0Kt[0Ku[0Ks[0K[?25l
[0K[?25hOn branch master[0K[?25l
Your branch is up-to-date with 'origin/master'.[0K
[0K
Changes not staged for commit:[0K
  (use "git add/rm <file>..." to update what will be committed)[0K
  (use "git checkout -- <file>..." to discard changes in working directory)[0K
[0K
        [0;31mmodified:   .Rproj.user/B994EF53/console06/4149BEF0[0m[0K
        [0;31mmodified:   .Rproj.user/B994EF53/console06/INDEX001[0m[0K
        [0;31mdeleted:    Nal/Matriculados/Nac_col2.html[0m[0K
[0K
no changes added to commit (use "git add" and/or "git commit -a")[0K
[0K[?25h[?25l
[0;32mAlberto@Alberto-HP [0;35m [0;33m~/Documents/ONP/Oficina Nacional de Estadística/Página/Cifras/Estudiantes/G_Ma[0Kt
riculados[0;36m (master)[0m[0K
$[0K[3G[?25h[?25l$ g[0K[?25hi[0Kt[0K[7G[?25l$ git a[0K[?25hd[0Kd[0K[11G[?25l$ git add .[0K[?25h[?25l
[0K[?25h