
s/providers.json.[0K
The file will have its original line endings in your working directory.[0K
warning: LF will be replaced by CRLF in 20181/Nal/Postgrado/libraryjs/leaflet-binding-1.1.0/lib/leaflet/leaflet[0K-
src.js.[0K
The file will have its original line endings in your working directory.[0K
[0K[?25hwarning: LF will be replaced by CRLF in 20181/Nal/Postgrado/libraryjs/leaflet-binding-1.1.0/lib/leaflet/leaflet[0K.[?25l
js.[0K
The file will have its original line endings in your working directory.[0K
warning: LF will be replaced by CRLF in 20181/Nal/Postgrado/libraryjs/leaflet-binding-1.1.0/lib/leafletfix/leaf[0Kl
etfix.css.[0K
The file will have its original line endings in your working directory.[0K
[0K[?25hwarning: LF will be replaced by CRLF in 20181/Nal/Postgrado/libraryjs/leaflet-binding-1.1.0/plugins/Leaflet-Min[0Ki[?25l
Map/Control.MiniMap.css.[0K
The file will have its original line endings in your working directory.[0K
[0K[?25hwarning: LF will be replaced by CRLF in 20181/Nal/Postgrado/libraryjs/leaflet-binding-1.1.0/plugins/Leaflet-Min[0Ki[?25l
Map/Control.MiniMap.js.[0K
The file will have its original line endings in your working directory.[0K
[0K[?25hwarning: LF will be replaced by CRLF in 20181/Nal/Postgrado/libraryjs/leaflet-binding-1.1.0/plugins/Leaflet-Min[0Ki[?25l
Map/Minimap-binding.js.[0K
The file will have its original line endings in your working directory.[0K
[0K[?25hwarning: LF will be replaced by CRLF in 20181/Nal/Postgrado/libraryjs/leaflet-binding-1.1.0/plugins/Leaflet.Eas[0Ky[?25l
Button/EasyButton-binding.js.[0K
The file will have its original line endings in your working directory.[0K
warning: LF will be replaced by CRLF in 20181/Nal/Postgrado/libraryjs/leaflet-binding-1.1.0/plugins/Leaflet.Eas[0Ky
Button/LICENSE.[0K
The file will have its original line endings in your working directory.[0K
[0K[?25hwarning: LF will be replaced by CRLF in 20181/Nal/Postgrado/libraryjs/leaflet-binding-1.1.0/plugins/Leaflet.Eas[0Ky[?25l
Button/easy-button.css.[0K
The file will have its original line endings in your working directory.[0K
warning: LF will be replaced by CRLF in 20181/Nal/Postgrado/libraryjs/leaflet-binding-1.1.0/plugins/Leaflet.Eas[0Ky
Button/easy-button.js.[0K
The file will have its original line endings in your working directory.[0K
warning: LF will be replaced by CRLF in 20181/Nal/Postgrado/libraryjs/leaflet-binding-1.1.0/plugins/Leaflet.Gra[0Kt
icule/Graticule-binding.js.[0K
The file will have its original line endings in your working directory.[0K
warning: LF will be replaced by CRLF in 20181/Nal/Postgrado/libraryjs/leaflet-binding-1.1.0/plugins/Leaflet.Gra[0Kt
icule/L.Graticule.js.[0K
The file will have its original line endings in your working directory.[0K
[0K[?25hwarning: LF will be replaced by CRLF in 20181/Nal/Postgrado/libraryjs/leaflet-binding-1.1.0/plugins/Leaflet.Sim[0Kp[?25l
leGraticule/L.SimpleGraticule.css.[0K
The file will have its original line endings in your working directory.[0K
warning: LF will be replaced by CRLF in 20181/Nal/Postgrado/libraryjs/leaflet-binding-1.1.0/plugins/Leaflet.Sim[0Kp
leGraticule/L.SimpleGraticule.js.[0K
The file will have its original line endings in your working directory.[0K
[0K[?25hwarning: LF will be replaced by CRLF in 20181/Nal/Postgrado/libraryjs/leaflet-binding-1.1.0/plugins/Leaflet.Sim[0Kp[?25l
leGraticule/SimpleGraticule-binding.js.[0K
The file will have its original line endings in your working directory.[0K
warning: LF will be replaced by CRLF in 20181/Nal/Postgrado/libraryjs/leaflet-binding-1.1.0/plugins/Leaflet.Ter[0Km
inator/L.Terminator.js.[0K
The file will have its original line endings in your working directory.[0K
warning: LF will be replaced by CRLF in 20181/Nal/Postgrado/libraryjs/leaflet-binding-1.1.0/plugins/Leaflet.Ter[0Km
inator/Terminator-binding.js.[0K
The file will have its original line endings in your working directory.[0K
[0K[?25hwarning: LF will be replaced by CRLF in 20181/Nal/Postgrado/libraryjs/leaflet-binding-1.1.0/plugins/Leaflet.awe[0Ks[?25l
ome-markers/bootstrap-theme.min.css.[0K
The file will have its original line endings in your working directory.[0K
warning: LF will be replaced by CRLF in 20181/Nal/Postgrado/libraryjs/leaflet-binding-1.1.0/plugins/Leaflet.awe[0Ks
ome-markers/bootstrap.min.css.[0K
The file will have its original line endings in your working directory.[0K
warning: LF will be replaced by CRLF in 20181/Nal/Postgrado/libraryjs/leaflet-binding-1.1.0/plugins/Leaflet.awe[0Ks
ome-markers/bootstrap.min.js.[0K
The file will have its original line endings in your working directory.[0K
warning: LF will be replaced by CRLF in 20181/Nal/Postgrado/libraryjs/leaflet-binding-1.1.0/plugins/Leaflet.awe[0Ks
ome-markers/font-awesome.min.css.[0K
The file will have its original line endings in your working directory.[0K
warning: LF will be replaced by CRLF in 20181/Nal/Postgrado/libraryjs/leaflet-binding-1.1.0/plugins/Leaflet.awe[0Ks
ome-markers/fonts/fontawesome-webfont.svg.[0K
The file will have its original line endings in your working directory.[0K
warning: LF will be replaced by CRLF in 20181/Nal/Postgrado/libraryjs/leaflet-binding-1.1.0/plugins/Leaflet.awe[0Ks
ome-markers/fonts/glyphicons-halflings-regular.svg.[0K
The file will have its original line endings in your working directory.[0K
warning: LF will be replaced by CRLF in 20181/Nal/Postgrado/libraryjs/leaflet-binding-1.1.0/plugins/Leaflet.awe[0Ks
ome-markers/fonts/ionicons.svg.[0K
The file will have its original line endings in your working directory.[0K
warning: LF will be replaced by CRLF in 20181/Nal/Postgrado/libraryjs/leaflet-binding-1.1.0/plugins/Leaflet.awe[0Ks
ome-markers/ionicons.min.css.[0K
The file will have its original line endings in your working directory.[0K
warning: LF will be replaced by CRLF in 20181/Nal/Postgrado/libraryjs/leaflet-binding-1.1.0/plugins/Leaflet.awe[0Ks
ome-markers/leaflet.awesome-markers.css.[0K
The file will have its original line endings in your working directory.[0K
warning: LF will be replaced by CRLF in 20181/Nal/P[0K[?25hostgrado/libraryjs/leaflet-binding-1.1.0/plugins/Leaflet.awe[0Ks[?25l
ome-markers/leaflet.awesome-markers.js.[0K
The file will have its original line endings in your working directory.[0K
warning: LF will be replaced by CRLF in 20181/Nal/Postgrado/libraryjs/leaflet-binding-1.1.0/plugins/Leaflet.awe[0Ks
ome-markers/leaflet.awesome-markers.min.js.[0K
The file will have its original line endings in your working directory.[0K
warning: LF will be replaced by CRLF in 20181/Nal/Postgrado/libraryjs/leaflet-binding-1.1.0/plugins/Leaflet.mar[0Kk
ercluster/MIT-LICENCE.txt.[0K
The file will have its original line endings in your working directory.[0K
warning: LF will be replaced by CRLF in 20181/Nal/Postgrado/libraryjs/leaflet-binding-1.1.0/plugins/Leaflet.mar[0Kk
ercluster/MarkerCluster.Default.css.[0K
The file will have its original line endings in your working directory.[0K
warning: LF will be replaced by CRLF in 20181/Nal/Postgrado/libraryjs/leaflet-binding-1.1.0/plugins/Leaflet.mar[0Kk
ercluster/MarkerCluster.css.[0K
The file will have its original line endings in your working directory.[0K
warning: LF will be replaced by CRLF in 20181/Nal/Postgrado/libraryjs/leaflet-binding-1.1.0/plugins/Leaflet.mar[0Kk
ercluster/leaflet.markercluster-src.js.[0K
The file will have its original line endings in your working directory.[0K
[0K[?25hwarning: LF will be replaced by CRLF in 20181/Nal/Postgrado/libraryjs/leaflet-binding-1.1.0/plugins/Leaflet.mar[0Kk[?25l
ercluster/leaflet.markercluster.freezable-src.js.[0K
The file will have its original line endings in your working directory.[0K
warning: LF will be replaced by CRLF in 20181/Nal/Postgrado/libraryjs/leaflet-binding-1.1.0/plugins/Leaflet.mar[0Kk
ercluster/leaflet.markercluster.js.[0K
The file will have its original line endings in your working directory.[0K
[0K[?25hwarning: LF will be replaced by CRLF in 20181/Nal/Postgrado/libraryjs/leaflet-binding-1.1.0/plugins/Leaflet.mar[0Kk[?25l
ercluster/leaflet.markercluster.layersupport-src.js.[0K
The file will have its original line endings in your working directory.[0K
[0K[?25hwarning: LF will be replaced by CRLF in 20181/Nal/Postgrado/libraryjs/leaflet-binding-1.1.0/plugins/Proj4Leafle[0Kt[?25l
/proj4-compressed.js.[0K
The file will have its original line endings in your working directory.[0K
warning: LF will be replaced by CRLF in 20181/Nal/Postgrado/libraryjs/leaflet-binding-1.1.0/plugins/Proj4Leafle[0Kt
/proj4.js.[0K
The file will have its original line endings in your working directory.[0K
[0K[?25hwarning: LF will be replaced by CRLF in 20181/Nal/Postgrado/libraryjs/leaflet-binding-1.1.0/plugins/leaflet-loc[0Ka[?25l
tionfilter/locationfilter-bindings.js.[0K
The file will have its original line endings in your working directory.[0K
[0K[?25hwarning: LF will be replaced by CRLF in 20181/Nal/Postgrado/libraryjs/leaflet-binding-1.1.0/plugins/leaflet-loc[0Ka[?25l
tionfilter/locationfilter.css.[0K
The file will have its original line endings in your working directory.[0K
warning: LF will be replaced by CRLF in 20181/Nal/Postgrado/libraryjs/leaflet-binding-1.1.0/plugins/leaflet-loc[0Ka
tionfilter/locationfilter.js.[0K
The file will have its original line endings in your working directory.[0K
warning: LF will be replaced by CRLF in 20181/Nal/Postgrado/libraryjs/leaflet-binding-1.1.0/plugins/leaflet-pro[0Kv
iders-plugin/leaflet-providers-plugin.js.[0K
The file will have its original line endings in your working directory.[0K
[0K[?25hwarning: LF will be replaced by CRLF in 20181/Nal/Postgrado/libraryjs/leaflet-easybutton-1.3.1/EasyButton-bindi[0Kn[?25l
g.js.[0K
The file will have its original line endings in your working directory.[0K
warning: LF will be replaced by CRLF in 20181/Nal/Postgrado/libraryjs/leaflet-easybutton-1.3.1/LICENSE.[0K
The file will have its original line endings in your working directory.[0K
warning: LF will be replaced by CRLF in 20181/Nal/Postgrado/libraryjs/leaflet-easybutton-1.3.1/easy-button.css.[0K
The file will have its original line endings in your working directory.[0K
warning: LF will be replaced by CRLF in 20181/Nal/Postgrado/libraryjs/leaflet-easybutton-1.3.1/easy-button.js.[0K
The file will have its original line endings in your working directory.[0K
warning: LF will be replaced by CRLF in 20181/Nal/Postgrado/libraryjs/leaflet-label-0.2.2/leaflet.label-src.js.[0K
The file will have its original line endings in your working directory.[0K
warning: LF will be replaced by CRLF in 20181/Nal/Postgrado/libraryjs/leaflet-label-0.2.2/leaflet.label.css.[0K
The file will have its original line endings in your working directory.[0K
warning: LF will be replaced by CRLF in 20181/Nal/Postgrado/libraryjs/leaflet-label-0.2.2/leaflet.label.js.[0K
The file will have its original line endings in your working directory.[0K
warning: LF will be replaced by CRLF in 20181/Nal/Postgrado/libraryjs/leaflet-minimap-3.3.1/Control.MiniMap.css[0K.
[0K
The file will have its original line endings in your working directory.[0K
warning: LF will be replaced by CRLF in 20181/Nal/Postgrado/libraryjs/leaflet-minimap-3.3.1/Control.MiniMap.js.[0K
The file will have its original line endings in your working directory.[0K
warning: LF will be replaced by CRLF in 20181/Nal/Postgrado/libraryjs/leaflet-minimap-3.3.1/Minimap-binding.js.[0K
The file will have its original line endings in your working directory.[0K
warning: LF will be replaced by CRLF in 20181/Nal/Postgrado/libraryjs/leaflet-providers-1.0.27/CONTRIBUTING.md.[0K
The file will have its original line endings in your working directory.[0K
warning: LF will be replaced by CRLF in 20181/Nal/Postgrado/libraryjs/leaflet-providers-1.0.27/README.md.[0K
The file will have its original line endings in your working directory.[0K
warning: LF will be replaced by CRLF in 20181/Nal/Postgrado/libraryjs/leaflet-providers-1.0.27/bower.json.[0K
The file will have its original line endings in your working directory.[0K
warning: LF will be replaced by CRLF in 20181/Nal/Postgrado/libraryjs/leaflet-providers-1.0.27/leaflet-provider[0Ks
.js.[0K
The file will have its original line endings in your working directory.[0K
warning: LF will be replaced by CRLF in 20181/Nal/Postgrado/libraryjs/leaflet-providers-1.0.27/license.md.[0K
The file will have its original line endings in your working directory.[0K
warning: LF will be replaced by CRLF in 20181/Nal/Postgrado/libraryjs/leaflet-providers-1.0.27/package.json.[0K
The file will have its original line endings in your working directory.[0K
warning: LF will be replaced by CRLF in 20181/Nal/Postgrado/libraryjs/leaflet-providers-1.0.27/providers.json.[0K
The file will have its original line endings in your working directory.[0K
warning: LF will be replaced by CRLF in 20181/Nal/Postgrado/libraryjs/leaflet-providers-plugin-1.1.0/leaflet-pr[0Ko
viders-plugin.js.[0K
The file will have its original line endings in your working directory.[0K
warning: LF will be replaced by CRLF in 20181/Nal/Postgrado/libraryjs/leafletfix-1.0.0/leafletfix.css.[0K
The file will have its original line endings in your working directory.[0K
warning: LF will be replaced by CRLF in 20181/Nal/Postgrado/libraryjs/nouislider-7.0.10/jquery.nouislider.min.c[0Ks
s.[0K
The file will have its original line endings in your working directory.[0K
warning: LF will be replaced by CRLF in 20181/Nal/Postgrado/libraryjs/nouislider-7.0.10/jquery.nouislider.min.j[0Ks
.[0K
The file will have its original line endings in your working directory.[0K
warning: LF will be replaced by CRLF in 20181/Nal/Postgrado/libraryjs/pdfmake-1.10.16/pdfmake.min.js.[0K
The file will have its original line endings in your working directory.[0K
warning: LF will be replaced by CRLF in 20181/Nal/Postgrado/libraryjs/proj4js-2.3.15/proj4.js.[0K
The file will have its original line endings in your working directory.[0K
warning: LF will be replaced by CRLF in 20181/Nal/Postgrado/libraryjs/selectize-0.12.0/selectize.bootstrap3.css[0K.
[0K
The file will have its original line endings in your working directory.[0K
warning: LF will be replaced by CRLF in 20181/Nal/Postgrado/libraryjs/selectize-0.12.0/selectize.min.js.[0K
The file will have its original line endings in your working directory.[0K
[0K[?25h[?25l
[0;32mAlberto@Alberto-HP [0;35m [0;33m~/Documents/ONP/Oficina Nacional de Estadística/Página/Cifras/Estudiantes/G_Matriculados[0;36m (m[0Ka
ster)[0m[0K
$[0K[3G[?25h[?25l$ g[0K[?25ho[0K[?25l$ g[0K[?25hi[0Kt[0K[7G[?25l$ git c[0K[?25ho[0Km[0Km[0Ki[0Kt[0K[14G[?25l$ git commit -[0K[?25hm[0K[17G[?25l$ git commit -m "[0K[?25h"[0K[18G[?25l$ git commit -m "S"[0K[19G[?25h[?25l$ git commit -m "Se"[0K[20G[?25h[?25l$ git commit -m "Se "[0K[21G[?25h[?25l$ git commit -m "Se c"[0K[22G[?25h[?25l$ git commit -m "Se ca"[0K[23G[?25h[?25l$ git commit -m "Se car"[0K[24G[?25h[?25l$ git commit -m "Se carg"[0K[25G[?25h[?25l$ git commit -m "Se carga"[0K[26G[?25h[?25l$ git commit -m "Se cargan"[0K[27G[?25h[?25l$ git commit -m "Se cargan "[0K[28G[?25h[?25l$ git commit -m "Se cargan o"[0K[29G[?25h[?25l$ git commit -m "Se cargan ob"[0K[30G[?25h[?25l$ git commit -m "Se cargan obj"[0K[31G[?25h[?25l$ git commit -m "Se cargan obje"[0K[32G[?25h[?25l$ git commit -m "Se cargan objet"[0K[33G[?25h[?25l$ git commit -m "Se cargan objeto"[0K[34G[?25h[?25l$ git commit -m "Se cargan objetos"[0K[35G[?25h[?25l$ git commit -m "Se cargan objetos "[0K[36G[?25h[?25l$ git commit -m "Se cargan objetos p"[0K[37G[?25h[?25l$ git commit -m "Se cargan objetos "[0K[36G[?25h[?25l$ git commit -m "Se cargan objetos m"[0K[37G[?25h[?25l$ git commit -m "Se cargan objetos ma"[0K[38G[?25h[?25l$ git commit -m "Se cargan objetos mat"[0K[39G[?25h[?25l$ git commit -m "Se cargan objetos matr"[0K[40G[?25h[?25l$ git commit -m "Se cargan objetos matri"[0K[41G[?25h[?25l$ git commit -m "Se cargan objetos matric"[0K[42G[?25h[?25l$ git commit -m "Se cargan objetos matricu"[0K[43G[?25h[?25l$ git commit -m "Se cargan objetos matricul"[0K[44G[?25h[?25l$ git commit -m "Se cargan objetos matricula"[0K[45G[?25h[?25l$ git commit -m "Se cargan objetos matriculad"[0K[46G[?25h[?25l$ git commit -m "Se cargan objetos matriculado"[0K[47G[?25h[?25l$ git commit -m "Se cargan objetos matriculados"[0K[?25h[48G[?25l$ git commit -m "Se cargan objetos matriculados "[0K[49G[?25h[?25l$ git commit -m "Se cargan objetos matriculados p"[0K[50G[?25h[?25l$ git commit -m "Se cargan objetos matriculados po"[0K[51G[?25h[?25l$ git commit -m "Se cargan objetos matriculados pos"[0K[52G[?25h[?25l$ git commit -m "Se cargan objetos matriculados post"[0K[53G[?25h[?25l$ git commit -m "Se cargan objetos matriculados postg"[0K[54G[?25h[?25l$ git commit -m "Se cargan objetos matriculados postgr"[0K[55G[?25h[?25l$ git commit -m "Se cargan objetos matriculados postgra"[0K[56G[?25h[?25l$ git commit -m "Se cargan objetos matriculados postgrad"[0K[57G[?25h[?25l$ git commit -m "Se cargan objetos matriculados postgrado"[0K[58G[?25h[?25l
[0K[?25h[master 5eac88d] Se cargan objetos matriculados postgrado[0K[?25l
 531 files changed, 106086 insertions(+), 105 deletions(-)[0K
 rewrite .Rproj.user/B994EF53/console06/INDEX001 (87%)[0K
 rename .Rproj.user/B994EF53/sources/{s-C80A11F7 => s-88FE4CBD}/2C6F819F (100%)[0K
 rename .Rproj.user/B994EF53/sources/{s-C80A11F7 => s-88FE4CBD}/2C6F819F-contents (100%)[0K
 rename .Rproj.user/B994EF53/sources/{s-C80A11F7 => s-88FE4CBD}/lock_file (100%)[0K
 create mode 100644 20181/Nal/Postgrado/A_convenio.html[0K
 create mode 100644 20181/Nal/Postgrado/A_edad.html[0K
 create mode 100644 20181/Nal/Postgrado/A_mpv.html[0K
 create mode 100644 20181/Nal/Postgrado/A_nacionalidad.html[0K
 create mode 100644 20181/Nal/Postgrado/A_nivel.html[0K
 create mode 100644 20181/Nal/Postgrado/A_sede.html[0K
 create mode 100644 20181/Nal/Postgrado/A_sexo.html[0K
 create mode 100644 20181/Nal/Postgrado/A_snies.html[0K
 create mode 100644 20181/Nal/Postgrado/Nac_col1.html[0K
 create mode 100644 20181/Nal/Postgrado/Nac_comb.html[0K
 create mode 100644 20181/Nal/Postgrado/Nac_dpto.html[0K
 create mode 100644 20181/Nal/Postgrado/Nac_mun.html[0K
 create mode 100644 20181/Nal/Postgrado/Res_col1.html[0K
 create mode 100644 20181/Nal/Postgrado/Res_comb.html[0K
 create mode 100644 20181/Nal/Postgrado/Res_dpto.html[0K
 create mode 100644 20181/Nal/Postgrado/Res_mun.html[0K
 create mode 100644 20181/Nal/Postgrado/S_convenio.html[0K
 create mode 100644 20181/Nal/Postgrado/S_edad.html[0K
 create mode 100644 20181/Nal/Postgrado/S_mpv.html[0K
 create mode 100644 20181/Nal/Postgrado/S_nacionalidad.html[0K
 create mode 100644 20181/Nal/Postgrado/S_nivel.html[0K
 create mode 100644 20181/Nal/Postgrado/S_sede.html[0K
 create mode 100644 20181/Nal/Postgrado/S_sexo.html[0K
 create mode 100644 20181/Nal/Postgrado/S_snies.html[0K
 create mode 100644 20181/Nal/Postgrado/Serie.html[0K
 create mode 100644 20181/Nal/Postgrado/T_convenio.html[0K
 create mode 100644 20181/Nal/Postgrado/T_edad.html[0K
 create mode 100644 20181/Nal/Postgrado/T_mpv.html[0K
 create mode 100644 20181/Nal/Postgrado/T_nacionalidad.html[0K
 create mode 100644 20181/Nal/Postgrado/T_nivel.html[0K
 create mode 100644 20181/Nal/Postgrado/T_sede.html[0K
 create mode 100644 20181/Nal/Postgrado/T_sexo.html[0K
 create mode 100644 20181/Nal/Postgrado/T_snies.html[0K
 create mode 100644 20181/Nal/Postgrado/libraryjs/Proj4Leaflet-0.7.2/proj4-compressed.js[0K
 create mode 100644 20181/Nal/Postgrado/libraryjs/Proj4Leaflet-0.7.2/proj4.js[0K
 create mode 100644 20181/Nal/Postgrado/libraryjs/Proj4Leaflet-0.7.2/proj4leaflet.js[0K
 create mode 100644 20181/Nal/Postgrado/libraryjs/bootstrap-3.3.7/bootstrap-theme.min.css[0K
 create mode 100644 20181/Nal/Postgrado/libraryjs/bootstrap-3.3.7/bootstrap.min.css[0K
 create mode 100644 20181/Nal/Postgrado/libraryjs/bootstrap-3.3.7/bootstrap.min.js[0K
 create mode 100644 20181/Nal/Postgrado/libraryjs/bootstrap-3.3.7/font-awesome.min.css[0K
 create mode 100644 20181/Nal/Postgrado/libraryjs/bootstrap-3.3.7/fonts/FontAwesome.otf[0K
 create mode 100644 20181/Nal/Postgrado/libraryjs/bootstrap-3.3.7/fonts/fontawesome-webfont.eot[0K
 create mode 100644 20181/Nal/Postgrado/libraryjs/bootstrap-3.3.7/fonts/fontawesome-webfont.svg[0K
 create mode 100644 20181/Nal/Postgrado/libraryjs/bootstrap-3.3.7/fonts/fontawesome-webfont.ttf[0K
 create mode 100644 20181/Nal/Postgrado/libraryjs/bootstrap-3.3.7/fonts/fontawesome-webfont.woff[0K
 create mode 100644 20181/Nal/Postgrado/libraryjs/bootstrap-3.3.7/fonts/glyphicons-halflings-regular.eot[0K
 create mode 100644 20181/Nal/Postgrado/libraryjs/bootstrap-3.3.7/fonts/glyphicons-halflings-regular.svg[0K
 create mode 100644 20181/Nal/Postgrado/libraryjs/bootstrap-3.3.7/fonts/glyphicons-halflings-regular.ttf[0K
 create mode 100644 20181/Nal/Postgrado/libraryjs/bootstrap-3.3.7/fonts/glyphicons-halflings-regular.woff[0K
 create mode 100644 20181/Nal/Postgrado/libraryjs/bootstrap-3.3.7/fonts/ionicons.eot[0K
 create mode 100644 20181/Nal/Postgrado/libraryjs/bootstrap-3.3.7/fonts/ionicons.svg[0K
 create mode 100644 20181/Nal/Postgrado/libraryjs/bootstrap-3.3.7/fonts/ionicons.ttf[0K
 create mode 100644 20181/Nal/Postgrado/libraryjs/bootstrap-3.3.7/fonts/ionicons.woff[0K
 create mode 100644 20181/Nal/Postgrado/libraryjs/bootstrap-3.3.7/images/markers-matte.png[0K
 create mode 100644 20181/Nal/Postgrado/libraryjs/bootstrap-3.3.7/images/markers-matte@2x.png[0K
 create mode 100644 20181/Nal/Postgrado/libraryjs/bootstrap-3.3.7/images/markers-plain.png[0K
 create mode 100644 20181/Nal/Postgrado/libraryjs/bootstrap-3.3.7/images/markers-shadow.png[0K
 create mode 100644 20181/Nal/Postgrado/libraryjs/bootstrap-3.3.7/images/markers-shadow@2x.png[0K
 create mode 100644 20181/Nal/Postgrado/libraryjs/bootstrap-3.3.7/images/markers-soft.png[0K
 create mode 100644 20181/Nal/Postgrado/libraryjs/bootstrap-3.3.7/images/markers-soft@2x.png[0K
 create mode 100644 20181/Nal/Postgrado/libraryjs/bootstrap-3.3.7/ionicons.min.css[0K
 create mode 100644 20181/Nal/Postgrado/libraryjs/bootstrap-3.3.7/leaflet.awesome-markers.css[0K
 create mode 100644 20181/Nal/Postgrado/libraryjs/bootstrap-3.3.7/leaflet.awesome-markers.js[0K
 create mode 100644 20181/Nal/Postgrado/libraryjs/bootstrap-3.3.7/leaflet.awesome-markers.min.js[0K
 create mode 100644 20181/Nal/Postgrado/libraryjs/crosstalk-1.0.0/css/crosstalk.css[0K
 create mode 100644 20181/Nal/Postgrado/libraryjs/crosstalk-1.0.0/js/crosstalk.js[0K
 create mode 100644 20181/Nal/Postgrado/libraryjs/crosstalk-1.0.0/js/crosstalk.js.map[0K
 create mode 100644 20181/Nal/Postgrado/libraryjs/crosstalk-1.0.0/js/crosstalk.min.js[0K
 create mode 100644 20181/Nal/Postgrado/libraryjs/crosstalk-1.0.0/js/crosstalk.min.js.map[0K
 create mode 100644 20181/Nal/Postgrado/libraryjs/datatables-binding-0.4/css/datatables-crosstalk.css[0K
 create mode 100644 20181/Nal/Postgrado/libraryjs/datatables-binding-0.4/datatables.js[0K
 create mode 100644 20181/Nal/Postgrado/libraryjs/datatables-binding-0.4/datatables.yaml[0K
 create mode 100644 20181/Nal/Postgrado/libraryjs/datatables-binding-0.4/lib/datatables-extensions/AutoFill/css[0K/
autoFill.bootstrap.min.css[0K
 create mode 100644 20181/Nal/Postgrado/libraryjs/datatables-binding-0.4/lib/datatables-extensions/AutoFill/css[0K/
autoFill.bootstrap4.min.css[0K
 create mode 100644 20181/Nal/Postgrado/libraryjs/datatables-binding-0.4/lib/datatables-extensions/AutoFill/css[0K/
autoFill.dataTables.min.css[0K
 create mode 100644 20181/Nal/Postgrado/libraryjs/datatables-binding-0.4/lib/datatables-extensions/AutoFill/css[0K/
autoFill.foundation.min.css[0K
 create mode 100644 20181/Nal/Postgrado/libraryjs/datatables-binding-0.4/lib/datatables-extensions/AutoFill/css[0K/
autoFill.jqueryui.min.css[0K
 create mode 100644 20181/Nal/Postgrado/libraryjs/datatables-binding-0.4/lib/datatables-extensions/AutoFill/css[0K/
autoFill.semanticui.min.css[0K
 create mode 100644 20181/Nal/Postgrado/libraryjs/datatables-binding-0.4/lib/datatables-extensions/AutoFill/js/[0Ka
utoFill.bootstrap.min.js[0K
 create mode 100644 20181/Nal/Postgrado/libraryjs/datatables-binding-0.4/lib/datatables-extensions/AutoFill/js/[0Ka
utoFill.bootstrap4.min.js[0K
 create mode 100644 20181/Nal/Postgrado/libraryjs/datatables-binding-0.4/lib/datatables-extensions/AutoFill/js/[0Ka
utoFill.foundation.min.js[0K
 create mode 100644 20181/Nal/Postgrado/libraryjs/datatables-binding-0.4/lib/datatables-extensions/AutoFill/js/[0Ka
utoFill.jqueryui.min.js[0K
 create mode 100644 20181/Nal/Postgrado/libraryjs/datatables-binding-0.4/lib/datatables-extensions/AutoFill/js/[0Ka
utoFill.semanticui.min.js[0K
 create mode 100644 20181/Nal/Postgrado/libraryjs/datatables-binding-0.4/lib/datatables-extensions/AutoFill/js/[0Kd
ataTables.autoFill.min.js[0K
 create mode 100644 20181/Nal/Postgrado/libraryjs/datatables-binding-0.4/lib/datatables-extensions/Buttons/css/[0Kb
uttons.bootstrap.min.css[0K
 create mode 100644 20181/Nal/Postgrado/libraryjs/datatables-binding-0.4/lib/datatables-extensions/Buttons/css/[0Kb
uttons.bootstrap4.min.css[0K
 create mode 100644 20181/Nal/Postgrado/libraryjs/datatables-binding-0.4/lib/datatables-extensions/Buttons/css/[0Kb
uttons.dataTables.min.css[0K
 create mode 100644 20181/Nal/Postgrado/libraryjs/datatables-binding-0.4/lib/datatables-extensions/Buttons/css/[0Kb
uttons.foundation.min.css[0K
 create mode 100644 20181/Nal/Postgrado/libraryjs/datatables-binding-0.4/lib/datatables-extensions/Buttons/css/[0Kb
uttons.jqueryui.min.css[0K
 create mode 100644 20181/Nal/Postgrado/libraryjs/datatables-binding-0.4/lib/datatables-extensions/Buttons/css/[0Kb
uttons.semanticui.min.css[0K
 create mode 100644 20181/Nal/Postgrado/libraryjs/datatables-binding-0.4/lib/datatables-extensions/Buttons/js/b[0Ku
ttons.bootstrap.min.js[0K
 create mode 100644 20181/Nal/Postgrado/libraryjs/datatables-binding-0.4/lib/datatables-extensions/Buttons/js/b[0Ku
ttons.bootstrap4.min.js[0K
 create mode 100644 20181/Nal/Postgrado/libraryjs/datatables-binding-0.4/lib/datatables-extensions/Buttons/js/b[0Ku
ttons.colVis.min.js[0K
 create mode 100644 20181/Nal/Postgrado/libraryjs/datatables-binding-0.4/lib/datatables-extensions/Buttons/js/b[0Ku
ttons.flash.min.js[0K
 create mode 100644 20181/Nal/Postgrado/libraryjs/datatables-binding-0.4/lib/datatables-extensions/Buttons/js/b[0Ku
ttons.foundation.min.js[0K
 create mode 100644 20181/Nal/Postgrado/libraryjs/datatables-binding-0.4/lib/datatables-extensions/Buttons/js/b[0Ku
ttons.html5.min.js[0K
 create mode 100644 20181/Nal/Postgrado/libraryjs/datatables-binding-0.4/lib/datatables-extensions/Buttons/js/b[0Ku
ttons.jqueryui.min.js[0K
 create mode 100644 20181/Nal/Postgrado/libraryjs/datatables-binding-0.4/lib/datatables-extensions/Buttons/js/b[0Ku
ttons.print.min.js[0K
 create mode 100644 20181/Nal/Postgrado/libraryjs/datatables-binding-0.4/lib/datatables-extensions/Buttons/js/b[0Ku
ttons.semanticui.min.js[0K
 create mode 100644 20181/Nal/Postgrado/libraryjs/datatables-binding-0.4/lib/datatables-extensions/Buttons/js/d[0Ka
taTables.buttons.min.js[0K
 create mode 100644 20181/Nal/Postgrado/libraryjs/datatables-binding-0.4/lib/datatables-extensions/Buttons/js/j[0Ks
zip.min.js[0K
 create mode 100644 20181/Nal/Postgrado/libraryjs/datatables-binding-0.4/lib/datatables-extensions/Buttons/js/p[0Kd
fmake.min.js[0K
 create mode 100644 20181/Nal/Postgrado/libraryjs/datatables-binding-0.4/lib/datatables-extensions/Buttons/js/v[0Kf
s_fonts.js[0K
 create mode 100644 20181/Nal/Postgrado/libraryjs/datatables-binding-0.4/lib/datatables-extensions/Buttons/swf/[0Kf
lashExport.swf[0K
 create mode 100644 20181/Nal/Postgrado/libraryjs/datatables-binding-0.4/lib/datatables-extensions/ColReorder/c[0Ks
s/colReorder.bootstrap.min.css[0K
 create mode 100644 20181/Nal/Postgrado/libraryjs/datatables-binding-0.4/lib/datatables-extensions/ColReorder/c[0Ks
s/colReorder.bootstrap4.min.css[0K
 create mode 100644 20181/Nal/Postgrado/libraryjs/datatables-binding-0.4/lib/datatables-extensions/ColReorder/c[0Ks
s/colReorder.dataTables.min.css[0K
 create mode 100644 20181/Nal/Postgrado/libraryjs/datatables-binding-0.4/lib/datatables-extensions/ColReorder/c[0Ks
s/colReorder.foundation.min.css[0K
 create mode 100644 20181/Nal/Postgrado/libraryjs/datatables-binding-0.4/lib/datatables-extensions/ColReorder/c[0Ks
s/colReorder.jqueryui.min.css[0K
 create mode 100644 20181/Nal/Postgrado/libraryjs/datatables-binding-0.4/lib/datatables-extensions/ColReorder/c[0Ks
s/colReorder.semanticui.min.css[0K
 create mode 100644 20181/Nal/Postgrado/libraryjs/datatables-binding-0.4/lib/datatables-extensions/ColReorder/j[0Ks
/dataTables.colReorder.min.js[0K
 create mode 100644 20181/Nal/Postgrado/libraryjs/datatables-binding-0.4/lib/datatables-extensions/FixedColumns[0K/
css/fixedColumns.bootstrap.min.css[0K
 create mode 100644 20181/Nal/Postgrado/libraryjs/datatables-binding-0.4/lib/datatables-extensions/FixedColumns[0K/
css/fixedColumns.bootstrap4.min.css[0K
 create mode 100644 20181/Nal/Postgrado/libraryjs/datatables-binding-0.4/lib/datatables-extensions/FixedColumns[0K/
css/fixedColumns.dataTables.min.css[0K
 create mode 100644 20181/Nal/Postgrado/libraryjs/datatables-binding-0.4/lib/datatables-extensions/FixedColumns[0K/
css/fixedColumns.foundation.min.css[0K
 create mode 100644 20181/Nal/Postgrado/libraryjs/datatables-binding-0.4/lib/datatables-extensions/FixedColumns[0K/
css/fixedColumns.jqueryui.min.css[0K
 create mode 100644 20181/Nal/Postgrado/libraryjs/datatables-binding-0.4/lib/datatables-extensions/FixedColumns[0K/
css/fixedColumns.semanticui.min.css[0K
 create mode 100644 20181/Nal/Postgrado/libraryjs/datatables-binding-0.4/lib/datatables-extensions/FixedColumns[0K/
js/dataTables.fixedColumns.min.js[0K
 create mode 100644 20181/Nal/Postgrado/libraryjs/datatables-binding-0.4/lib/datatables-extensions/FixedHeader/[0Kc
ss/fixedHeader.bootstrap.min.css[0K
 create mode 100644 20181/Nal/Postgrado/libraryjs/datatables-binding-0.4/lib/datatables-extensions/FixedHeader/[0Kc
ss/fixedHeader.bootstrap4.min.css[0K
 create mode 100644 20181/Nal/Postgrado/libraryjs/datatables-binding-0.4/lib/datatables-extensions/FixedHeader/[0Kc
ss/fixedHeader.dataTables.min.css[0K
 create mode 100644 20181/Nal/Postgrado/libraryjs/datatables-binding-0.4/lib/datatables-extensions/FixedHeader/[0Kc
ss/fixedHeader.foundation.min.css[0K
 create mode 100644 20181/Nal/Postgrado/libraryjs/datatables-binding-0.4/lib/datatables-extensions/FixedHeader/[0Kc
ss/fixedHeader.jqueryui.min.css[0K
 create mode 100644 20181/Nal/Postgrado/libraryjs/datatables-binding-0.4/lib/datatables-extensions/FixedHeader/[0Kc
ss/fixedHeader.semanticui.min.css[0K
 create mode 100644 20181/Nal/Postgrado/libraryjs/datatables-binding-0.4/lib/datatables-extensions/FixedHeader/[0Kj
s/dataTables.fixedHeader.min.js[0K
 create mode 100644 20181/Nal/Postgrado/libraryjs/datatables-binding-0.4/lib/datatables-extensions/KeyTable/css[0K/
keyTable.bootstrap.min.css[0K
 create mode 100644 20181/Nal/Postgrado/libraryjs/datatables-binding-0.4/lib/datatables-extensions/KeyTable/css[0K/
keyTable.bootstrap4.min.css[0K
 create mode 100644 20181/Nal/Postgrado/libraryjs/datatables-binding-0.4/lib/datatables-extensions/KeyTable/css[0K/
keyTable.dataTables.min.css[0K
 create mode 100644 20181/Nal/Postgrado/libraryjs/datatables-binding-0.4/lib/datatables-extensions/KeyTable/css[0K/
keyTable.foundation.min.css[0K
 create mode 100644 20181/Nal/Postgrado/libraryjs/datatables-binding-0.4/lib/datatables-extensions/KeyTable/css[0K/
keyTable.jqueryui.min.css[0K
 create mode 100644 20181/Nal/Postgrado/libraryjs/datatables-binding-0.4/lib/datatables-extensions/KeyTable/css[0K/
keyTable.semanticui.min.css[0K
 create mode 100644 20181/Nal/Postgrado/libraryjs/datatables-binding-0.4/lib/datatables-extensions/KeyTable/js/[0Kd
ataTables.keyTable.min.js[0K
 create mode 100644 20181/Nal/Postgrado/libraryjs/datatables-binding-0.4/lib/datatables-extensions/Responsive/c[0Ks
s/responsive.bootstrap.min.css[0K
 create mode 100644 20181/Nal/Postgrado/libraryjs/datatables-binding-0.4/lib/datatables-extensions/Responsive/c[0Ks
s/responsive.bootstrap4.min.css[0K
 create mode 100644 20181/Nal/Postgrado/libraryjs/datatables-binding-0.4/lib/datatables-extensions/Responsive/c[0Ks
s/responsive.dataTables.min.css[0K
 create mode 100644 20181/Nal/Postgrado/libraryjs/datatables-binding-0.4/lib/datatables-extensions/Responsive/c[0Ks
s/responsive.foundation.min.css[0K
 create mode 100644 20181/Nal/Postgrado/libraryjs/datatables-binding-0.4/lib/datatables-extensions/Responsive/c[0Ks
s/responsive.jqueryui.min.css[0K
 create mode 100644 20181/Nal/Postgrado/libraryjs/datatables-binding-0.4/lib/datatables-extensions/Responsive/c[0Ks
s/responsive.semanticui.min.css[0K
 create mode 100644 20181/Nal/Postgrado/libraryjs/datatables-binding-0.4/lib/datatables-extensions/Responsive/j[0Ks
/dataTables.responsive.min.js[0K
 create mode 100644 20181/Nal/Postgrado/libraryjs/datatables-binding-0.4/lib/datatables-extensions/Responsive/j[0Ks
/responsive.bootstrap.min.js[0K
 create mode 100644 20181/Nal/Postgrado/libraryjs/datatables-binding-0.4/lib/datatables-extensions/Responsive/j[0Ks
/responsive.bootstrap4.min.js[0K
 create mode 100644 20181/Nal/Postgrado/libraryjs/datatables-binding-0.4/lib/datatables-extensions/Responsive/j[0Ks
/responsive.foundation.min.js[0K
 create mode 100644 20181/Nal/Postgrado/libraryjs/datatables-binding-0.4/lib/datatables-extensions/Responsive/j[0Ks
/responsive.jqueryui.min.js[0K
 create mode 100644 20181/Nal/Postgrado/libraryjs/datatables-binding-0.4/lib/datatables-extensions/Responsive/j[0Ks
/responsive.semanticui.min.js[0K
 create mode 100644 20181/Nal/Postgrado/libraryjs/datatables-binding-0.4/lib/datatables-extensions/RowGroup/css[0K/
rowGroup.bootstrap.min.css[0K
 create mode 100644 20181/Nal/Postgrado/libraryjs/datatables-binding-0.4/lib/datatables-extensions/RowGroup/css[0K/
rowGroup.bootstrap4.min.css[0K
 create mode 100644 20181/Nal/Postgrado/libraryjs/datatables-binding-0.4/lib/datatables-extensions/RowGroup/css[0K/
rowGroup.dataTables.min.css[0K
 create mode 100644 20181/Nal/Postgrado/libraryjs/datatables-binding-0.4/lib/datatables-extensions/RowGroup/css[0K/
rowGroup.foundation.min.css[0K
 create mode 100644 20181/Nal/Postgrado/libraryjs/datatables-binding-0.4/lib/datatables-extensions/RowGroup/css[0K/
rowGroup.jqueryui.min.css[0K
 create mode 100644 20181/Nal/Postgrado/libraryjs/datatables-binding-0.4/lib/datatables-extensions/RowGroup/css[0K/
rowGroup.semanticui.min.css[0K
 create mode 100644 20181/Nal/Postgrado/libraryjs/datatables-binding-0.4/lib/datatables-extensions/RowGroup/js/[0Kd
ataTables.rowGroup.min.js[0K
 create mode 100644 20181/Nal/Postgrado/libraryjs/datatables-binding-0.4/lib/datatables-extensions/RowReorder/c[0Ks
s/rowReorder.bootstrap.min.css[0K
 create mode 100644 20181/Nal/Postgrado/libraryjs/datatables-binding-0.4/lib/datatables-extensions/RowReorder/c[0Ks
s/rowReorder.bootstrap4.min.css[0K
 create mode 100644 20181/Nal/Postgrado/libraryjs/datatables-binding-0.4/lib/datatables-extensions/RowReorder/c[0Ks
s/rowReorder.dataTables.min.css[0K
 create mode 100644 20181/Nal/Postgrado/libraryjs/datatables-binding-0.4/lib/datatables-extensions/RowReorder/c[0Ks
s/rowReorder.foundation.min.css[0K
 create mode 100644 20181/Nal/Postgrado/libraryjs/datatables-binding-0.4/lib/datatables-extensions/RowReorder/c[0Ks
s/rowReorder.jqueryui.min.css[0K
 create mode 100644 20181/Nal/Postgrado/libraryjs/datatables-binding-0.4/lib/datatables-extensions/RowReorder/c[0Ks
s/rowReorder.semanticui.min.css[0K
 create mode 100644 20181/Nal/Postgrado/libraryjs/datatables-binding-0.4/lib/datatables-extensions/RowReorder/j[0Ks
/dataTables.rowReorder.min.js[0K
 create mode 100644 20181/Nal/Postgrado/libraryjs/datatables-binding-0.4/lib/datatables-extensions/Scroller/css[0K/
scroller.bootstrap.min.css[0K
 create mode 100644 20181/Nal/Postgrado/libraryjs/datatables-binding-0.4/lib/datatables-extensions/Scroller/css[0K/
scroller.bootstrap4.min.css[0K
 create mode 100644 20181/Nal/Postgrado/libraryjs/datatables-binding-0.4/lib/datatables-extensions/Scroller/css[0K/
scroller.dataTables.min.css[0K
 create mode 100644 20181/Nal/Postgrado/libraryjs/datatables-binding-0.4/lib/datatables-extensions/Scroller/css[0K/
scroller.foundation.min.css[0K
 create mode 100644 20181/Nal/Postgrado/libraryjs/datatables-binding-0.4/lib/datatables-extensions/Scroller/css[0K/
scroller.jqueryui.min.css[0K
 create mode 100644 20181/Nal/Postgrado/libraryjs/datatables-binding-0.4/lib/datatables-extensions/Scroller/css[0K/
scroller.semanticui.min.css[0K
 create mode 100644 20181/Nal/Postgrado/libraryjs/datatables-binding-0.4/lib/datatables-extensions/Scroller/js/[0Kd
ataTables.scroller.min.js[0K
 create mode 100644 20181/Nal/Postgrado/libraryjs/datatables-binding-0.4/lib/datatables-extensions/Select/css/s[0Ke
lect.bootstrap.min.css[0K
 create mode 100644 20181/Nal/Postgrado/libraryjs/datatables-binding-0.4/lib/datatables-extensions/Select/css/s[0Ke
lect.bootstrap4.min.css[0K
 create mode 100644 20181/Nal/Postgrado/libraryjs/datatables-binding-0.4/lib/datatables-extensions/Select/css/s[0Ke
lect.dataTables.min.css[0K
 create mode 100644 20181/Nal/Postgrado/libraryjs/datatables-binding-0.4/lib/datatables-extensions/Select/css/s[0Ke
lect.foundation.min.css[0K
 create mode 100644 20181/Nal/Postgrado/libraryjs/datatables-binding-0.4/lib/datatables-extensions/Select/css/s[0Ke
lect.jqueryui.min.css[0K
 create mode 100644 20181/Nal/Postgrado/libraryjs/datatables-binding-0.4/lib/datatables-extensions/Select/css/s[0Ke
lect.semanticui.min.css[0K
 create mode 100644 20181/Nal/Postgrado/libraryjs/datatables-binding-0.4/lib/datatables-extensions/Select/js/da[0Kt
aTables.select.min.js[0K
 create mode 100644 20181/Nal/Postgrado/libraryjs/datatables-binding-0.4/lib/datatables-plugins/natural/natural[0K.
js[0K
 create mode 100644 20181/Nal/Postgrado/libraryjs/datatables-binding-0.4/lib/datatables-plugins/searchHighlight[0K/
dataTables.searchHighlight.css[0K
 create mode 100644 20181/Nal/Postgrado/libraryjs/datatables-binding-0.4/lib/datatables-plugins/searchHighlight[0K/
dataTables.searchHighlight.min.js[0K
 create mode 100644 20181/Nal/Postgrado/libraryjs/datatables-binding-0.4/lib/datatables-plugins/searchHighlight[0K/
jquery.highlight.js[0K
 create mode 100644 20181/Nal/Postgrado/libraryjs/datatables-binding-0.4/lib/datatables/css/dataTables.bootstra[0Kp
.extra.css[0K
 create mode 100644 20181/Nal/Postgrado/libraryjs/datatables-binding-0.4/lib/datatables/css/dataTables.bootstra[0Kp
.min.css[0K
 create mode 100644 20181/Nal/Postgrado/libraryjs/datatables-binding-0.4/lib/datatables/css/dataTables.bootstra[0Kp
4.min.css[0K
 create mode 100644 20181/Nal/Postgrado/libraryjs/datatables-binding-0.4/lib/datatables/css/dataTables.foundati[0Ko
n.min.css[0K
 create mode 100644 20181/Nal/Postgrado/libraryjs/datatables-binding-0.4/lib/datatables/css/dataTables.jqueryui[0K.
min.css[0K
 create mode 100644 20181/Nal/Postgrado/libraryjs/datatables-binding-0.4/lib/datatables/css/dataTables.material[0K.
min.css[0K
 create mode 100644 20181/Nal/Postgrado/libraryjs/datatables-binding-0.4/lib/datatables/css/dataTables.semantic[0Ku
i.min.css[0K
 create mode 100644 20181/Nal/Postgrado/libraryjs/datatables-binding-0.4/lib/datatables/css/dataTables.uikit.mi[0Kn
.css[0K
 create mode 100644 20181/Nal/Postgrado/libraryjs/datatables-binding-0.4/lib/datatables/css/jquery.dataTables.e[0Kx
tra.css[0K
 create mode 100644 20181/Nal/Postgrado/libraryjs/datatables-binding-0.4/lib/datatables/css/jquery.dataTables.m[0Ki
n.css[0K
 create mode 100644 20181/Nal/Postgrado/libraryjs/datatables-binding-0.4/lib/datatables/js/dataTables.bootstrap[0K.
min.js[0K
 create mode 100644 20181/Nal/Postgrado/libraryjs/datatables-binding-0.4/lib/datatables/js/dataTables.bootstrap[0K4
.min.js[0K
 create mode 100644 20181/Nal/Postgrado/libraryjs/datatables-binding-0.4/lib/datatables/js/dataTables.foundatio[0Kn
.min.js[0K
 create mode 100644 20181/Nal/Postgrado/libraryjs/datatables-binding-0.4/lib/datatables/js/dataTables.jqueryui.[0Km
in.js[0K
 create mode 100644 20181/Nal/Postgrado/libraryjs/datatables-binding-0.4/lib/datatables/js/dataTables.material.[0Km
in.js[0K
 create mode 100644 20181/Nal/Postgrado/libraryjs/datatables-binding-0.4/lib/datatables/js/dataTables.semanticu[0Ki
.min.js[0K
 create mode 100644 20181/Nal/Postgrado/libraryjs/datatables-binding-0.4/lib/datatables/js/dataTables.uikit.min[0K.
js[0K
 create mode 100644 20181/Nal/Postgrado/libraryjs/datatables-binding-0.4/lib/datatables/js/jquery.dataTables.mi[0Kn
.js[0K
 create mode 100644 20181/Nal/Postgrado/libraryjs/datatables-binding-0.4/lib/datatables/license.txt[0K
 create mode 100644 20181/Nal/Postgrado/libraryjs/datatables-binding-0.4/lib/jquery/LICENSE.txt[0K
 create mode 100644 20181/Nal/Postgrado/libraryjs/datatables-binding-0.4/lib/jquery/jquery.min.js[0K
 create mode 100644 20181/Nal/Postgrado/libraryjs/datatables-binding-0.4/lib/nouislider/jquery.nouislider.min.c[0Ks
s[0K
 create mode 100644 20181/Nal/Postgrado/libraryjs/datatables-binding-0.4/lib/nouislider/jquery.nouislider.min.j[0Ks
[0K
 create mode 100644 20181/Nal/Postgrado/libraryjs/datatables-binding-0.4/lib/selectize/selectize.bootstrap3.css[0K
 create mode 100644 20181/Nal/Postgrado/libraryjs/datatables-binding-0.4/lib/selectize/selectize.min.js[0K
 create mode 100644 20181/Nal/Postgrado/libraryjs/datatables-css-0.0.0/datatables-crosstalk.css[0K
 create mode 100644 20181/Nal/Postgrado/libraryjs/dt-core-1.10.16/css/jquery.dataTables.extra.css[0K
 create mode 100644 20181/Nal/Postgrado/libraryjs/dt-core-1.10.16/css/jquery.dataTables.min.css[0K
 create mode 100644 20181/Nal/Postgrado/libraryjs/dt-core-1.10.16/js/jquery.dataTables.min.js[0K
 create mode 100644 20181/Nal/Postgrado/libraryjs/dt-ext-buttons-1.10.16/css/buttons.dataTables.min.css[0K
 create mode 100644 20181/Nal/Postgrado/libraryjs/dt-ext-buttons-1.10.16/js/buttons.colVis.min.js[0K
 create mode 100644 20181/Nal/Postgrado/libraryjs/dt-ext-buttons-1.10.16/js/buttons.flash.min.js[0K
 create mode 100644 20181/Nal/Postgrado/libraryjs/dt-ext-buttons-1.10.16/js/buttons.html5.min.js[0K
 create mode 100644 20181/Nal/Postgrado/libraryjs/dt-ext-buttons-1.10.16/js/buttons.print.min.js[0K
 create mode 100644 20181/Nal/Postgrado/libraryjs/dt-ext-buttons-1.10.16/js/dataTables.buttons.min.js[0K
 create mode 100644 20181/Nal/Postgrado/libraryjs/dt-ext-keytable-1.10.16/css/keyTable.dataTables.min.css[0K
 create mode 100644 20181/Nal/Postgrado/libraryjs/dt-ext-keytable-1.10.16/js/dataTables.keyTable.min.js[0K
 create mode 100644 20181/Nal/Postgrado/libraryjs/dt-ext-responsive-1.10.16/css/responsive.dataTables.min.css[0K
 create mode 100644 20181/Nal/Postgrado/libraryjs/dt-ext-responsive-1.10.16/js/dataTables.responsive.min.js[0K
 create mode 100644 20181/Nal/Postgrado/libraryjs/dt-plugin-searchhighlight-1.10.16/dataTables.searchHighlight.[0Kc
ss[0K
 create mode 100644 20181/Nal/Postgrado/libraryjs/dt-plugin-searchhighlight-1.10.16/dataTables.searchHighlight.[0Km
in.js[0K
 create mode 100644 20181/Nal/Postgrado/libraryjs/dt-plugin-searchhighlight-1.10.16/jquery.highlight.js[0K
 create mode 100644 20181/Nal/Postgrado/libraryjs/highchart-binding-0.6.0/highchart.js[0K
 create mode 100644 20181/Nal/Postgrado/libraryjs/highchart-binding-0.6.0/highchart.yaml[0K
 create mode 100644 20181/Nal/Postgrado/libraryjs/highchart-binding-0.6.0/highchart2.js[0K
 create mode 100644 20181/Nal/Postgrado/libraryjs/highchart-binding-0.6.0/highchart2.yaml[0K
 create mode 100644 20181/Nal/Postgrado/libraryjs/highchart-binding-0.6.0/highchartct.js[0K
 create mode 100644 20181/Nal/Postgrado/libraryjs/highchart-binding-0.6.0/highchartct.yaml[0K
 create mode 100644 20181/Nal/Postgrado/libraryjs/highchart-binding-0.6.0/highchartzero.js[0K
 create mode 100644 20181/Nal/Postgrado/libraryjs/highchart-binding-0.6.0/highchartzero.yaml[0K
 create mode 100644 20181/Nal/Postgrado/libraryjs/highchart-binding-0.6.0/lib/highcharts-6.0.3/css/motion.css[0K
 create mode 100644 20181/Nal/Postgrado/libraryjs/highchart-binding-0.6.0/lib/highcharts-6.0.3/custom/reset.js[0K
 create mode 100644 20181/Nal/Postgrado/libraryjs/highchart-binding-0.6.0/lib/highcharts-6.0.3/custom/symbols-e[0Kx
tra.js[0K
 create mode 100644 20181/Nal/Postgrado/libraryjs/highchart-binding-0.6.0/lib/highcharts-6.0.3/custom/text-symb[0Ko
ls.js[0K
 create mode 100644 20181/Nal/Postgrado/libraryjs/highchart-binding-0.6.0/lib/highcharts-6.0.3/highcharts-3d.js[0K
 create mode 100644 20181/Nal/Postgrado/libraryjs/highchart-binding-0.6.0/lib/highcharts-6.0.3/highcharts-more.[0Kj
s[0K
 create mode 100644 20181/Nal/Postgrado/libraryjs/highchart-binding-0.6.0/lib/highcharts-6.0.3/highcharts.js[0K
 create mode 100644 20181/Nal/Postgrado/libraryjs/highchart-binding-0.6.0/lib/highcharts-6.0.3/maps/modules/map[0K.
js[0K
 create mode 100644 20181/Nal/Postgrado/libraryjs/highchart-binding-0.6.0/lib/highcharts-6.0.3/modules/accessib[0Ki
lity.js[0K
 create mode 100644 20181/Nal/Postgrado/libraryjs/highchart-binding-0.6.0/lib/highcharts-6.0.3/modules/annotati[0Ko
ns.js[0K
 create mode 100644 20181/Nal/Postgrado/libraryjs/highchart-binding-0.6.0/lib/highcharts-6.0.3/modules/boost-ca[0Kn
vas.js[0K
 create mode 100644 20181/Nal/Postgrado/libraryjs/highchart-binding-0.6.0/lib/highcharts-6.0.3/modules/boost.js[0K
 create mode 100644 20181/Nal/Postgrado/libraryjs/highchart-binding-0.6.0/lib/highcharts-6.0.3/modules/broken-a[0Kx
is.js[0K
 create mode 100644 20181/Nal/Postgrado/libraryjs/highchart-binding-0.6.0/lib/highcharts-6.0.3/modules/bullet.j[0Ks
[0K
 create mode 100644 20181/Nal/Postgrado/libraryjs/highchart-binding-0.6.0/lib/highcharts-6.0.3/modules/data.js[0K
 create mode 100644 20181/Nal/Postgrado/libraryjs/highchart-binding-0.6.0/lib/highcharts-6.0.3/modules/drag-pan[0Ke
s.js[0K
 create mode 100644 20181/Nal/Postgrado/libraryjs/highchart-binding-0.6.0/lib/highcharts-6.0.3/modules/drilldow[0Kn
.js[0K
 create mode 100644 20181/Nal/Postgrado/libraryjs/highchart-binding-0.6.0/lib/highcharts-6.0.3/modules/export-d[0Ka
ta.js[0K
 create mode 100644 20181/Nal/Postgrado/libraryjs/highchart-binding-0.6.0/lib/highcharts-6.0.3/modules/exportin[0Kg
.js[0K
 create mode 100644 20181/Nal/Postgrado/libraryjs/highchart-binding-0.6.0/lib/highcharts-6.0.3/modules/funnel.j[0Ks
[0K
 create mode 100644 20181/Nal/Postgrado/libraryjs/highchart-binding-0.6.0/lib/highcharts-6.0.3/modules/gantt.js[0K
 create mode 100644 20181/Nal/Postgrado/libraryjs/highchart-binding-0.6.0/lib/highcharts-6.0.3/modules/grid-axi[0Ks
.js[0K
 create mode 100644 20181/Nal/Postgrado/libraryjs/highchart-binding-0.6.0/lib/highcharts-6.0.3/modules/heatmap.[0Kj
s[0K
 create mode 100644 20181/Nal/Postgrado/libraryjs/highchart-binding-0.6.0/lib/highcharts-6.0.3/modules/histogra[0Km
-bellcurve.js[0K
 create mode 100644 20181/Nal/Postgrado/libraryjs/highchart-binding-0.6.0/lib/highcharts-6.0.3/modules/item-ser[0Ki
es.js[0K
 create mode 100644 20181/Nal/Postgrado/libraryjs/highchart-binding-0.6.0/lib/highcharts-6.0.3/modules/no-data-[0Kt
o-display.js[0K
 create mode 100644 20181/Nal/Postgrado/libraryjs/highchart-binding-0.6.0/lib/highcharts-6.0.3/modules/offline-[0Ke
xporting.js[0K
 create mode 100644 20181/Nal/Postgrado/libraryjs/highchart-binding-0.6.0/lib/highcharts-6.0.3/modules/oldie.js[0K
 create mode 100644 20181/Nal/Postgrado/libraryjs/highchart-binding-0.6.0/lib/highcharts-6.0.3/modules/overlapp[0Ki
ng-datalabels.js[0K
 create mode 100644 20181/Nal/Postgrado/libraryjs/highchart-binding-0.6.0/lib/highcharts-6.0.3/modules/parallel[0K-
coordinates.js[0K
 create mode 100644 20181/Nal/Postgrado/libraryjs/highchart-binding-0.6.0/lib/highcharts-6.0.3/modules/pareto.j[0Ks
[0K
 create mode 100644 20181/Nal/Postgrado/libraryjs/highchart-binding-0.6.0/lib/highcharts-6.0.3/modules/sankey.j[0Ks
[0K
 create mode 100644 20181/Nal/Postgrado/libraryjs/highchart-binding-0.6.0/lib/highcharts-6.0.3/modules/series-l[0Ka
bel.js[0K
 create mode 100644 20181/Nal/Postgrado/libraryjs/highchart-binding-0.6.0/lib/highcharts-6.0.3/modules/solid-ga[0Ku
ge.js[0K
 create mode 100644 20181/Nal/Postgrado/libraryjs/highchart-binding-0.6.0/lib/highcharts-6.0.3/modules/static-s[0Kc
ale.js[0K
 create mode 100644 20181/Nal/Postgrado/libraryjs/highchart-binding-0.6.0/lib/highcharts-6.0.3/modules/stock.js[0K
 create mode 100644 20181/Nal/Postgrado/libraryjs/highchart-binding-0.6.0/lib/highcharts-6.0.3/modules/streamgr[0Ka
ph.js[0K
 create mode 100644 20181/Nal/Postgrado/libraryjs/highchart-binding-0.6.0/lib/highcharts-6.0.3/modules/sunburst[0K.
js[0K
 create mode 100644 20181/Nal/Postgrado/libraryjs/highchart-binding-0.6.0/lib/highcharts-6.0.3/modules/treemap.[0Kj
s[0K
 create mode 100644 20181/Nal/Postgrado/libraryjs/highchart-binding-0.6.0/lib/highcharts-6.0.3/modules/variable[0K-
pie.js[0K
 create mode 100644 20181/Nal/Postgrado/libraryjs/highchart-binding-0.6.0/lib/highcharts-6.0.3/modules/variwide[0K.
js[0K
 create mode 100644 20181/Nal/Postgrado/libraryjs/highchart-binding-0.6.0/lib/highcharts-6.0.3/modules/vector.j[0Ks
[0K
 create mode 100644 20181/Nal/Postgrado/libraryjs/highchart-binding-0.6.0/lib/highcharts-6.0.3/modules/windbarb[0K.
js[0K
 create mode 100644 20181/Nal/Postgrado/libraryjs/highchart-binding-0.6.0/lib/highcharts-6.0.3/modules/wordclou[0Kd
.js[0K
 create mode 100644 20181/Nal/Postgrado/libraryjs/highchart-binding-0.6.0/lib/highcharts-6.0.3/modules/xrange.j[0Ks
[0K
 create mode 100644 20181/Nal/Postgrado/libraryjs/highchart-binding-0.6.0/lib/highcharts-6.0.3/plugins/annotati[0Ko
ns.js[0K
 create mode 100644 20181/Nal/Postgrado/libraryjs/highchart-binding-0.6.0/lib/highcharts-6.0.3/plugins/draggabl[0Ke
-legend.js[0K
 create mode 100644 20181/Nal/Postgrado/libraryjs/highchart-binding-0.6.0/lib/highcharts-6.0.3/plugins/draggabl[0Ke
-points.js[0K
 create mode 100644 20181/Nal/Postgrado/libraryjs/highchart-binding-0.6.0/lib/highcharts-6.0.3/plugins/export-c[0Ks
v.js[0K
 create mode 100644 20181/Nal/Postgrado/libraryjs/highchart-binding-0.6.0/lib/highcharts-6.0.3/plugins/grouped-[0Kc
ategories.js[0K
 create mode 100644 20181/Nal/Postgrado/libraryjs/highchart-binding-0.6.0/lib/highcharts-6.0.3/plugins/highchar[0Kt
s-regression.js[0K
 create mode 100644 20181/Nal/Postgrado/libraryjs/highchart-binding-0.6.0/lib/highcharts-6.0.3/plugins/motion.j[0Ks
[0K
 create mode 100644 20181/Nal/Postgrado/libraryjs/highchart-binding-0.6.0/lib/highcharts-6.0.3/plugins/multicol[0Ko
r_series.js[0K
 create mode 100644 20181/Nal/Postgrado/libraryjs/highchart-binding-0.6.0/lib/highcharts-6.0.3/plugins/pattern-[0Kf
ill-v2.js[0K
 create mode 100644 20181/Nal/Postgrado/libraryjs/highchart-binding-0.6.0/lib/highcharts-6.0.3/plugins/tooltip-[0Kd
elay.js[0K
 create mode 100644 20181/Nal/Postgrado/libraryjs/highchart-binding-0.6.0/lib/highcharts-6.0.3/stock/highstock.[0Kj
s[0K
 create mode 100644 20181/Nal/Postgrado/libraryjs/highchart-binding-0.6.0/lib/htmlwdgtgrid/htmlwdgtgrid.css[0K
 create mode 100644 20181/Nal/Postgrado/libraryjs/highchart-binding-0.6.0/lib/jquery/jquery.min.js[0K
 create mode 100644 20181/Nal/Postgrado/libraryjs/highchart-binding-0.6.0/lib/proj4js/proj4.js[0K
 create mode 100644 20181/Nal/Postgrado/libraryjs/highcharts-6.0.3/css/motion.css[0K
 create mode 100644 20181/Nal/Postgrado/libraryjs/highcharts-6.0.3/custom/reset.js[0K
 create mode 100644 20181/Nal/Postgrado/libraryjs/highcharts-6.0.3/custom/symbols-extra.js[0K
 create mode 100644 20181/Nal/Postgrado/libraryjs/highcharts-6.0.3/custom/text-symbols.js[0K
 create mode 100644 20181/Nal/Postgrado/libraryjs/highcharts-6.0.3/highcharts-3d.js[0K
 create mode 100644 20181/Nal/Postgrado/libraryjs/highcharts-6.0.3/highcharts-more.js[0K
 create mode 100644 20181/Nal/Postgrado/libraryjs/highcharts-6.0.3/highcharts.js[0K
 create mode 100644 20181/Nal/Postgrado/libraryjs/highcharts-6.0.3/maps/modules/map.js[0K
 create mode 100644 20181/Nal/Postgrado/libraryjs/highcharts-6.0.3/modules/accessibility.js[0K
 create mode 100644 20181/Nal/Postgrado/libraryjs/highcharts-6.0.3/modules/annotations.js[0K
 create mode 100644 20181/Nal/Postgrado/libraryjs/highcharts-6.0.3/modules/boost-canvas.js[0K
 create mode 100644 20181/Nal/Postgrado/libraryjs/highcharts-6.0.3/modules/boost.js[0K
 create mode 100644 20181/Nal/Postgrado/libraryjs/highcharts-6.0.3/modules/broken-axis.js[0K
 create mode 100644 20181/Nal/Postgrado/libraryjs/highcharts-6.0.3/modules/bullet.js[0K
 create mode 100644 20181/Nal/Postgrado/libraryjs/highcharts-6.0.3/modules/data.js[0K
 create mode 100644 20181/Nal/Postgrado/libraryjs/highcharts-6.0.3/modules/drag-panes.js[0K
 create mode 100644 20181/Nal/Postgrado/libraryjs/highcharts-6.0.3/modules/drilldown.js[0K
 create mode 100644 20181/Nal/Postgrado/libraryjs/highcharts-6.0.3/modules/export-data.js[0K
 create mode 100644 20181/Nal/Postgrado/libraryjs/highcharts-6.0.3/modules/exporting.js[0K
 create mode 100644 20181/Nal/Postgrado/libraryjs/highcharts-6.0.3/modules/funnel.js[0K
 create mode 100644 20181/Nal/Postgrado/libraryjs/highcharts-6.0.3/modules/gantt.js[0K
 create mode 100644 20181/Nal/Postgrado/libraryjs/highcharts-6.0.3/modules/grid-axis.js[0K
 create mode 100644 20181/Nal/Postgrado/libraryjs/highcharts-6.0.3/modules/heatmap.js[0K
 create mode 100644 20181/Nal/Postgrado/libraryjs/highcharts-6.0.3/modules/histogram-bellcurve.js[0K
 create mode 100644 20181/Nal/Postgrado/libraryjs/highcharts-6.0.3/modules/item-series.js[0K
 create mode 100644 20181/Nal/Postgrado/libraryjs/highcharts-6.0.3/modules/no-data-to-display.js[0K
 create mode 100644 20181/Nal/Postgrado/libraryjs/highcharts-6.0.3/modules/offline-exporting.js[0K
 create mode 100644 20181/Nal/Postgrado/libraryjs/highcharts-6.0.3/modules/oldie.js[0K
 create mode 100644 20181/Nal/Postgrado/libraryjs/highcharts-6.0.3/modules/overlapping-datalabels.js[0K
 create mode 100644 20181/Nal/Postgrado/libraryjs/highcharts-6.0.3/modules/parallel-coordinates.js[0K
 create mode 100644 20181/Nal/Postgrado/libraryjs/highcharts-6.0.3/modules/pareto.js[0K
 create mode 100644 20181/Nal/Postgrado/libraryjs/highcharts-6.0.3/modules/sankey.js[0K
 create mode 100644 20181/Nal/Postgrado/libraryjs/highcharts-6.0.3/modules/series-label.js[0K
 create mode 100644 20181/Nal/Postgrado/libraryjs/highcharts-6.0.3/modules/solid-gauge.js[0K
 create mode 100644 20181/Nal/Postgrado/libraryjs/highcharts-6.0.3/modules/static-scale.js[0K
 create mode 100644 20181/Nal/Postgrado/libraryjs/highcharts-6.0.3/modules/stock.js[0K
 create mode 100644 20181/Nal/Postgrado/libraryjs/highcharts-6.0.3/modules/streamgraph.js[0K
 create mode 100644 20181/Nal/Postgrado/libraryjs/highcharts-6.0.3/modules/sunburst.js[0K
 create mode 100644 20181/Nal/Postgrado/libraryjs/highcharts-6.0.3/modules/treemap.js[0K
 create mode 100644 20181/Nal/Postgrado/libraryjs/highcharts-6.0.3/modules/variable-pie.js[0K
 create mode 100644 20181/Nal/Postgrado/libraryjs/highcharts-6.0.3/modules/variwide.js[0K
 create mode 100644 20181/Nal/Postgrado/libraryjs/highcharts-6.0.3/modules/vector.js[0K
 create mode 100644 20181/Nal/Postgrado/libraryjs/highcharts-6.0.3/modules/windbarb.js[0K
 create mode 100644 20181/Nal/Postgrado/libraryjs/highcharts-6.0.3/modules/wordcloud.js[0K
 create mode 100644 20181/Nal/Postgrado/libraryjs/highcharts-6.0.3/modules/xrange.js[0K
 create mode 100644 20181/Nal/Postgrado/libraryjs/highcharts-6.0.3/plugins/annotations.js[0K
 create mode 100644 20181/Nal/Postgrado/libraryjs/highcharts-6.0.3/plugins/draggable-legend.js[0K
 create mode 100644 20181/Nal/Postgrado/libraryjs/highcharts-6.0.3/plugins/draggable-points.js[0K
 create mode 100644 20181/Nal/Postgrado/libraryjs/highcharts-6.0.3/plugins/export-csv.js[0K
 create mode 100644 20181/Nal/Postgrado/libraryjs/highcharts-6.0.3/plugins/grouped-categories.js[0K
 create mode 100644 20181/Nal/Postgrado/libraryjs/highcharts-6.0.3/plugins/highcharts-regression.js[0K
 create mode 100644 20181/Nal/Postgrado/libraryjs/highcharts-6.0.3/plugins/motion.js[0K
 create mode 100644 20181/Nal/Postgrado/libraryjs/highcharts-6.0.3/plugins/multicolor_series.js[0K
 create mode 100644 20181/Nal/Postgrado/libraryjs/highcharts-6.0.3/plugins/pattern-fill-v2.js[0K
 create mode 100644 20181/Nal/Postgrado/libraryjs/highcharts-6.0.3/plugins/tooltip-delay.js[0K
 create mode 100644 20181/Nal/Postgrado/libraryjs/highcharts-6.0.3/stock/highstock.js[0K
 create mode 100644 20181/Nal/Postgrado/libraryjs/htmlwdgtgrid-1/htmlwdgtgrid.css[0K
 create mode 100644 20181/Nal/Postgrado/libraryjs/htmlwidgets-1.2/htmlwidgets.js[0K
 create mode 100644 20181/Nal/Postgrado/libraryjs/jquery-1.11.1/jquery.min.js[0K
 create mode 100644 20181/Nal/Postgrado/libraryjs/jquery-1.12.4/jquery.js[0K
 create mode 100644 20181/Nal/Postgrado/libraryjs/jquery-1.12.4/jquery.min.js[0K
 create mode 100644 20181/Nal/Postgrado/libraryjs/jszip-1.10.16/jszip.min.js[0K
 create mode 100644 20181/Nal/Postgrado/libraryjs/leaflet-0.7.7/images/1px.png[0K
 create mode 100644 20181/Nal/Postgrado/libraryjs/leaflet-0.7.7/images/layers-2x.png[0K
 create mode 100644 20181/Nal/Postgrado/libraryjs/leaflet-0.7.7/images/layers.png[0K
 create mode 100644 20181/Nal/Postgrado/libraryjs/leaflet-0.7.7/images/marker-icon-2x.png[0K
 create mode 100644 20181/Nal/Postgrado/libraryjs/leaflet-0.7.7/images/marker-icon.png[0K
 create mode 100644 20181/Nal/Postgrado/libraryjs/leaflet-0.7.7/images/marker-shadow.png[0K
 create mode 100644 20181/Nal/Postgrado/libraryjs/leaflet-0.7.7/leaflet-src.js[0K
 create mode 100644 20181/Nal/Postgrado/libraryjs/leaflet-0.7.7/leaflet.css[0K
 create mode 100644 20181/Nal/Postgrado/libraryjs/leaflet-0.7.7/leaflet.js[0K
 create mode 100644 20181/Nal/Postgrado/libraryjs/leaflet-awesomemarkers-2.0.3/bootstrap-theme.min.css[0K
 create mode 100644 20181/Nal/Postgrado/libraryjs/leaflet-awesomemarkers-2.0.3/bootstrap.min.css[0K
 create mode 100644 20181/Nal/Postgrado/libraryjs/leaflet-awesomemarkers-2.0.3/bootstrap.min.js[0K
 create mode 100644 20181/Nal/Postgrado/libraryjs/leaflet-awesomemarkers-2.0.3/font-awesome.min.css[0K
 create mode 100644 20181/Nal/Postgrado/libraryjs/leaflet-awesomemarkers-2.0.3/fonts/FontAwesome.otf[0K
 create mode 100644 20181/Nal/Postgrado/libraryjs/leaflet-awesomemarkers-2.0.3/fonts/fontawesome-webfont.eot[0K
 create mode 100644 20181/Nal/Postgrado/libraryjs/leaflet-awesomemarkers-2.0.3/fonts/fontawesome-webfont.svg[0K
 create mode 100644 20181/Nal/Postgrado/libraryjs/leaflet-awesomemarkers-2.0.3/fonts/fontawesome-webfont.ttf[0K
 create mode 100644 20181/Nal/Postgrado/libraryjs/leaflet-awesomemarkers-2.0.3/fonts/fontawesome-webfont.woff[0K
 create mode 100644 20181/Nal/Postgrado/libraryjs/leaflet-awesomemarkers-2.0.3/fonts/glyphicons-halflings-regul[0Ka
r.eot[0K
 create mode 100644 20181/Nal/Postgrado/libraryjs/leaflet-awesomemarkers-2.0.3/fonts/glyphicons-halflings-regul[0Ka
r.svg[0K
 create mode 100644 20181/Nal/Postgrado/libraryjs/leaflet-awesomemarkers-2.0.3/fonts/glyphicons-halflings-regul[0Ka
r.ttf[0K
 create mode 100644 20181/Nal/Postgrado/libraryjs/leaflet-awesomemarkers-2.0.3/fonts/glyphicons-halflings-regul[0Ka
r.woff[0K
 create mode 100644 20181/Nal/Postgrado/libraryjs/leaflet-awesomemarkers-2.0.3/fonts/ionicons.eot[0K
 create mode 100644 20181/Nal/Postgrado/libraryjs/leaflet-awesomemarkers-2.0.3/fonts/ionicons.svg[0K
 create mode 100644 20181/Nal/Postgrado/libraryjs/leaflet-awesomemarkers-2.0.3/fonts/ionicons.ttf[0K
 create mode 100644 20181/Nal/Postgrado/libraryjs/leaflet-awesomemarkers-2.0.3/fonts/ionicons.woff[0K
 create mode 100644 20181/Nal/Postgrado/libraryjs/leaflet-awesomemarkers-2.0.3/images/markers-matte.png[0K
 create mode 100644 20181/Nal/Postgrado/libraryjs/leaflet-awesomemarkers-2.0.3/images/markers-matte@2x.png[0K
 create mode 100644 20181/Nal/Postgrado/libraryjs/leaflet-awesomemarkers-2.0.3/images/markers-plain.png[0K
 create mode 100644 20181/Nal/Postgrado/libraryjs/leaflet-awesomemarkers-2.0.3/images/markers-shadow.png[0K
 create mode 100644 20181/Nal/Postgrado/libraryjs/leaflet-awesomemarkers-2.0.3/images/markers-shadow@2x.png[0K
 create mode 100644 20181/Nal/Postgrado/libraryjs/leaflet-awesomemarkers-2.0.3/images/markers-soft.png[0K
 create mode 100644 20181/Nal/Postgrado/libraryjs/leaflet-awesomemarkers-2.0.3/images/markers-soft@2x.png[0K
 create mode 100644 20181/Nal/Postgrado/libraryjs/leaflet-awesomemarkers-2.0.3/ionicons.min.css[0K
 create mode 100644 20181/Nal/Postgrado/libraryjs/leaflet-awesomemarkers-2.0.3/leaflet.awesome-markers.css[0K
 create mode 100644 20181/Nal/Postgrado/libraryjs/leaflet-awesomemarkers-2.0.3/leaflet.awesome-markers.js[0K
 create mode 100644 20181/Nal/Postgrado/libraryjs/leaflet-awesomemarkers-2.0.3/leaflet.awesome-markers.min.js[0K
 create mode 100644 20181/Nal/Postgrado/libraryjs/leaflet-binding-1.1.0/leaflet.js[0K
 create mode 100644 20181/Nal/Postgrado/libraryjs/leaflet-binding-1.1.0/leaflet.yaml[0K
 create mode 100644 20181/Nal/Postgrado/libraryjs/leaflet-binding-1.1.0/lib/Leaflet.label/images/death.png[0K
 create mode 100644 20181/Nal/Postgrado/libraryjs/leaflet-binding-1.1.0/lib/Leaflet.label/leaflet.label-src.js[0K
 create mode 100644 20181/Nal/Postgrado/libraryjs/leaflet-binding-1.1.0/lib/Leaflet.label/leaflet.label.css[0K
 create mode 100644 20181/Nal/Postgrado/libraryjs/leaflet-binding-1.1.0/lib/Leaflet.label/leaflet.label.js[0K
 create mode 100644 20181/Nal/Postgrado/libraryjs/leaflet-binding-1.1.0/lib/jquery/jquery.js[0K
 create mode 100644 20181/Nal/Postgrado/libraryjs/leaflet-binding-1.1.0/lib/jquery/jquery.min.js[0K
 create mode 100644 20181/Nal/Postgrado/libraryjs/leaflet-binding-1.1.0/lib/leaflet-measure/images/cancel.png[0K
 create mode 100644 20181/Nal/Postgrado/libraryjs/leaflet-binding-1.1.0/lib/leaflet-measure/images/cancel_@2X.p[0Kn
g[0K
 create mode 100644 20181/Nal/Postgrado/libraryjs/leaflet-binding-1.1.0/lib/leaflet-measure/images/check.png[0K
 create mode 100644 20181/Nal/Postgrado/libraryjs/leaflet-binding-1.1.0/lib/leaflet-measure/images/check_@2X.pn[0Kg
[0K
 create mode 100644 20181/Nal/Postgrado/libraryjs/leaflet-binding-1.1.0/lib/leaflet-measure/images/focus.png[0K
 create mode 100644 20181/Nal/Postgrado/libraryjs/leaflet-binding-1.1.0/lib/leaflet-measure/images/focus_@2X.pn[0Kg
[0K
 create mode 100644 20181/Nal/Postgrado/libraryjs/leaflet-binding-1.1.0/lib/leaflet-measure/images/rulers.png[0K
 create mode 100644 20181/Nal/Postgrado/libraryjs/leaflet-binding-1.1.0/lib/leaflet-measure/images/rulers_@2X.p[0Kn
g[0K
 create mode 100644 20181/Nal/Postgrado/libraryjs/leaflet-binding-1.1.0/lib/leaflet-measure/images/start.png[0K
 create mode 100644 20181/Nal/Postgrado/libraryjs/leaflet-binding-1.1.0/lib/leaflet-measure/images/start_@2X.pn[0Kg
[0K
 create mode 100644 20181/Nal/Postgrado/libraryjs/leaflet-binding-1.1.0/lib/leaflet-measure/images/trash.png[0K
 create mode 100644 20181/Nal/Postgrado/libraryjs/leaflet-binding-1.1.0/lib/leaflet-measure/images/trash_@2X.pn[0Kg
[0K
 create mode 100644 20181/Nal/Postgrado/libraryjs/leaflet-binding-1.1.0/lib/leaflet-measure/leaflet-measure.css[0K
 create mode 100644 20181/Nal/Postgrado/libraryjs/leaflet-binding-1.1.0/lib/leaflet-measure/leaflet-measure.js[0K
 create mode 100644 20181/Nal/Postgrado/libraryjs/leaflet-binding-1.1.0/lib/leaflet-measure/leaflet-measure.min[0K.
js[0K
 create mode 100644 20181/Nal/Postgrado/libraryjs/leaflet-binding-1.1.0/lib/leaflet-omnivore/index.js[0K
 create mode 100644 20181/Nal/Postgrado/libraryjs/leaflet-binding-1.1.0/lib/leaflet-omnivore/leaflet-omnivore.j[0Ks
[0K
 create mode 100644 20181/Nal/Postgrado/libraryjs/leaflet-binding-1.1.0/lib/leaflet-omnivore/leaflet-omnivore.m[0Ki
n.js[0K
 create mode 100644 20181/Nal/Postgrado/libraryjs/leaflet-binding-1.1.0/lib/leaflet-omnivore/package.json[0K
 create mode 100644 20181/Nal/Postgrado/libraryjs/leaflet-binding-1.1.0/lib/leaflet-providers/CONTRIBUTING.md[0K
 create mode 100644 20181/Nal/Postgrado/libraryjs/leaflet-binding-1.1.0/lib/leaflet-providers/README.md[0K
 create mode 100644 20181/Nal/Postgrado/libraryjs/leaflet-binding-1.1.0/lib/leaflet-providers/bower.json[0K
 create mode 100644 20181/Nal/Postgrado/libraryjs/leaflet-binding-1.1.0/lib/leaflet-providers/css/gh-fork-ribbo[0Kn
.css[0K
 create mode 100644 20181/Nal/Postgrado/libraryjs/leaflet-binding-1.1.0/lib/leaflet-providers/css/gh-fork-ribbo[0Kn
.ie.css[0K
 create mode 100644 20181/Nal/Postgrado/libraryjs/leaflet-binding-1.1.0/lib/leaflet-providers/leaflet-providers[0K.
js[0K
 create mode 100644 20181/Nal/Postgrado/libraryjs/leaflet-binding-1.1.0/lib/leaflet-providers/license.md[0K
 create mode 100644 20181/Nal/Postgrado/libraryjs/leaflet-binding-1.1.0/lib/leaflet-providers/package.json[0K
 create mode 100644 20181/Nal/Postgrado/libraryjs/leaflet-binding-1.1.0/lib/leaflet-providers/providers.json[0K
 create mode 100644 20181/Nal/Postgrado/libraryjs/leaflet-binding-1.1.0/lib/leaflet/images/1px.png[0K
 create mode 100644 20181/Nal/Postgrado/libraryjs/leaflet-binding-1.1.0/lib/leaflet/images/layers-2x.png[0K
 create mode 100644 20181/Nal/Postgrado/libraryjs/leaflet-binding-1.1.0/lib/leaflet/images/layers.png[0K
 create mode 100644 20181/Nal/Postgrado/libraryjs/leaflet-binding-1.1.0/lib/leaflet/images/marker-icon-2x.png[0K
 create mode 100644 20181/Nal/Postgrado/libraryjs/leaflet-binding-1.1.0/lib/leaflet/images/marker-icon.png[0K
 create mode 100644 20181/Nal/Postgrado/libraryjs/leaflet-binding-1.1.0/lib/leaflet/images/marker-shadow.png[0K
 create mode 100644 20181/Nal/Postgrado/libraryjs/leaflet-binding-1.1.0/lib/leaflet/leaflet-src.js[0K
 create mode 100644 20181/Nal/Postgrado/libraryjs/leaflet-binding-1.1.0/lib/leaflet/leaflet.css[0K
 create mode 100644 20181/Nal/Postgrado/libraryjs/leaflet-binding-1.1.0/lib/leaflet/leaflet.js[0K
 create mode 100644 20181/Nal/Postgrado/libraryjs/leaflet-binding-1.1.0/lib/leafletfix/leafletfix.css[0K
 create mode 100644 20181/Nal/Postgrado/libraryjs/leaflet-binding-1.1.0/plugins/Leaflet-MiniMap/Control.MiniMap[0K.
css[0K
 create mode 100644 20181/Nal/Postgrado/libraryjs/leaflet-binding-1.1.0/plugins/Leaflet-MiniMap/Control.MiniMap[0K.
js[0K
 create mode 100644 20181/Nal/Postgrado/libraryjs/leaflet-binding-1.1.0/plugins/Leaflet-MiniMap/Control.MiniMap[0K.
min.css[0K
 create mode 100644 20181/Nal/Postgrado/libraryjs/leaflet-binding-1.1.0/plugins/Leaflet-MiniMap/Control.MiniMap[0K.
min.js[0K
 create mode 100644 20181/Nal/Postgrado/libraryjs/leaflet-binding-1.1.0/plugins/Leaflet-MiniMap/Minimap-binding[0K.
js[0K
 create mode 100644 20181/Nal/Postgrado/libraryjs/leaflet-binding-1.1.0/plugins/Leaflet-MiniMap/images/toggle.p[0Kn
g[0K
 create mode 100644 20181/Nal/Postgrado/libraryjs/leaflet-binding-1.1.0/plugins/Leaflet-MiniMap/images/toggle.s[0Kv
g[0K
 create mode 100644 20181/Nal/Postgrado/libraryjs/leaflet-binding-1.1.0/plugins/Leaflet.EasyButton/EasyButton-b[0Ki
nding.js[0K
 create mode 100644 20181/Nal/Postgrado/libraryjs/leaflet-binding-1.1.0/plugins/Leaflet.EasyButton/LICENSE[0K
 create mode 100644 20181/Nal/Postgrado/libraryjs/leaflet-binding-1.1.0/plugins/Leaflet.EasyButton/easy-button.[0Kc
ss[0K
 create mode 100644 20181/Nal/Postgrado/libraryjs/leaflet-binding-1.1.0/plugins/Leaflet.EasyButton/easy-button.[0Kj
s[0K
 create mode 100644 20181/Nal/Postgrado/libraryjs/leaflet-binding-1.1.0/plugins/Leaflet.Graticule/Graticule-bin[0Kd
ing.js[0K
 create mode 100644 20181/Nal/Postgrado/libraryjs/leaflet-binding-1.1.0/plugins/Leaflet.Graticule/L.Graticule.j[0Ks
[0K
 create mode 100644 20181/Nal/Postgrado/libraryjs/leaflet-binding-1.1.0/plugins/Leaflet.SimpleGraticule/L.Simpl[0Ke
Graticule.css[0K
 create mode 100644 20181/Nal/Postgrado/libraryjs/leaflet-binding-1.1.0/plugins/Leaflet.SimpleGraticule/L.Simpl[0Ke
Graticule.js[0K
 create mode 100644 20181/Nal/Postgrado/libraryjs/leaflet-binding-1.1.0/plugins/Leaflet.SimpleGraticule/SimpleG[0Kr
aticule-binding.js[0K
 create mode 100644 20181/Nal/Postgrado/libraryjs/leaflet-binding-1.1.0/plugins/Leaflet.Terminator/L.Terminator[0K.
js[0K
 create mode 100644 20181/Nal/Postgrado/libraryjs/leaflet-binding-1.1.0/plugins/Leaflet.Terminator/Terminator-b[0Ki
nding.js[0K
 create mode 100644 20181/Nal/Postgrado/libraryjs/leaflet-binding-1.1.0/plugins/Leaflet.awesome-markers/bootstr[0Ka
p-theme.min.css[0K
 create mode 100644 20181/Nal/Postgrado/libraryjs/leaflet-binding-1.1.0/plugins/Leaflet.awesome-markers/bootstr[0Ka
p.min.css[0K
 create mode 100644 20181/Nal/Postgrado/libraryjs/leaflet-binding-1.1.0/plugins/Leaflet.awesome-markers/bootstr[0Ka
p.min.js[0K
 create mode 100644 20181/Nal/Postgrado/libraryjs/leaflet-binding-1.1.0/plugins/Leaflet.awesome-markers/font-aw[0Ke
some.min.css[0K
 create mode 100644 20181/Nal/Postgrado/libraryjs/leaflet-binding-1.1.0/plugins/Leaflet.awesome-markers/fonts/F[0Ko
ntAwesome.otf[0K
 create mode 100644 20181/Nal/Postgrado/libraryjs/leaflet-binding-1.1.0/plugins/Leaflet.awesome-markers/fonts/f[0Ko
ntawesome-webfont.eot[0K
 create mode 100644 20181/Nal/Postgrado/libraryjs/leaflet-binding-1.1.0/plugins/Leaflet.awesome-markers/fonts/f[0Ko
ntawesome-webfont.svg[0K
 create mode 100644 20181/Nal/Postgrado/libraryjs/leaflet-binding-1.1.0/plugins/Leaflet.awesome-markers/fonts/f[0Ko
ntawesome-webfont.ttf[0K
 create mode 100644 20181/Nal/Postgrado/libraryjs/leaflet-binding-1.1.0/plugins/Leaflet.awesome-markers/fonts/f[0Ko
ntawesome-webfont.woff[0K
 create mode 100644 20181/Nal/Postgrado/libraryjs/leaflet-binding-1.1.0/plugins/Leaflet.awesome-markers/fonts/g[0Kl
yphicons-halflings-regular.eot[0K
 create mode 100644 20181/Nal/Postgrado/libraryjs/leaflet-binding-1.1.0/plugins/Leaflet.awesome-markers/fonts/g[0Kl
yphicons-halflings-regular.svg[0K
 create mode 100644 20181/Nal/Postgrado/libraryjs/leaflet-binding-1.1.0/plugins/Leaflet.awesome-markers/fonts/g[0Kl
yphicons-halflings-regular.ttf[0K
 create mode 100644 20181/Nal/Postgrado/libraryjs/leaflet-binding-1.1.0/plugins/Leaflet.awesome-markers/fonts/g[0Kl
yphicons-halflings-regular.woff[0K
 create mode 100644 20181/Nal/Postgrado/libraryjs/leaflet-binding-1.1.0/plugins/Leaflet.awesome-markers/fonts/i[0Ko
nicons.eot[0K
 create mode 100644 20181/Nal/Postgrado/libraryjs/leaflet-binding-1.1.0/plugins/Leaflet.awesome-markers/fonts/i[0Ko
nicons.svg[0K
 create mode 100644 20181/Nal/Postgrado/libraryjs/leaflet-binding-1.1.0/plugins/Leaflet.awesome-markers/fonts/i[0Ko
nicons.ttf[0K
 create mode 100644 20181/Nal/Postgrado/libraryjs/leaflet-binding-1.1.0/plugins/Leaflet.awesome-markers/fonts/i[0Ko
nicons.woff[0K
 create mode 100644 20181/Nal/Postgrado/libraryjs/leaflet-binding-1.1.0/plugins/Leaflet.awesome-markers/images/[0Km
arkers-matte.png[0K
 create mode 100644 20181/Nal/Postgrado/libraryjs/leaflet-binding-1.1.0/plugins/Leaflet.awesome-markers/images/[0Km
arkers-matte@2x.png[0K
 create mode 100644 20181/Nal/Postgrado/libraryjs/leaflet-binding-1.1.0/plugins/Leaflet.awesome-markers/images/[0Km
arkers-plain.png[0K
 create mode 100644 20181/Nal/Postgrado/libraryjs/leaflet-binding-1.1.0/plugins/Leaflet.awesome-markers/images/[0Km
arkers-shadow.png[0K
 create mode 100644 20181/Nal/Postgrado/libraryjs/leaflet-binding-1.1.0/plugins/Leaflet.awesome-markers/images/[0Km
arkers-shadow@2x.png[0K
 create mode 100644 20181/Nal/Postgrado/libraryjs/leaflet-binding-1.1.0/plugins/Leaflet.awesome-markers/images/[0Km
arkers-soft.png[0K
 create mode 100644 20181/Nal/Postgrado/libraryjs/leaflet-binding-1.1.0/plugins/Leaflet.awesome-markers/images/[0Km
arkers-soft@2x.png[0K
 create mode 100644 20181/Nal/Postgrado/libraryjs/leaflet-binding-1.1.0/plugins/Leaflet.awesome-markers/ionicon[0Ks
.min.css[0K
 create mode 100644 20181/Nal/Postgrado/libraryjs/leaflet-binding-1.1.0/plugins/Leaflet.awesome-markers/leaflet[0K.
awesome-markers.css[0K
 create mode 100644 20181/Nal/Postgrado/libraryjs/leaflet-binding-1.1.0/plugins/Leaflet.awesome-markers/leaflet[0K.
awesome-markers.js[0K
 create mode 100644 20181/Nal/Postgrado/libraryjs/leaflet-binding-1.1.0/plugins/Leaflet.awesome-markers/leaflet[0K.
awesome-markers.min.js[0K
 create mode 100644 20181/Nal/Postgrado/libraryjs/leaflet-binding-1.1.0/plugins/Leaflet.markercluster/MIT-LICEN[0KC
E.txt[0K
 create mode 100644 20181/Nal/Postgrado/libraryjs/leaflet-binding-1.1.0/plugins/Leaflet.markercluster/MarkerClu[0Ks
ter.Default.css[0K
 create mode 100644 20181/Nal/Postgrado/libraryjs/leaflet-binding-1.1.0/plugins/Leaflet.markercluster/MarkerClu[0Ks
ter.css[0K
 create mode 100644 20181/Nal/Postgrado/libraryjs/leaflet-binding-1.1.0/plugins/Leaflet.markercluster/leaflet.m[0Ka
rkercluster-src.js[0K
 create mode 100644 20181/Nal/Postgrado/libraryjs/leaflet-binding-1.1.0/plugins/Leaflet.markercluster/leaflet.m[0Ka
rkercluster.freezable-src.js[0K
 create mode 100644 20181/Nal/Postgrado/libraryjs/leaflet-binding-1.1.0/plugins/Leaflet.markercluster/leaflet.m[0Ka
rkercluster.js[0K
 create mode 100644 20181/Nal/Postgrado/libraryjs/leaflet-binding-1.1.0/plugins/Leaflet.markercluster/leaflet.m[0Ka
rkercluster.layersupport-src.js[0K
 create mode 100644 20181/Nal/Postgrado/libraryjs/leaflet-binding-1.1.0/plugins/Proj4Leaflet/proj4-compressed.j[0Ks
[0K
 create mode 100644 20181/Nal/Postgrado/libraryjs/leaflet-binding-1.1.0/plugins/Proj4Leaflet/proj4.js[0K
 create mode 100644 20181/Nal/Postgrado/libraryjs/leaflet-binding-1.1.0/plugins/Proj4Leaflet/proj4leaflet.js[0K
 create mode 100644 20181/Nal/Postgrado/libraryjs/leaflet-binding-1.1.0/plugins/leaflet-locationfilter/img/filt[0Ke
r-icon.png[0K
 create mode 100644 20181/Nal/Postgrado/libraryjs/leaflet-binding-1.1.0/plugins/leaflet-locationfilter/img/move[0K-
handle.png[0K
 create mode 100644 20181/Nal/Postgrado/libraryjs/leaflet-binding-1.1.0/plugins/leaflet-locationfilter/img/resi[0Kz
e-handle.png[0K
 create mode 100644 20181/Nal/Postgrado/libraryjs/leaflet-binding-1.1.0/plugins/leaflet-locationfilter/location[0Kf
ilter-bindings.js[0K
 create mode 100644 20181/Nal/Postgrado/libraryjs/leaflet-binding-1.1.0/plugins/leaflet-locationfilter/location[0Kf
ilter.css[0K
 create mode 100644 20181/Nal/Postgrado/libraryjs/leaflet-binding-1.1.0/plugins/leaflet-locationfilter/location[0Kf
ilter.js[0K
 create mode 100644 20181/Nal/Postgrado/libraryjs/leaflet-binding-1.1.0/plugins/leaflet-providers-plugin/leafle[0Kt
-providers-plugin.js[0K
 create mode 100644 20181/Nal/Postgrado/libraryjs/leaflet-easybutton-1.3.1/EasyButton-binding.js[0K
 create mode 100644 20181/Nal/Postgrado/libraryjs/leaflet-easybutton-1.3.1/LICENSE[0K
 create mode 100644 20181/Nal/Postgrado/libraryjs/leaflet-easybutton-1.3.1/easy-button.css[0K
 create mode 100644 20181/Nal/Postgrado/libraryjs/leaflet-easybutton-1.3.1/easy-button.js[0K
 create mode 100644 20181/Nal/Postgrado/libraryjs/leaflet-label-0.2.2/images/death.png[0K
 create mode 100644 20181/Nal/Postgrado/libraryjs/leaflet-label-0.2.2/leaflet.label-src.js[0K
 create mode 100644 20181/Nal/Postgrado/libraryjs/leaflet-label-0.2.2/leaflet.label.css[0K
 create mode 100644 20181/Nal/Postgrado/libraryjs/leaflet-label-0.2.2/leaflet.label.js[0K
 create mode 100644 20181/Nal/Postgrado/libraryjs/leaflet-minimap-3.3.1/Control.MiniMap.css[0K
 create mode 100644 20181/Nal/Postgrado/libraryjs/leaflet-minimap-3.3.1/Control.MiniMap.js[0K
 create mode 100644 20181/Nal/Postgrado/libraryjs/leaflet-minimap-3.3.1/Control.MiniMap.min.css[0K
 create mode 100644 20181/Nal/Postgrado/libraryjs/leaflet-minimap-3.3.1/Control.MiniMap.min.js[0K
 create mode 100644 20181/Nal/Postgrado/libraryjs/leaflet-minimap-3.3.1/Minimap-binding.js[0K
 create mode 100644 20181/Nal/Postgrado/libraryjs/leaflet-minimap-3.3.1/images/toggle.png[0K
 create mode 100644 20181/Nal/Postgrado/libraryjs/leaflet-minimap-3.3.1/images/toggle.svg[0K
 create mode 100644 20181/Nal/Postgrado/libraryjs/leaflet-providers-1.0.27/CONTRIBUTING.md[0K
 create mode 100644 20181/Nal/Postgrado/libraryjs/leaflet-providers-1.0.27/README.md[0K
 create mode 100644 20181/Nal/Postgrado/libraryjs/leaflet-providers-1.0.27/bower.json[0K
 create mode 100644 20181/Nal/Postgrado/libraryjs/leaflet-providers-1.0.27/css/gh-fork-ribbon.css[0K
 create mode 100644 20181/Nal/Postgrado/libraryjs/leaflet-providers-1.0.27/css/gh-fork-ribbon.ie.css[0K
 create mode 100644 20181/Nal/Postgrado/libraryjs/leaflet-providers-1.0.27/leaflet-providers.js[0K
 create mode 100644 20181/Nal/Postgrado/libraryjs/leaflet-providers-1.0.27/license.md[0K
 create mode 100644 20181/Nal/Postgrado/libraryjs/leaflet-providers-1.0.27/package.json[0K
 create mode 100644 20181/Nal/Postgrado/libraryjs/leaflet-providers-1.0.27/providers.json[0K
 create mode 100644 20181/Nal/Postgrado/libraryjs/leaflet-providers-plugin-1.1.0/leaflet-providers-plugin.js[0K
 create mode 100644 20181/Nal/Postgrado/libraryjs/leafletfix-1.0.0/leafletfix.css[0K
 create mode 100644 20181/Nal/Postgrado/libraryjs/nouislider-7.0.10/jquery.nouislider.min.css[0K
 create mode 100644 20181/Nal/Postgrado/libraryjs/nouislider-7.0.10/jquery.nouislider.min.js[0K
 create mode 100644 20181/Nal/Postgrado/libraryjs/pdfmake-1.10.16/pdfmake.min.js[0K
 create mode 100644 20181/Nal/Postgrado/libraryjs/pdfmake-1.10.16/vfs_fonts.js[0K
 create mode 100644 20181/Nal/Postgrado/libraryjs/proj4js-2.3.15/proj4.js[0K
 create mode 100644 20181/Nal/Postgrado/libraryjs/selectize-0.12.0/selectize.bootstrap3.css[0K
 create mode 100644 20181/Nal/Postgrado/libraryjs/selectize-0.12.0/selectize.min.js[0K
[0K[?25h[?25l
[0;32mAlberto@Alberto-HP [0;35m [0;33m~/Documents/ONP/Oficina Nacional de Estadística/Página/Cifras/Estudiantes/G_Matriculados[0;36m (m[0Ka
ster)[0m[0K
$[0K[3G[?25h[?25l$ g[0K[?25hi[0Kt[0K[7G[?25l$ git p[0K[?25hu[0Ks[0Kh[0K[12G[?25l$ git push o[0K[?25hr[0Ki[0Kg[0Ki[0Kn[0K[19G[?25l$ git push origin m[0K[?25ha[0Ks[0Kt[0Ke[0Kr[0K[?25l
[0K[?25herror: cannot spawn sh: No such file or directory[0K[?25l
error: cannot spawn rpostback-askpass: No such file or directory[0K
Username for 'https://github.com':[0K[36G[?25h[?25lUsername for 'https://github.com': e[0K[?25hs[0Kt[0Ka[0Kd[0Ki[0Ks[0Kt[0Ki[0Kc[0Ka[0Ku[0Kn[0K[?25l
error: cannot spawn rpostback-askpass: No such file or directory[0K
Password for 'https://estadisticaun@github.com':[0K[50G[?25h[?25l
[0K[?25herror: cannot spawn sh: No such file or directory[0K[?25l
remote: Invalid username or password.[0K
fatal: Authentication failed for 'https://github.com/estadisticaun/G_Matriculados.git/'[0K
[0K[?25h[?25l
[0;32mAlberto@Alberto-HP [0;35m [0;33m~/Documents/ONP/Oficina Nacional de Estadística/Página/Cifras/Estudiantes/G_Matriculados[0;36m (m[0Ka
ster)[0m[0K
$[0K[3G[?25h[?25l$ git push origin master[0K[?25h[?25l
[0K[?25herror: cannot spawn sh: No such file or directory[0K[?25l
error: cannot spawn rpostback-askpass: No such file or directory[0K
Username for 'https://github.com':[0K[36G[?25h[?25lUsername for 'https://github.com': e[0K[?25hs[0Kt[0Ka[0Kd[0Ki[0Ks[0Kt[0Ki[0Kc[0Ka[0Ku[0Kn[0K[?25l
error: cannot spawn rpostback-askpass: No such file or directory[0K
Password for 'https://estadisticaun@github.com':[0K[50G[?25h[?25l
[0K[?25herror: cannot spawn sh: No such file or directory[0K[?25l
[0K[?25hCounting objects: 44, done.[0K[?25l
Delta compression using up to 8 threads.[0K
Compressing objects:  39% (17/43)[0K[1G[?25h[?25lCompressing objects:  44% (19/43)[0K[1G[?25h[?25lCompressing objects:  51% (22/43)[0K[1G[?25h[?25lCompressing objects:  90% (39/43)[0K[1G[?25h[?25lCompressing objects: 100% (43/43)[0K[1G[?25hCompressing objects: 100% (43/43), done.[0K[?25l
Writing objects:  54% (24/44)[0K[1G[?25h[?25lWriting objects:  54% (24/44), 984.00 KiB | 751.00 KiB/s[0K[1G[?25h[?25lWriting objects:  59% (26/44), 984.00 KiB | 751.00 KiB/s[0K[1G[?25h[?25lWriting objects:  59% (26/44), 1.80 MiB | 896.00 KiB/s[0K[1G[?25h[?25lWriting objects:  63% (28/44), 1.80 MiB | 896.00 KiB/s[0K[1G[?25h[?25lWriting objects:  68% (30/44), 4.05 MiB | 1.57 MiB/s[0K[1G[?25h[?25lWriting objects:  68% (30/44), 5.38 MiB | 1.74 MiB/s[0K[1G[?25hWriting objects: 100% (44/44), 6.32 MiB | 1.92 MiB/s, done.[0K[?25l
Total 44 (delta 28), reused 0 (delta 0)[0K
[0K[?25h[?25lremote: Resolving deltas:  53% (15/28)[0K[1G[?25hremote: Resolving deltas: 100% (28/28), completed with 4 local objects.[0K[?25l
[0K[?25hTo https://github.com/estadisticaun/G_Matriculados.git[0K[?25l
   3e6286e..5eac88d  master -> master[0K
[0K[?25h[?25l
[0;32mAlberto@Alberto-HP [0;35m [0;33m~/Documents/ONP/Oficina Nacional de Estadística/Página/Cifras/Estudiantes/G_Matriculados[0;36m (m[0Ka
ster)[0m[0K
$[0K[3G[?25h[0m[0Kbash: cut: command not found[0K[?25l
]0;:/c/Users/Alberto/Documents/ONP/Oficina Nacional de Estadística/Página/Cifras/Estudiantes/G_Matriculados[?25l
[0;32mAlberto@Alberto-HP [0;35m [0;33m~/Documents/ONP/Oficina Nacional de Estadística/Página/Cifras/Estudiantes/G_Matriculados[0;36m (m[0Ka
ster)[0m[0K
$[0K[3G[?25h[?25l$ g[0K[?25hi[0Kt[0K[7G[?25l$ git s[0K[?25ht[0Ka[0Kt[0Ku[0Ks[0K[?25l
[0K[?25hOn branch master[0K[?25l
Your branch is up-to-date with 'origin/master'.[0K
[0K
Changes not staged for commit:[0K
  (use "git add/rm <file>..." to update what will be committed)[0K
  (use "git checkout -- <file>..." to discard changes in working directory)[0K
[0K
        [0;31mmodified:   .Rproj.user/B994EF53/console06/4149BEF0[0m[0K
        [0;31mmodified:   .Rproj.user/B994EF53/console06/INDEX001[0m[0K
        [0;31mmodified:   .Rproj.user/B994EF53/pcs/files-pane.pper[0m[0K
        [0;31mmodified:   .Rproj.user/B994EF53/pcs/windowlayoutstate.pper[0m[0K
        [0;31mdeleted:    .Rproj.user/B994EF53/sources/s-88FE4CBD/2C6F819F[0m[0K
        [0;31mdeleted:    .Rproj.user/B994EF53/sources/s-88FE4CBD/2C6F819F-contents[0m[0K
        [0;31mdeleted:    .Rproj.user/B994EF53/sources/s-88FE4CBD/lock_file[0m[0K
        [0;31mmodified:   20181/Nal/Pregrado/A_sede.html[0m[0K
        [0;31mmodified:   20181/Nal/Pregrado/S_sede.html[0m[0K
        [0;31mmodified:   20181/Nal/Pregrado/T_sede.html[0m[0K
        [0;31mdeleted:    20181/Nal/Pregrado/libraryjs/jquery-1.12.4/jquery.js[0m[0K
[0K
Untracked files:[0K
  (use "git add <file>..." to include in what will be committed)[0K
[0K
        [0;31m.Rproj.user/B994EF53/sources/s-8035D969/[0m[0K
        [0;31m20181/Nal/Pregrado/A_sedea.html[0m[0K
        [0;31m20181/Nal/Pregrado/S_sedea.html[0m[0K
        [0;31m20181/Nal/Pregrado/T_sedea.html[0m[0K
        [0;31m20181/Nal/Pregrado/libraryjs/jquery-1.12.4/LICENSE.txt[0m[0K
[0K
no changes added to commit (use "git add" and/or "git commit -a")[0K
[0K[?25h[?25l
[0;32mAlberto@Alberto-HP [0;35m [0;33m~/Documents/ONP/Oficina Nacional de Estadística/Página/Cifras/Estudiantes/G_Matriculados[0;36m (m[0Ka
ster)[0m[0K
$[0K[3G[?25h[?25l$ g[0K[?25hi[0Kt[0K[7G[?25l$ git c[0K[?25ho[0Km[0Km[0Ki[0Kt[0K[?25l$ git commi[0K[?25h[?25l$ git comm[0K[?25h[?25l$ git com[0K[?25h[?25l$ git co[0K[?25h[?25l$ git c[0K[?25h[?25l$ git[0K[7G[?25h[?25l$ git a[0K[?25hd[0Kd[0K[11G[?25l$ git add ,[0K[?25h[?25l$ git add[0K[11G[?25h[?25l$ git add .[0K[?25h[?25l
[0K[?25h