
warning: LF will be replaced by CRLF in 20181/Nal/Mpv/libraryjs/leaflet-binding-1.1.0/pl[0Ku
gins/leaflet-locationfilter/locationfilter.css.[0K
The file will have its original line endings in your working directory.[0K
warning: LF will be replaced by CRLF in 20181/Nal/Mpv/libraryjs/leaflet-binding-1.1.0/pl[0Ku
gins/leaflet-locationfilter/locationfilter.js.[0K
The file will have its original line endings in your working directory.[0K
warning: LF will be replaced by CRLF in 20181/Nal/Mpv/libraryjs/leaflet-binding-1.1.0/pl[0Ku
gins/leaflet-providers-plugin/leaflet-providers-plugin.js.[0K
The file will have its original line endings in your working directory.[0K
warning: LF will be replaced by CRLF in 20181/Nal/Mpv/libraryjs/leaflet-easybutton-1.3.1[0K/
EasyButton-binding.js.[0K
The file will have its original line endings in your working directory.[0K
warning: LF will be replaced by CRLF in 20181/Nal/Mpv/libraryjs/leaflet-easybutton-1.3.1[0K/
LICENSE.[0K
The file will have its original line endings in your working directory.[0K
warning: LF will be replaced by CRLF in 20181/Nal/Mpv/libraryjs/leaflet-easybutton-1.3.1[0K/
easy-button.css.[0K
The file will have its original line endings in your working directory.[0K
warning: LF will be replaced by CRLF in 20181/Nal/Mpv/libraryjs/leaflet-easybutton-1.3.1[0K/
easy-button.js.[0K
The file will have its original line endings in your working directory.[0K
warning: LF will be replaced by CRLF in 20181/Nal/Mpv/libraryjs/leaflet-label-0.2.2/leaf[0Kl
et.label-src.js.[0K
The file will have its original line endings in your working directory.[0K
warning: LF will be replaced by CRLF in 20181/Nal/Mpv/libraryjs/leaflet-label-0.2.2/leaf[0Kl
et.label.css.[0K
The file will have its original line endings in your working directory.[0K
warning: LF will be replaced by CRLF in 20181/Nal/Mpv/libraryjs/leaflet-label-0.2.2/leaf[0Kl
et.label.js.[0K
The file will have its original line endings in your working directory.[0K
warning: LF will be replaced by CRLF in 20181/Nal/Mpv/libraryjs/leaflet-minimap-3.3.1/Co[0Kn
trol.MiniMap.css.[0K
The file will have its original line endings in your working directory.[0K
warning: LF will be replaced by CRLF in 20181/Nal/Mpv/libraryjs/leaflet-minimap-3.3.1/Co[0Kn
trol.MiniMap.js.[0K
The file will have its original line endings in your working directory.[0K
warning: LF will be replaced by CRLF in 20181/Nal/Mpv/libraryjs/leaflet-minimap-3.3.1/Mi[0Kn
imap-binding.js.[0K
The file will have its original line endings in your working directory.[0K
warning: LF will be replaced by CRLF in 20181/Nal/Mpv/libraryjs/leaflet-providers-1.0.27[0K/
CONTRIBUTING.md.[0K
The file will have its original line endings in your working directory.[0K
warning: LF will be replaced by CRLF in 20181/Nal/Mpv/libraryjs/leaflet-providers-1.0.27[0K/
README.md.[0K
The file will have its original line endings in your working directory.[0K
warning: LF will be replaced by CRLF in 20181/Nal/Mpv/libraryjs/leaflet-providers-1.0.27[0K/
bower.json.[0K
The file will have its original line endings in your working directory.[0K
warning: LF will be replaced by CRLF in 20181/Nal/Mpv/libraryjs/leaflet-providers-1.0.27[0K/
leaflet-providers.js.[0K
The file will have its original line endings in your working directory.[0K
warning: LF will be replaced by CRLF in 20181/Nal/Mpv/libraryjs/leaflet-providers-1.0.27[0K/
license.md.[0K
The file will have its original line endings in your working directory.[0K
warning: LF will be replaced by CRLF in 20181/Nal/Mpv/libraryjs/leaflet-providers-1.0.27[0K/
package.json.[0K
The file will have its original line endings in your working directory.[0K
warning: LF will be replaced by CRLF in 20181/Nal/Mpv/libraryjs/leaflet-providers-1.0.27[0K/
providers.json.[0K
The file will have its original line endings in your working directory.[0K
warning: LF will be replaced by CRLF in 20181/Nal/Mpv/libraryjs/leaflet-providers-plugin[0K-
1.1.0/leaflet-providers-plugin.js.[0K
The file will have its original line endings in your working directory.[0K
warning: LF will be replaced by CRLF in 20181/Nal/Mpv/libraryjs/leafletfix-1.0.0/leaflet[0Kf
ix.css.[0K
The file will have its original line endings in your working directory.[0K
warning: LF will be replaced by CRLF in 20181/Nal/Mpv/libraryjs/nouislider-7.0.10/jquery[0K.
nouislider.min.css.[0K
The file will have its original line endings in your working directory.[0K
[0K[?25hwarning: LF will be replaced by CRLF in 20181/Nal/Mpv/libraryjs/nouislider-7.0.10/jquery[0K.[?25l
nouislider.min.js.[0K
The file will have its original line endings in your working directory.[0K
warning: LF will be replaced by CRLF in 20181/Nal/Mpv/libraryjs/pdfmake-1.10.16/pdfmake.[0Km
in.js.[0K
The file will have its original line endings in your working directory.[0K
warning: LF will be replaced by CRLF in 20181/Nal/Mpv/libraryjs/proj4js-2.3.15/proj4.js.[0K
The file will have its original line endings in your working directory.[0K
warning: LF will be replaced by CRLF in 20181/Nal/Mpv/libraryjs/selectize-0.12.0/selecti[0Kz
e.bootstrap3.css.[0K
The file will have its original line endings in your working directory.[0K
warning: LF will be replaced by CRLF in 20181/Nal/Mpv/libraryjs/selectize-0.12.0/selecti[0Kz
e.min.js.[0K
The file will have its original line endings in your working directory.[0K
[0K[?25h[?25l
[0;32mAlberto@Alberto-HP [0;35m [0;33m~/Documents/ONP/Oficina Nacional de Estadística/Página/Cifras/Estudi[0Ka
ntes/G_Matriculados[0;36m (master)[0m[0K
$[0K[3G[?25h[?25l$ g[0K[?25hi[0Kt[0K[7G[?25l$ git c[0K[?25ho[0Km[0Km[0Ki[0Kt[0K[14G[?25l$ git commit -[0K[?25hm[0K[17G[?25l$ git commit -m "[0K[?25hM[0Ka[0Kp[0Ka[0Ks[0K[24G[?25l$ git commit -m "Mapas m[0K[?25ha[0Kt[0Kr[0Ki[0Kc[0Ku[0Kl[0Ka[0Kd[0Ko[0Ks[0K[37G[?25l$ git commit -m "Mapas matriculados p[0K[?25hr[0Ki[0Km[0Ke[0Kr[0Ka[0K[45G[?25l$ git commit -m "Mapas matriculados primera v[0K[?25he[0Kz[0K"[0K[?25l$ git commit -m "Mapas matriculados primera vez[0K[?25h[?25l$ git commit -m "Mapas matriculados primera ve[0K[?25h[?25l$ git commit -m "Mapas matriculados primera v[0K[?25h[?25l$ git commit -m "Mapas matriculados primera[0K[45G[?25h[44G[?25l$ git commit -m "Mapas matriculados primer[0K[?25h[?25l$ git commit -m "Mapas matriculados prime[0K[?25h[?25l$ git commit -m "Mapas matriculados prim[0K[?25h[?25l$ git commit -m "Mapas matriculados pri[0K[?25h[?25l$ git commit -m "Mapas matriculados pr[0K[?25h[?25l$ git commit -m "Mapas matriculados p[0K[?25h[?25l$ git commit -m "Mapas matriculados[0K[37G[?25h[36G[?25l$ git commit -m "Mapas matriculado[0K[?25h[?25l$ git commit -m "Mapas matriculad[0K[?25h[?25l$ git commit -m "Mapas matricula[0K[?25h[?25l$ git commit -m "Mapas matricul[0K[?25h[?25l$ git commit -m "Mapas matricu[0K[?25h[?25l$ git commit -m "Mapas matric[0K[?25h[?25l$ git commit -m "Mapas matri[0K[?25h[?25l$ git commit -m "Mapas matr[0K[?25h[?25l$ git commit -m "Mapas mat[0K[?25h[?25l$ git commit -m "Mapas ma[0K[?25h[?25l$ git commit -m "Mapas m[0K[?25h[?25l$ git commit -m "Mapas[0K[24G[?25h[23G[?25l$ git commit -m "Mapa[0K[?25h[?25l$ git commit -m "Map[0K[?25h[?25l$ git commit -m "Ma[0K[?25h[?25l$ git commit -m "M[0K[?25h[?25l$ git commit -m "[0K[?25hO[0Kb[0Kj[0Ke[0Kt[0Ko[0Ks[0K[26G[?25l$ git commit -m "Objetos g[0K[?25hr[0K[?25l$ git commit -m "Objetos g[0K[?25h[?25l$ git commit -m "Objetos[0K[26G[?25h[?25l$ git commit -m "Objetos g[0K[?25hr[0Ka[0Kf[0Ki[0Kc[0Ko[0Ks[0K[35G[?25l$ git commit -m "Objetos graficos m[0K[?25ha[0Kt[0Kr[0Ki[0Kc[0Ku[0Kl[0Ka[0Kd[0Ko[0Ks[0K[48G[?25l$ git commit -m "Objetos graficos matriculados p[0K[?25hr[0Ki[0Km[0Ke[0Kr[0Ka[0K[56G[?25l$ git commit -m "Objetos graficos matriculados primera v[0K[?25he[0Kz[0K"[0K[?25l
[0K[?25h[master 6f0f7b3] Objetos graficos matriculados primera vez[0K[?25l
 526 files changed, 106753 insertions(+), 1036 deletions(-)[0K
 rewrite .Rproj.user/B994EF53/console06/4149BEF0 (95%)[0K
 rewrite .Rproj.user/B994EF53/console06/INDEX001 (87%)[0K
 rename .Rproj.user/B994EF53/sources/{s-63C006ED => s-AA88D685}/2C6F819F (100%)[0K
 rename .Rproj.user/B994EF53/sources/{s-63C006ED => s-AA88D685}/2C6F819F-contents (100%)[0K
 rename .Rproj.user/B994EF53/sources/{s-63C006ED => s-AA88D685}/lock_file (100%)[0K
 create mode 100644 20181/Nal/Mpv/A_modalidad.html[0K
 create mode 100644 20181/Nal/Mpv/A_nacionalidad.html[0K
 create mode 100644 20181/Nal/Mpv/A_nivel.html[0K
 create mode 100644 20181/Nal/Mpv/A_sede.html[0K
 create mode 100644 20181/Nal/Mpv/A_sexo.html[0K
 create mode 100644 20181/Nal/Mpv/A_snies.html[0K
 create mode 100644 20181/Nal/Mpv/Nac_col1.html[0K
 create mode 100644 20181/Nal/Mpv/Nac_comb.html[0K
 create mode 100644 20181/Nal/Mpv/Nac_dpto.html[0K
 create mode 100644 20181/Nal/Mpv/Nac_mun.html[0K
 create mode 100644 20181/Nal/Mpv/Res_col1.html[0K
 create mode 100644 20181/Nal/Mpv/Res_comb.html[0K
 create mode 100644 20181/Nal/Mpv/Res_dpto.html[0K
 create mode 100644 20181/Nal/Mpv/Res_mun.html[0K
 create mode 100644 20181/Nal/Mpv/S_modalidad.html[0K
 create mode 100644 20181/Nal/Mpv/S_nacionalidad.html[0K
 create mode 100644 20181/Nal/Mpv/S_nivel.html[0K
 create mode 100644 20181/Nal/Mpv/S_sede.html[0K
 create mode 100644 20181/Nal/Mpv/S_sexo.html[0K
 create mode 100644 20181/Nal/Mpv/S_snies.html[0K
 create mode 100644 20181/Nal/Mpv/Serie.html[0K
 create mode 100644 20181/Nal/Mpv/T_modalidad.html[0K
 create mode 100644 20181/Nal/Mpv/T_nacionalidad.html[0K
 create mode 100644 20181/Nal/Mpv/T_nivel.html[0K
 create mode 100644 20181/Nal/Mpv/T_sede.html[0K
 create mode 100644 20181/Nal/Mpv/T_sexo.html[0K
 create mode 100644 20181/Nal/Mpv/T_snies.html[0K
 create mode 100644 20181/Nal/Mpv/libraryjs/Proj4Leaflet-0.7.2/proj4-compressed.js[0K
 create mode 100644 20181/Nal/Mpv/libraryjs/Proj4Leaflet-0.7.2/proj4.js[0K
 create mode 100644 20181/Nal/Mpv/libraryjs/Proj4Leaflet-0.7.2/proj4leaflet.js[0K
 create mode 100644 20181/Nal/Mpv/libraryjs/bootstrap-3.3.7/bootstrap-theme.min.css[0K
 create mode 100644 20181/Nal/Mpv/libraryjs/bootstrap-3.3.7/bootstrap.min.css[0K
 create mode 100644 20181/Nal/Mpv/libraryjs/bootstrap-3.3.7/bootstrap.min.js[0K
 create mode 100644 20181/Nal/Mpv/libraryjs/bootstrap-3.3.7/font-awesome.min.css[0K
 create mode 100644 20181/Nal/Mpv/libraryjs/bootstrap-3.3.7/fonts/FontAwesome.otf[0K
 create mode 100644 20181/Nal/Mpv/libraryjs/bootstrap-3.3.7/fonts/fontawesome-webfont.eo[0Kt
[0K
 create mode 100644 20181/Nal/Mpv/libraryjs/bootstrap-3.3.7/fonts/fontawesome-webfont.sv[0Kg
[0K
 create mode 100644 20181/Nal/Mpv/libraryjs/bootstrap-3.3.7/fonts/fontawesome-webfont.tt[0Kf
[0K
 create mode 100644 20181/Nal/Mpv/libraryjs/bootstrap-3.3.7/fonts/fontawesome-webfont.wo[0Kf
f[0K
 create mode 100644 20181/Nal/Mpv/libraryjs/bootstrap-3.3.7/fonts/glyphicons-halflings-r[0Ke
gular.eot[0K
 create mode 100644 20181/Nal/Mpv/libraryjs/bootstrap-3.3.7/fonts/glyphicons-halflings-r[0Ke
gular.svg[0K
 create mode 100644 20181/Nal/Mpv/libraryjs/bootstrap-3.3.7/fonts/glyphicons-halflings-r[0Ke
gular.ttf[0K
 create mode 100644 20181/Nal/Mpv/libraryjs/bootstrap-3.3.7/fonts/glyphicons-halflings-r[0Ke
gular.woff[0K
 create mode 100644 20181/Nal/Mpv/libraryjs/bootstrap-3.3.7/fonts/ionicons.eot[0K
 create mode 100644 20181/Nal/Mpv/libraryjs/bootstrap-3.3.7/fonts/ionicons.svg[0K
 create mode 100644 20181/Nal/Mpv/libraryjs/bootstrap-3.3.7/fonts/ionicons.ttf[0K
 create mode 100644 20181/Nal/Mpv/libraryjs/bootstrap-3.3.7/fonts/ionicons.woff[0K
 create mode 100644 20181/Nal/Mpv/libraryjs/bootstrap-3.3.7/images/markers-matte.png[0K
 create mode 100644 20181/Nal/Mpv/libraryjs/bootstrap-3.3.7/images/markers-matte@2x.png[0K
 create mode 100644 20181/Nal/Mpv/libraryjs/bootstrap-3.3.7/images/markers-plain.png[0K
 create mode 100644 20181/Nal/Mpv/libraryjs/bootstrap-3.3.7/images/markers-shadow.png[0K
 create mode 100644 20181/Nal/Mpv/libraryjs/bootstrap-3.3.7/images/markers-shadow@2x.png[0K
 create mode 100644 20181/Nal/Mpv/libraryjs/bootstrap-3.3.7/images/markers-soft.png[0K
 create mode 100644 20181/Nal/Mpv/libraryjs/bootstrap-3.3.7/images/markers-soft@2x.png[0K
 create mode 100644 20181/Nal/Mpv/libraryjs/bootstrap-3.3.7/ionicons.min.css[0K
 create mode 100644 20181/Nal/Mpv/libraryjs/bootstrap-3.3.7/leaflet.awesome-markers.css[0K
 create mode 100644 20181/Nal/Mpv/libraryjs/bootstrap-3.3.7/leaflet.awesome-markers.js[0K
 create mode 100644 20181/Nal/Mpv/libraryjs/bootstrap-3.3.7/leaflet.awesome-markers.min.[0Kj
s[0K
 create mode 100644 20181/Nal/Mpv/libraryjs/crosstalk-1.0.0/css/crosstalk.css[0K
 create mode 100644 20181/Nal/Mpv/libraryjs/crosstalk-1.0.0/js/crosstalk.js[0K
 create mode 100644 20181/Nal/Mpv/libraryjs/crosstalk-1.0.0/js/crosstalk.js.map[0K
 create mode 100644 20181/Nal/Mpv/libraryjs/crosstalk-1.0.0/js/crosstalk.min.js[0K
 create mode 100644 20181/Nal/Mpv/libraryjs/crosstalk-1.0.0/js/crosstalk.min.js.map[0K
 create mode 100644 20181/Nal/Mpv/libraryjs/datatables-binding-0.4/css/datatables-crosst[0Ka
lk.css[0K
 create mode 100644 20181/Nal/Mpv/libraryjs/datatables-binding-0.4/datatables.js[0K
 create mode 100644 20181/Nal/Mpv/libraryjs/datatables-binding-0.4/datatables.yaml[0K
 create mode 100644 20181/Nal/Mpv/libraryjs/datatables-binding-0.4/lib/datatables-extens[0Ki
ons/AutoFill/css/autoFill.bootstrap.min.css[0K
 create mode 100644 20181/Nal/Mpv/libraryjs/datatables-binding-0.4/lib/datatables-extens[0Ki
ons/AutoFill/css/autoFill.bootstrap4.min.css[0K
 create mode 100644 20181/Nal/Mpv/libraryjs/datatables-binding-0.4/lib/datatables-extens[0Ki
ons/AutoFill/css/autoFill.dataTables.min.css[0K
 create mode 100644 20181/Nal/Mpv/libraryjs/datatables-binding-0.4/lib/datatables-extens[0Ki
ons/AutoFill/css/autoFill.foundation.min.css[0K
 create mode 100644 20181/Nal/Mpv/libraryjs/datatables-binding-0.4/lib/datatables-extens[0Ki
ons/AutoFill/css/autoFill.jqueryui.min.css[0K
 create mode 100644 20181/Nal/Mpv/libraryjs/datatables-binding-0.4/lib/datatables-extens[0Ki
ons/AutoFill/css/autoFill.semanticui.min.css[0K
 create mode 100644 20181/Nal/Mpv/libraryjs/datatables-binding-0.4/lib/datatables-extens[0Ki
ons/AutoFill/js/autoFill.bootstrap.min.js[0K
 create mode 100644 20181/Nal/Mpv/libraryjs/datatables-binding-0.4/lib/datatables-extens[0Ki
ons/AutoFill/js/autoFill.bootstrap4.min.js[0K
 create mode 100644 20181/Nal/Mpv/libraryjs/datatables-binding-0.4/lib/datatables-extens[0Ki
ons/AutoFill/js/autoFill.foundation.min.js[0K
 create mode 100644 20181/Nal/Mpv/libraryjs/datatables-binding-0.4/lib/datatables-extens[0Ki
ons/AutoFill/js/autoFill.jqueryui.min.js[0K
 create mode 100644 20181/Nal/Mpv/libraryjs/datatables-binding-0.4/lib/datatables-extens[0Ki
ons/AutoFill/js/autoFill.semanticui.min.js[0K
 create mode 100644 20181/Nal/Mpv/libraryjs/datatables-binding-0.4/lib/datatables-extens[0Ki
ons/AutoFill/js/dataTables.autoFill.min.js[0K
 create mode 100644 20181/Nal/Mpv/libraryjs/datatables-binding-0.4/lib/datatables-extens[0Ki
ons/Buttons/css/buttons.bootstrap.min.css[0K
 create mode 100644 20181/Nal/Mpv/libraryjs/datatables-binding-0.4/lib/datatables-extens[0Ki
ons/Buttons/css/buttons.bootstrap4.min.css[0K
 create mode 100644 20181/Nal/Mpv/libraryjs/datatables-binding-0.4/lib/datatables-extens[0Ki
ons/Buttons/css/buttons.dataTables.min.css[0K
 create mode 100644 20181/Nal/Mpv/libraryjs/datatables-binding-0.4/lib/datatables-extens[0Ki
ons/Buttons/css/buttons.foundation.min.css[0K
 create mode 100644 20181/Nal/Mpv/libraryjs/datatables-binding-0.4/lib/datatables-extens[0Ki
ons/Buttons/css/buttons.jqueryui.min.css[0K
 create mode 100644 20181/Nal/Mpv/libraryjs/datatables-binding-0.4/lib/datatables-extens[0Ki
ons/Buttons/css/buttons.semanticui.min.css[0K
 create mode 100644 20181/Nal/Mpv/libraryjs/datatables-binding-0.4/lib/datatables-extens[0Ki
ons/Buttons/js/buttons.bootstrap.min.js[0K
 create mode 100644 20181/Nal/Mpv/libraryjs/datatables-binding-0.4/lib/datatables-extens[0Ki
ons/Buttons/js/buttons.bootstrap4.min.js[0K
 create mode 100644 20181/Nal/Mpv/libraryjs/datatables-binding-0.4/lib/datatables-extens[0Ki
ons/Buttons/js/buttons.colVis.min.js[0K
 create mode 100644 20181/Nal/Mpv/libraryjs/datatables-binding-0.4/lib/datatables-extens[0Ki
ons/Buttons/js/buttons.flash.min.js[0K
 create mode 100644 20181/Nal/Mpv/libraryjs/datatables-binding-0.4/lib/datatables-extens[0Ki
ons/Buttons/js/buttons.foundation.min.js[0K
 create mode 100644 20181/Nal/Mpv/libraryjs/datatables-binding-0.4/lib/datatables-extens[0Ki
ons/Buttons/js/buttons.html5.min.js[0K
 create mode 100644 20181/Nal/Mpv/libraryjs/datatables-binding-0.4/lib/datatables-extens[0Ki
ons/Buttons/js/buttons.jqueryui.min.js[0K
 create mode 100644 20181/Nal/Mpv/libraryjs/datatables-binding-0.4/lib/datatables-extens[0Ki
ons/Buttons/js/buttons.print.min.js[0K
 create mode 100644 20181/Nal/Mpv/libraryjs/datatables-binding-0.4/lib/datatables-extens[0Ki
ons/Buttons/js/buttons.semanticui.min.js[0K
 create mode 100644 20181/Nal/Mpv/libraryjs/datatables-binding-0.4/lib/datatables-extens[0Ki
ons/Buttons/js/dataTables.buttons.min.js[0K
 create mode 100644 20181/Nal/Mpv/libraryjs/datatables-binding-0.4/lib/datatables-extens[0Ki
ons/Buttons/js/jszip.min.js[0K
 create mode 100644 20181/Nal/Mpv/libraryjs/datatables-binding-0.4/lib/datatables-extens[0Ki
ons/Buttons/js/pdfmake.min.js[0K
 create mode 100644 20181/Nal/Mpv/libraryjs/datatables-binding-0.4/lib/datatables-extens[0Ki
ons/Buttons/js/vfs_fonts.js[0K
 create mode 100644 20181/Nal/Mpv/libraryjs/datatables-binding-0.4/lib/datatables-extens[0Ki
ons/Buttons/swf/flashExport.swf[0K
 create mode 100644 20181/Nal/Mpv/libraryjs/datatables-binding-0.4/lib/datatables-extens[0Ki
ons/ColReorder/css/colReorder.bootstrap.min.css[0K
 create mode 100644 20181/Nal/Mpv/libraryjs/datatables-binding-0.4/lib/datatables-extens[0Ki
ons/ColReorder/css/colReorder.bootstrap4.min.css[0K
 create mode 100644 20181/Nal/Mpv/libraryjs/datatables-binding-0.4/lib/datatables-extens[0Ki
ons/ColReorder/css/colReorder.dataTables.min.css[0K
 create mode 100644 20181/Nal/Mpv/libraryjs/datatables-binding-0.4/lib/datatables-extens[0Ki
ons/ColReorder/css/colReorder.foundation.min.css[0K
 create mode 100644 20181/Nal/Mpv/libraryjs/datatables-binding-0.4/lib/datatables-extens[0Ki
ons/ColReorder/css/colReorder.jqueryui.min.css[0K
 create mode 100644 20181/Nal/Mpv/libraryjs/datatables-binding-0.4/lib/datatables-extens[0Ki
ons/ColReorder/css/colReorder.semanticui.min.css[0K
 create mode 100644 20181/Nal/Mpv/libraryjs/datatables-binding-0.4/lib/datatables-extens[0Ki
ons/ColReorder/js/dataTables.colReorder.min.js[0K
 create mode 100644 20181/Nal/Mpv/libraryjs/datatables-binding-0.4/lib/datatables-extens[0Ki
ons/FixedColumns/css/fixedColumns.bootstrap.min.css[0K
 create mode 100644 20181/Nal/Mpv/libraryjs/datatables-binding-0.4/lib/datatables-extens[0Ki
ons/FixedColumns/css/fixedColumns.bootstrap4.min.css[0K
 create mode 100644 20181/Nal/Mpv/libraryjs/datatables-binding-0.4/lib/datatables-extens[0Ki
ons/FixedColumns/css/fixedColumns.dataTables.min.css[0K
 create mode 100644 20181/Nal/Mpv/libraryjs/datatables-binding-0.4/lib/datatables-extens[0Ki
ons/FixedColumns/css/fixedColumns.foundation.min.css[0K
 create mode 100644 20181/Nal/Mpv/libraryjs/datatables-binding-0.4/lib/datatables-extens[0Ki
ons/FixedColumns/css/fixedColumns.jqueryui.min.css[0K
 create mode 100644 20181/Nal/Mpv/libraryjs/datatables-binding-0.4/lib/datatables-extens[0Ki
ons/FixedColumns/css/fixedColumns.semanticui.min.css[0K
 create mode 100644 20181/Nal/Mpv/libraryjs/datatables-binding-0.4/lib/datatables-extens[0Ki
ons/FixedColumns/js/dataTables.fixedColumns.min.js[0K
 create mode 100644 20181/Nal/Mpv/libraryjs/datatables-binding-0.4/lib/datatables-extens[0Ki
ons/FixedHeader/css/fixedHeader.bootstrap.min.css[0K
 create mode 100644 20181/Nal/Mpv/libraryjs/datatables-binding-0.4/lib/datatables-extens[0Ki
ons/FixedHeader/css/fixedHeader.bootstrap4.min.css[0K
 create mode 100644 20181/Nal/Mpv/libraryjs/datatables-binding-0.4/lib/datatables-extens[0Ki
ons/FixedHeader/css/fixedHeader.dataTables.min.css[0K
 create mode 100644 20181/Nal/Mpv/libraryjs/datatables-binding-0.4/lib/datatables-extens[0Ki
ons/FixedHeader/css/fixedHeader.foundation.min.css[0K
 create mode 100644 20181/Nal/Mpv/libraryjs/datatables-binding-0.4/lib/datatables-extens[0Ki
ons/FixedHeader/css/fixedHeader.jqueryui.min.css[0K
 create mode 100644 20181/Nal/Mpv/libraryjs/datatables-binding-0.4/lib/datatables-extens[0Ki
ons/FixedHeader/css/fixedHeader.semanticui.min.css[0K
 create mode 100644 20181/Nal/Mpv/libraryjs/datatables-binding-0.4/lib/datatables-extens[0Ki
ons/FixedHeader/js/dataTables.fixedHeader.min.js[0K
 create mode 100644 20181/Nal/Mpv/libraryjs/datatables-binding-0.4/lib/datatables-extens[0Ki
ons/KeyTable/css/keyTable.bootstrap.min.css[0K
 create mode 100644 20181/Nal/Mpv/libraryjs/datatables-binding-0.4/lib/datatables-extens[0Ki
ons/KeyTable/css/keyTable.bootstrap4.min.css[0K
 create mode 100644 20181/Nal/Mpv/libraryjs/datatables-binding-0.4/lib/datatables-extens[0Ki
ons/KeyTable/css/keyTable.dataTables.min.css[0K
 create mode 100644 20181/Nal/Mpv/libraryjs/datatables-binding-0.4/lib/datatables-extens[0Ki
ons/KeyTable/css/keyTable.foundation.min.css[0K
 create mode 100644 20181/Nal/Mpv/libraryjs/datatables-binding-0.4/lib/datatables-extens[0Ki
ons/KeyTable/css/keyTable.jqueryui.min.css[0K
 create mode 100644 20181/Nal/Mpv/libraryjs/datatables-binding-0.4/lib/datatables-extens[0Ki
ons/KeyTable/css/keyTable.semanticui.min.css[0K
 create mode 100644 20181/Nal/Mpv/libraryjs/datatables-binding-0.4/lib/datatables-extens[0Ki
ons/KeyTable/js/dataTables.keyTable.min.js[0K
 create mode 100644 20181/Nal/Mpv/libraryjs/datatables-binding-0.4/lib/datatables-extens[0Ki
ons/Responsive/css/responsive.bootstrap.min.css[0K
 create mode 100644 20181/Nal/Mpv/libraryjs/datatables-binding-0.4/lib/datatables-extens[0Ki
ons/Responsive/css/responsive.bootstrap4.min.css[0K
 create mode 100644 20181/Nal/Mpv/libraryjs/datatables-binding-0.4/lib/datatables-extens[0Ki
ons/Responsive/css/responsive.dataTables.min.css[0K
 create mode 100644 20181/Nal/Mpv/libraryjs/datatables-binding-0.4/lib/datatables-extens[0Ki
ons/Responsive/css/responsive.foundation.min.css[0K
 create mode 100644 20181/Nal/Mpv/libraryjs/datatables-binding-0.4/lib/datatables-extens[0Ki
ons/Responsive/css/responsive.jqueryui.min.css[0K
 create mode 100644 20181/Nal/Mpv/libraryjs/datatables-binding-0.4/lib/datatables-extens[0Ki
ons/Responsive/css/responsive.semanticui.min.css[0K
 create mode 100644 20181/Nal/Mpv/libraryjs/datatables-binding-0.4/lib/datatables-extens[0Ki
ons/Responsive/js/dataTables.responsive.min.js[0K
 create mode 100644 20181/Nal/Mpv/libraryjs/datatables-binding-0.4/lib/datatables-extens[0Ki
ons/Responsive/js/responsive.bootstrap.min.js[0K
 create mode 100644 20181/Nal/Mpv/libraryjs/datatables-binding-0.4/lib/datatables-extens[0Ki
ons/Responsive/js/responsive.bootstrap4.min.js[0K
 create mode 100644 20181/Nal/Mpv/libraryjs/datatables-binding-0.4/lib/datatables-extens[0Ki
ons/Responsive/js/responsive.foundation.min.js[0K
 create mode 100644 20181/Nal/Mpv/libraryjs/datatables-binding-0.4/lib/datatables-extens[0Ki
ons/Responsive/js/responsive.jqueryui.min.js[0K
 create mode 100644 20181/Nal/Mpv/libraryjs/datatables-binding-0.4/lib/datatables-extens[0Ki
ons/Responsive/js/responsive.semanticui.min.js[0K
 create mode 100644 20181/Nal/Mpv/libraryjs/datatables-binding-0.4/lib/datatables-extens[0Ki
ons/RowGroup/css/rowGroup.bootstrap.min.css[0K
 create mode 100644 20181/Nal/Mpv/libraryjs/datatables-binding-0.4/lib/datatables-extens[0Ki
ons/RowGroup/css/rowGroup.bootstrap4.min.css[0K
 create mode 100644 20181/Nal/Mpv/libraryjs/datatables-binding-0.4/lib/datatables-extens[0Ki
ons/RowGroup/css/rowGroup.dataTables.min.css[0K
 create mode 100644 20181/Nal/Mpv/libraryjs/datatables-binding-0.4/lib/datatables-extens[0Ki
ons/RowGroup/css/rowGroup.foundation.min.css[0K
 create mode 100644 20181/Nal/Mpv/libraryjs/datatables-binding-0.4/lib/datatables-extens[0Ki
ons/RowGroup/css/rowGroup.jqueryui.min.css[0K
 create mode 100644 20181/Nal/Mpv/libraryjs/datatables-binding-0.4/lib/datatables-extens[0Ki
ons/RowGroup/css/rowGroup.semanticui.min.css[0K
 create mode 100644 20181/Nal/Mpv/libraryjs/datatables-binding-0.4/lib/datatables-extens[0Ki
ons/RowGroup/js/dataTables.rowGroup.min.js[0K
 create mode 100644 20181/Nal/Mpv/libraryjs/datatables-binding-0.4/lib/datatables-extens[0Ki
ons/RowReorder/css/rowReorder.bootstrap.min.css[0K
 create mode 100644 20181/Nal/Mpv/libraryjs/datatables-binding-0.4/lib/datatables-extens[0Ki
ons/RowReorder/css/rowReorder.bootstrap4.min.css[0K
 create mode 100644 20181/Nal/Mpv/libraryjs/datatables-binding-0.4/lib/datatables-extens[0Ki
ons/RowReorder/css/rowReorder.dataTables.min.css[0K
 create mode 100644 20181/Nal/Mpv/libraryjs/datatables-binding-0.4/lib/datatables-extens[0Ki
ons/RowReorder/css/rowReorder.foundation.min.css[0K
 create mode 100644 20181/Nal/Mpv/libraryjs/datatables-binding-0.4/lib/datatables-extens[0Ki
ons/RowReorder/css/rowReorder.jqueryui.min.css[0K
 create mode 100644 20181/Nal/Mpv/libraryjs/datatables-binding-0.4/lib/datatables-extens[0Ki
ons/RowReorder/css/rowReorder.semanticui.min.css[0K
 create mode 100644 20181/Nal/Mpv/libraryjs/datatables-binding-0.4/lib/datatables-extens[0Ki
ons/RowReorder/js/dataTables.rowReorder.min.js[0K
 create mode 100644 20181/Nal/Mpv/libraryjs/datatables-binding-0.4/lib/datatables-extens[0Ki
ons/Scroller/css/scroller.bootstrap.min.css[0K
 create mode 100644 20181/Nal/Mpv/libraryjs/datatables-binding-0.4/lib/datatables-extens[0Ki
ons/Scroller/css/scroller.bootstrap4.min.css[0K
 create mode 100644 20181/Nal/Mpv/libraryjs/datatables-binding-0.4/lib/datatables-extens[0Ki
ons/Scroller/css/scroller.dataTables.min.css[0K
 create mode 100644 20181/Nal/Mpv/libraryjs/datatables-binding-0.4/lib/datatables-extens[0Ki
ons/Scroller/css/scroller.foundation.min.css[0K
 create mode 100644 20181/Nal/Mpv/libraryjs/datatables-binding-0.4/lib/datatables-extens[0Ki
ons/Scroller/css/scroller.jqueryui.min.css[0K
 create mode 100644 20181/Nal/Mpv/libraryjs/datatables-binding-0.4/lib/datatables-extens[0Ki
ons/Scroller/css/scroller.semanticui.min.css[0K
 create mode 100644 20181/Nal/Mpv/libraryjs/datatables-binding-0.4/lib/datatables-extens[0Ki
ons/Scroller/js/dataTables.scroller.min.js[0K
 create mode 100644 20181/Nal/Mpv/libraryjs/datatables-binding-0.4/lib/datatables-extens[0Ki
ons/Select/css/select.bootstrap.min.css[0K
 create mode 100644 20181/Nal/Mpv/libraryjs/datatables-binding-0.4/lib/datatables-extens[0Ki
ons/Select/css/select.bootstrap4.min.css[0K
 create mode 100644 20181/Nal/Mpv/libraryjs/datatables-binding-0.4/lib/datatables-extens[0Ki
ons/Select/css/select.dataTables.min.css[0K
 create mode 100644 20181/Nal/Mpv/libraryjs/datatables-binding-0.4/lib/datatables-extens[0Ki
ons/Select/css/select.foundation.min.css[0K
 create mode 100644 20181/Nal/Mpv/libraryjs/datatables-binding-0.4/lib/datatables-extens[0Ki
ons/Select/css/select.jqueryui.min.css[0K
 create mode 100644 20181/Nal/Mpv/libraryjs/datatables-binding-0.4/lib/datatables-extens[0Ki
ons/Select/css/select.semanticui.min.css[0K
 create mode 100644 20181/Nal/Mpv/libraryjs/datatables-binding-0.4/lib/datatables-extens[0Ki
ons/Select/js/dataTables.select.min.js[0K
 create mode 100644 20181/Nal/Mpv/libraryjs/datatables-binding-0.4/lib/datatables-plugin[0Ks
/natural/natural.js[0K
 create mode 100644 20181/Nal/Mpv/libraryjs/datatables-binding-0.4/lib/datatables-plugin[0Ks
/searchHighlight/dataTables.searchHighlight.css[0K
 create mode 100644 20181/Nal/Mpv/libraryjs/datatables-binding-0.4/lib/datatables-plugin[0Ks
/searchHighlight/dataTables.searchHighlight.min.js[0K
 create mode 100644 20181/Nal/Mpv/libraryjs/datatables-binding-0.4/lib/datatables-plugin[0Ks
/searchHighlight/jquery.highlight.js[0K
 create mode 100644 20181/Nal/Mpv/libraryjs/datatables-binding-0.4/lib/datatables/css/da[0Kt
aTables.bootstrap.extra.css[0K
 create mode 100644 20181/Nal/Mpv/libraryjs/datatables-binding-0.4/lib/datatables/css/da[0Kt
aTables.bootstrap.min.css[0K
 create mode 100644 20181/Nal/Mpv/libraryjs/datatables-binding-0.4/lib/datatables/css/da[0Kt
aTables.bootstrap4.min.css[0K
 create mode 100644 20181/Nal/Mpv/libraryjs/datatables-binding-0.4/lib/datatables/css/da[0Kt
aTables.foundation.min.css[0K
 create mode 100644 20181/Nal/Mpv/libraryjs/datatables-binding-0.4/lib/datatables/css/da[0Kt
aTables.jqueryui.min.css[0K
 create mode 100644 20181/Nal/Mpv/libraryjs/datatables-binding-0.4/lib/datatables/css/da[0Kt
aTables.material.min.css[0K
 create mode 100644 20181/Nal/Mpv/libraryjs/datatables-binding-0.4/lib/datatables/css/da[0Kt
aTables.semanticui.min.css[0K
 create mode 100644 20181/Nal/Mpv/libraryjs/datatables-binding-0.4/lib/datatables/css/da[0Kt
aTables.uikit.min.css[0K
 create mode 100644 20181/Nal/Mpv/libraryjs/datatables-binding-0.4/lib/datatables/css/jq[0Ku
ery.dataTables.extra.css[0K
 create mode 100644 20181/Nal/Mpv/libraryjs/datatables-binding-0.4/lib/datatables/css/jq[0Ku
ery.dataTables.min.css[0K
 create mode 100644 20181/Nal/Mpv/libraryjs/datatables-binding-0.4/lib/datatables/js/dat[0Ka
Tables.bootstrap.min.js[0K
 create mode 100644 20181/Nal/Mpv/libraryjs/datatables-binding-0.4/lib/datatables/js/dat[0Ka
Tables.bootstrap4.min.js[0K
 create mode 100644 20181/Nal/Mpv/libraryjs/datatables-binding-0.4/lib/datatables/js/dat[0Ka
Tables.foundation.min.js[0K
 create mode 100644 20181/Na[0K[?25hl/Mpv/libraryjs/datatables-binding-0.4/lib/datatables/js/dat[0Ka[?25l
Tables.jqueryui.min.js[0K
 create mode 100644 20181/Nal/Mpv/libraryjs/datatables-binding-0.4/lib/datatables/js/dat[0Ka
Tables.material.min.js[0K
 create mode 100644 20181/Nal/Mpv/libraryjs/datatables-binding-0.4/lib/datatables/js/dat[0Ka
Tables.semanticui.min.js[0K
 create mode 100644 20181/Nal/Mpv/libraryjs/datatables-binding-0.4/lib/datatables/js/dat[0Ka
Tables.uikit.min.js[0K
 create mode 100644 20181/Nal/Mpv/libraryjs/datatables-binding-0.4/lib/datatables/js/jqu[0Ke
ry.dataTables.min.js[0K
 create mode 100644 20181/Nal/Mpv/libraryjs/datatables-binding-0.4/lib/datatables/licens[0Ke
.txt[0K
 create mode 100644 20181/Nal/Mpv/libraryjs/datatables-binding-0.4/lib/jquery/LICENSE.tx[0Kt
[0K
 create mode 100644 20181/Nal/Mpv/libraryjs/datatables-binding-0.4/lib/jquery/jquery.min[0K.
js[0K
 create mode 100644 20181/Nal/Mpv/libraryjs/datatables-binding-0.4/lib/nouislider/jquery[0K.
nouislider.min.css[0K
 create mode 100644 20181/Nal/Mpv/libraryjs/datatables-binding-0.4/lib/nouislider/jquery[0K.
nouislider.min.js[0K
 create mode 100644 20181/Nal/Mpv/libraryjs/datatables-binding-0.4/lib/selectize/selecti[0Kz
e.bootstrap3.css[0K
 create mode 100644 20181/Nal/Mpv/libraryjs/datatables-binding-0.4/lib/selectize/selecti[0Kz
e.min.js[0K
 create mode 100644 20181/Nal/Mpv/libraryjs/datatables-css-0.0.0/datatables-crosstalk.cs[0Ks
[0K
 create mode 100644 20181/Nal/Mpv/libraryjs/dt-core-1.10.16/css/jquery.dataTables.extra.[0Kc
ss[0K
 create mode 100644 20181/Nal/Mpv/libraryjs/dt-core-1.10.16/css/jquery.dataTables.min.cs[0Ks
[0K
 create mode 100644 20181/Nal/Mpv/libraryjs/dt-core-1.10.16/js/jquery.dataTables.min.js[0K
 create mode 100644 20181/Nal/Mpv/libraryjs/dt-ext-buttons-1.10.16/css/buttons.dataTable[0Ks
.min.css[0K
 create mode 100644 20181/Nal/Mpv/libraryjs/dt-ext-buttons-1.10.16/js/buttons.colVis.min[0K.
js[0K
 create mode 100644 20181/Nal/Mpv/libraryjs/dt-ext-buttons-1.10.16/js/buttons.flash.min.[0Kj
s[0K
 create mode 100644 20181/Nal/Mpv/libraryjs/dt-ext-buttons-1.10.16/js/buttons.html5.min.[0Kj
s[0K
 create mode 100644 20181/Nal/Mpv/libraryjs/dt-ext-buttons-1.10.16/js/buttons.print.min.[0Kj
s[0K
 create mode 100644 20181/Nal/Mpv/libraryjs/dt-ext-buttons-1.10.16/js/dataTables.buttons[0K.
min.js[0K
 create mode 100644 20181/Nal/Mpv/libraryjs/dt-ext-keytable-1.10.16/css/keyTable.dataTab[0Kl
es.min.css[0K
 create mode 100644 20181/Nal/Mpv/libraryjs/dt-ext-keytable-1.10.16/js/dataTables.keyTab[0Kl
e.min.js[0K
 create mode 100644 20181/Nal/Mpv/libraryjs/dt-ext-responsive-1.10.16/css/responsive.dat[0Ka
Tables.min.css[0K
 create mode 100644 20181/Nal/Mpv/libraryjs/dt-ext-responsive-1.10.16/js/dataTables.resp[0Ko
nsive.min.js[0K
 create mode 100644 20181/Nal/Mpv/libraryjs/dt-plugin-searchhighlight-1.10.16/dataTables[0K.
searchHighlight.css[0K
 create mode 100644 20181/Nal/Mpv/libraryjs/dt-plugin-searchhighlight-1.10.16/dataTables[0K.
searchHighlight.min.js[0K
 create mode 100644 20181/Nal/Mpv/libraryjs/dt-plugin-searchhighlight-1.10.16/jquery.hig[0Kh
light.js[0K
 create mode 100644 20181/Nal/Mpv/libraryjs/highchart-binding-0.6.0/highchart.js[0K
 create mode 100644 20181/Nal/Mpv/libraryjs/highchart-binding-0.6.0/highchart.yaml[0K
 create mode 100644 20181/Nal/Mpv/libraryjs/highchart-binding-0.6.0/highchart2.js[0K
 create mode 100644 20181/Nal/Mpv/libraryjs/highchart-binding-0.6.0/highchart2.yaml[0K
 create mode 100644 20181/Nal/Mpv/libraryjs/highchart-binding-0.6.0/highchartct.js[0K
 create mode 100644 20181/Nal/Mpv/libraryjs/highchart-binding-0.6.0/highchartct.yaml[0K
 create mode 100644 20181/Nal/Mpv/libraryjs/highchart-binding-0.6.0/highchartzero.js[0K
 create mode 100644 20181/Nal/Mpv/libraryjs/highchart-binding-0.6.0/highchartzero.yaml[0K
 create mode 100644 20181/Nal/Mpv/libraryjs/highchart-binding-0.6.0/lib/highcharts-6.0.3[0K/
css/motion.css[0K
 create mode 100644 20181/Nal/Mpv/libraryjs/highchart-binding-0.6.0/lib/highcharts-6.0.3[0K/
custom/reset.js[0K
 create mode 100644 20181/Nal/Mpv/libraryjs/highchart-binding-0.6.0/lib/highcharts-6.0.3[0K/
custom/symbols-extra.js[0K
 create mode 100644 20181/Nal/Mpv/libraryjs/highchart-binding-0.6.0/lib/highcharts-6.0.3[0K/
custom/text-symbols.js[0K
 create mode 100644 20181/Nal/Mpv/libraryjs/highchart-binding-0.6.0/lib/highcharts-6.0.3[0K/
highcharts-3d.js[0K
 create mode 100644 20181/Nal/Mpv/libraryjs/highchart-binding-0.6.0/lib/highcharts-6.0.3[0K/
highcharts-more.js[0K
 create mode 100644 20181/Nal/Mpv/libraryjs/highchart-binding-0.6.0/lib/highcharts-6.0.3[0K/
highcharts.js[0K
 create mode 100644 20181/Nal/Mpv/libraryjs/highchart-binding-0.6.0/lib/highcharts-6.0.3[0K/
maps/modules/map.js[0K
 create mode 100644 20181/Nal/Mpv/libraryjs/highchart-binding-0.6.0/lib/highcharts-6.0.3[0K/
modules/accessibility.js[0K
 create mode 100644 20181/Nal/Mpv/libraryjs/highchart-binding-0.6.0/lib/highcharts-6.0.3[0K/
modules/annotations.js[0K
 create mode 100644 20181/Nal/Mpv/libraryjs/highchart-binding-0.6.0/lib/highcharts-6.0.3[0K/
modules/boost-canvas.js[0K
 create mode 100644 20181/Nal/Mpv/libraryjs/highchart-binding-0.6.0/lib/highcharts-6.0.3[0K/
modules/boost.js[0K
 create mode 100644 20181/Nal/Mpv/libraryjs/highchart-binding-0.6.0/lib/highcharts-6.0.3[0K/
modules/broken-axis.js[0K
 create mode 100644 20181/Nal/Mpv/libraryjs/highchart-binding-0.6.0/lib/highcharts-6.0.3[0K/
modules/bullet.js[0K
 create mode 100644 20181/Nal/Mpv/libraryjs/highchart-binding-0.6.0/lib/highcharts-6.0.3[0K/
modules/data.js[0K
 create mode 100644 20181/Nal/Mpv/libraryjs/highchart-binding-0.6.0/lib/highcharts-6.0.3[0K/
modules/drag-panes.js[0K
 create mode 100644 20181/Nal/Mpv/libraryjs/highchart-binding-0.6.0/lib/highcharts-6.0.3[0K/
modules/drilldown.js[0K
 create mode 100644 20181/Nal/Mpv/libraryjs/highchart-binding-0.6.0/lib/highcharts-6.0.3[0K/
modules/export-data.js[0K
 create mode 100644 20181/Nal/Mpv/libraryjs/highchart-binding-0.6.0/lib/highcharts-6.0.3[0K/
modules/exporting.js[0K
 create mode 100644 20181/Nal/Mpv/libraryjs/highchart-binding-0.6.0/lib/highcharts-6.0.3[0K/
modules/funnel.js[0K
 create mode 100644 20181/Nal/Mpv/libraryjs/highchart-binding-0.6.0/lib/highcharts-6.0.3[0K/
modules/gantt.js[0K
 create mode 100644 20181/Nal/Mpv/libraryjs/highchart-binding-0.6.0/lib/highcharts-6.0.3[0K/
modules/grid-axis.js[0K
 create mode 100644 20181/Nal/Mpv/libraryjs/highchart-binding-0.6.0/lib/highcharts-6.0.3[0K/
modules/heatmap.js[0K
 create mode 100644 20181/Nal/Mpv/libraryjs/highchart-binding-0.6.0/lib/highcharts-6.0.3[0K/
modules/histogram-bellcurve.js[0K
 create mode 100644 20181/Nal/Mpv/libraryjs/highchart-binding-0.6.0/lib/highcharts-6.0.3[0K/
modules/item-series.js[0K
 create mode 100644 20181/Nal/Mpv/libraryjs/highchart-binding-0.6.0/lib/highcharts-6.0.3[0K/
modules/no-data-to-display.js[0K
 create mode 100644 20181/Nal/Mpv/libraryjs/highchart-binding-0.6.0/lib/highcharts-6.0.3[0K/
modules/offline-exporting.js[0K
 create mode 100644 20181/Nal/Mpv/libraryjs/highchart-binding-0.6.0/lib/highcharts-6.0.3[0K/
modules/oldie.js[0K
 create mode 100644 20181/Nal/Mpv/libraryjs/highchart-binding-0.6.0/lib/highcharts-6.0.3[0K/
modules/overlapping-datalabels.js[0K
 create mode 100644 20181/Nal/Mpv/libraryjs/highchart-binding-0.6.0/lib/highcharts-6.0.3[0K/
modules/parallel-coordinates.js[0K
 create mode 100644 20181/Nal/Mpv/libraryjs/highchart-binding-0.6.0/lib/highcharts-6.0.3[0K/
modules/pareto.js[0K
 create mode 100644 20181/Nal/Mpv/libraryjs/highchart-binding-0.6.0/lib/highcharts-6.0.3[0K/
modules/sankey.js[0K
 create mode 100644 20181/Nal/Mpv/libraryjs/highchart-binding-0.6.0/lib/highcharts-6.0.3[0K/
modules/series-label.js[0K
 create mode 100644 20181/Nal/Mpv/libraryjs/highchart-binding-0.6.0/lib/highcharts-6.0.3[0K/
modules/solid-gauge.js[0K
 create mode 100644 20181/Nal/Mpv/libraryjs/highchart-binding-0.6.0/lib/highcharts-6.0.3[0K/
modules/static-scale.js[0K
 create mode 100644 20181/Nal/Mpv/libraryjs/highchart-binding-0.6.0/lib/highcharts-6.0.3[0K/
modules/stock.js[0K
 create mode 100644 20181/Nal/Mpv/libraryjs/highchart-binding-0.6.0/lib/highcharts-6.0.3[0K/
modules/streamgraph.js[0K
 create mode 100644 20181/Nal/Mpv/libraryjs/highchart-binding-0.6.0/lib/highcharts-6.0.3[0K/
modules/sunburst.js[0K
 create mode 100644 20181/Nal/Mpv/libraryjs/highchart-binding-0.6.0/lib/highcharts-6.0.3[0K/
modules/treemap.js[0K
 create mode 100644 20181/Nal/Mpv/libraryjs/highchart-binding-0.6.0/lib/highcharts-6.0.3[0K/
modules/variable-pie.js[0K
 create mode 100644 20181/Nal/Mpv/libraryjs/highchart-binding-0.6.0/lib/highcharts-6.0.3[0K/
modules/variwide.js[0K
 create mode 100644 20181/Nal/Mpv/libraryjs/highchart-binding-0.6.0/lib/highcharts-6.0.3[0K/
modules/vector.js[0K
 create mode 100644 20181/Nal/Mpv/libraryjs/highchart-binding-0.6.0/lib/highcharts-6.0.3[0K/
modules/windbarb.js[0K
 create mode 100644 20181/Nal/Mpv/libraryjs/highchart-binding-0.6.0/lib/highcharts-6.0.3[0K/
modules/wordcloud.js[0K
 create mode 100644 20181/Nal/Mpv/libraryjs/highchart-binding-0.6.0/lib/highcharts-6.0.3[0K/
modules/xrange.js[0K
 create mode 100644 20181/Nal/Mpv/libraryjs/highchart-binding-0.6.0/lib/highcharts-6.0.3[0K/
plugins/annotations.js[0K
 create mode 100644 20181/Nal/Mpv/libraryjs/highchart-binding-0.6.0/lib/highcharts-6.0.3[0K/
plugins/draggable-legend.js[0K
 create mode 100644 20181/Nal/Mpv/libraryjs/highchart-binding-0.6.0/lib/highcharts-6.0.3[0K/
plugins/draggable-points.js[0K
 create mode 100644 20181/Nal/Mpv/libraryjs/highchart-binding-0.6.0/lib/highcharts-6.0.3[0K/
plugins/export-csv.js[0K
 create mode 100644 20181/Nal/Mpv/libraryjs/highchart-binding-0.6.0/lib/highcharts-6.0.3[0K/
plugins/grouped-categories.js[0K
 create mode 100644 20181/Nal/Mpv/libraryjs/highchart-binding-0.6.0/lib/highcharts-6.0.3[0K/
plugins/highcharts-regression.js[0K
 create mode 100644 20181/Nal/Mpv/libraryjs/highchart-binding-0.6.0/lib/highcharts-6.0.3[0K/
plugins/motion.js[0K
 create mode 100644 20181/Nal/Mpv/libraryjs/highchart-binding-0.6.0/lib/highcharts-6.0.3[0K/
plugins/multicolor_series.js[0K
 create mode 100644 20181/Nal/Mpv/libraryjs/highchart-binding-0.6.0/lib/highcharts-6.0.3[0K/
plugins/pattern-fill-v2.js[0K
 create mode 100644 20181/Nal/Mpv/libraryjs/highchart-binding-0.6.0/lib/highcharts-6.0.3[0K/
plugins/tooltip-delay.js[0K
 create mode 100644 20181/Nal/Mpv/libraryjs/highchart-binding-0.6.0/lib/highcharts-6.0.3[0K/
stock/highstock.js[0K
 create mode 100644 20181/Nal/Mpv/libraryjs/highchart-binding-0.6.0/lib/htmlwdgtgrid/htm[0Kl
wdgtgrid.css[0K
 create mode 100644 20181/Nal/Mpv/libraryjs/highchart-binding-0.6.0/lib/jquery/jquery.mi[0Kn
.js[0K
 create mode 100644 20181/Nal/Mpv/libraryjs/highchart-binding-0.6.0/lib/proj4js/proj4.js[0K
 create mode 100644 20181/Nal/Mpv/libraryjs/highcharts-6.0.3/css/motion.css[0K
 create mode 100644 20181/Nal/Mpv/libraryjs/highcharts-6.0.3/custom/reset.js[0K
 create mode 100644 20181/Nal/Mpv/libraryjs/highcharts-6.0.3/custom/symbols-extra.js[0K
 create mode 100644 20181/Nal/Mpv/libraryjs/highcharts-6.0.3/custom/text-symbols.js[0K
 create mode 100644 20181/Nal/Mpv/libraryjs/highcharts-6.0.3/highcharts-3d.js[0K
 create mode 100644 20181/Nal/Mpv/libraryjs/highcharts-6.0.3/highcharts-more.js[0K
 create mode 100644 20181/Nal/Mpv/libraryjs/highcharts-6.0.3/highcharts.js[0K
 create mode 100644 20181/Nal/Mpv/libraryjs/highcharts-6.0.3/maps/modules/map.js[0K
 create mode 100644 20181/Nal/Mpv/libraryjs/highcharts-6.0.3/modules/accessibility.js[0K
 create mode 100644 20181/Nal/Mpv/libraryjs/highcharts-6.0.3/modules/annotations.js[0K
 create mode 100644 20181/Nal/Mpv/libraryjs/highcharts-6.0.3/modules/boost-canvas.js[0K
 create mode 100644 20181/Nal/Mpv/libraryjs/highcharts-6.0.3/modules/boost.js[0K
 create mode 100644 20181/Nal/Mpv/libraryjs/highcharts-6.0.3/modules/broken-axis.js[0K
 create mode 100644 20181/Nal/Mpv/libraryjs/highcharts-6.0.3/modules/bullet.js[0K
 create mode 100644 20181/Nal/Mpv/libraryjs/highcharts-6.0.3/modules/data.js[0K
 create mode 100644 20181/Nal/Mpv/libraryjs/highcharts-6.0.3/modules/drag-panes.js[0K
 create mode 100644 20181/Nal/Mpv/libraryjs/highcharts-6.0.3/modules/drilldown.js[0K
 create mode 100644 20181/Nal/Mpv/libraryjs/highcharts-6.0.3/modules/export-data.js[0K
 create mode 100644 20181/Nal/Mpv/libraryjs/highcharts-6.0.3/modules/exporting.js[0K
 create mode 100644 20181/Nal/Mpv/libraryjs/highcharts-6.0.3/modules/funnel.js[0K
 create mode 100644 20181/Nal/Mpv/libraryjs/highcharts-6.0.3/modules/gantt.js[0K
 create mode 100644 20181/Nal/Mpv/libraryjs/highcharts-6.0.3/modules/grid-axis.js[0K
 create mode 100644 20181/Nal/Mpv/libraryjs/highcharts-6.0.3/modules/heatmap.js[0K
 create mode 100644 20181/Nal/Mpv/libraryjs/highcharts-6.0.3/modules/histogram-bellcurve[0K.
js[0K
 create mode 100644 20181/Nal/Mpv/libraryjs/highcharts-6.0.3/modules/item-series.js[0K
 create mode 100644 20181/Nal/Mpv/libraryjs/highcharts-6.0.3/modules/no-data-to-display.[0Kj
s[0K
 create mode 100644 20181/Nal/Mpv/libraryjs/highcharts-6.0.3/modules/offline-exporting.j[0Ks
[0K
 create mode 100644 20181/Nal/Mpv/libraryjs/highcharts-6.0.3/modules/oldie.js[0K
 create mode 100644 20181/Nal/Mpv/libraryjs/highcharts-6.0.3/modules/overlapping-datalab[0Ke
ls.js[0K
 create mode 100644 20181/Nal/Mpv/libraryjs/highcharts-6.0.3/modules/parallel-coordinate[0Ks
.js[0K
 create mode 100644 20181/Nal/Mpv/libraryjs/highcharts-6.0.3/modules/pareto.js[0K
 create mode 100644 20181/Nal/Mpv/libraryjs/highcharts-6.0.3/modules/sankey.js[0K
 create mode 100644 20181/Nal/Mpv/libraryjs/highcharts-6.0.3/modules/series-label.js[0K
 create mode 100644 20181/Nal/Mpv/libraryjs/highcharts-6.0.3/modules/solid-gauge.js[0K
 create mode 100644 20181/Nal/Mpv/libraryjs/highcharts-6.0.3/modules/static-scale.js[0K
 create mode 100644 20181/Nal/Mpv/libraryjs/highcharts-6.0.3/modules/stock.js[0K
 create mode 100644 20181/Nal/Mpv/libraryjs/highcharts-6.0.3/modules/streamgraph.js[0K
 create mode 100644 20181/Nal/Mpv/libraryjs/highcharts-6.0.3/modules/sunburst.js[0K
 create mode 100644 20181/Nal/Mpv/libraryjs/highcharts-6.0.3/modules/treemap.js[0K
 create mode 100644 20181/Nal/Mpv/libraryjs/highcharts-6.0.3/modules/variable-pie.js[0K
 create mode 100644 20181/Nal/Mpv/libraryjs/highcharts-6.0.3/modules/variwide.js[0K
 create mode 100644 20181/Nal/Mpv/libraryjs/highcharts-6.0.3/modules/vector.js[0K
 create mode 100644 20181/Nal/Mpv/libraryjs/highcharts-6.0.3/modules/windbarb.js[0K
 create mode 100644 20181/Nal/Mpv/libraryjs/highcharts-6.0.3/modules/wordcloud.js[0K
 create mode 100644 20181/Nal/Mpv/libraryjs/highcharts-6.0.3/modules/xrange.js[0K
 create mode 100644 20181/Nal/Mpv/libraryjs/highcharts-6.0.3/plugins/annotations.js[0K
 create mode 100644 20181/Nal/Mpv/libraryjs/highcharts-6.0.3/plugins/draggable-legend.js[0K
 create mode 100644 20181/Nal/Mpv/libraryjs/highcharts-6.0.3/plugins/draggable-points.js[0K
 create mode 100644 20181/Nal/Mpv/libraryjs/highcharts-6.0.3/plugins/export-csv.js[0K
 create mode 100644 20181/Nal/Mpv/libraryjs/highcharts-6.0.3/plugins/grouped-categories.[0Kj
s[0K
 create mode 100644 20181/Nal/Mpv/libraryjs/highcharts-6.0.3/plugins/highcharts-regressi[0Ko
n.js[0K
 create mode 100644 20181/Nal/Mpv/libraryjs/highcharts-6.0.3/plugins/motion.js[0K
 create mode 100644 20181/Nal/Mpv/libraryjs/highcharts-6.0.3/plugins/multicolor_series.j[0Ks
[0K
 create mode 100644 20181/Nal/Mpv/libraryjs/highcharts-6.0.3/plugins/pattern-fill-v2.js[0K
 create mode 100644 20181/Nal/Mpv/libraryjs/highcharts-6.0.3/plugins/tooltip-delay.js[0K
 create mode 100644 20181/Nal/Mpv/libraryjs/highcharts-6.0.3/stock/highstock.js[0K
 create mode 100644 20181/Nal/Mpv/libraryjs/htmlwdgtgrid-1/htmlwdgtgrid.css[0K
 create mode 100644 20181/Nal/Mpv/libraryjs/htmlwidgets-1.2/htmlwidgets.js[0K
 create mode 100644 20181/Nal/Mpv/libraryjs/jquery-1.11.1/jquery.min.js[0K
 create mode 100644 20181/Nal/Mpv/libraryjs/jquery-1.12.4/jquery.js[0K
 create mode 100644 20181/Nal/Mpv/libraryjs/jquery-1.12.4/jquery.min.js[0K
 create mode 100644 20181/Nal/Mpv/libraryjs/jszip-1.10.16/jszip.min.js[0K
 create mode 100644 20181/Nal/Mpv/libraryjs/leaflet-0.7.7/images/1px.png[0K
 create mode 100644 20181/Nal/Mpv/libraryjs/leaflet-0.7.7/images/layers-2x.png[0K
 create mode 100644 20181/Nal/Mpv/libraryjs/leaflet-0.7.7/images/layers.png[0K
 create mode 100644 20181/Nal/Mpv/libraryjs/leaflet-0.7.7/images/marker-icon-2x.png[0K
 create mode 100644 20181/Nal/Mpv/libraryjs/leaflet-0.7.7/images/marker-icon.png[0K
 create mode 100644 20181/Nal/Mpv/libraryjs/leaflet-0.7.7/images/marker-shadow.png[0K
 create mode 100644 20181/Nal/Mpv/libraryjs/leaflet-0.7.7/leaflet-src.js[0K
 create mode 100644 20181/Nal/Mpv/libraryjs/leaflet-0.7.7/leaflet.css[0K
 create mode 100644 20181/Nal/Mpv/libraryjs/leaflet-0.7.7/leaflet.js[0K
 create mode 100644 20181/Nal/Mpv/libraryjs/leaflet-awesomemarkers-2.0.3/bootstrap-theme[0K.
min.css[0K
 create mode 100644 20181/Nal/Mpv/libraryjs/leaflet-awesomemarkers-2.0.3/bootstrap.min.c[0Ks
s[0K
 create mode 100644 20181/Nal/Mpv/libraryjs/leaflet-awesomemarkers-2.0.3/bootstrap.min.j[0Ks
[0K
 create mode 100644 20181/Nal/Mpv/libraryjs/leaflet-awesomemarkers-2.0.3/font-awesome.mi[0Kn
.css[0K
 create mode 100644 20181/Nal/Mpv/libraryjs/leaflet-awesomemarkers-2.0.3/fonts/FontAweso[0Km
e.otf[0K
 create mode 100644 20181/Nal/Mpv/libraryjs/leaflet-awesomemarkers-2.0.3/fonts/fontaweso[0Km
e-webfont.eot[0K
 create mode 100644 20181/Nal/Mpv/libraryjs/leaflet-awesomemarkers-2.0.3/fonts/fontaweso[0Km
e-webfont.svg[0K
 create mode 100644 20181/Nal/Mpv/libraryjs/leaflet-awesomemarkers-2.0.3/fonts/fontaweso[0Km
e-webfont.ttf[0K
 create mode 100644 20181/Nal/Mpv/libraryjs/leaflet-awesomemarkers-2.0.3/fonts/fontaweso[0Km
e-webfont.woff[0K
 create mode 100644 20181/Nal/Mpv/libraryjs/leaflet-awesomemarkers-2.0.3/fonts/glyphicon[0Ks
-halflings-regular.eot[0K
 create mode 100644 20181/Nal/Mpv/libraryjs/leaflet-awesomemarkers-2.0.3/fonts/glyphicon[0Ks
-halflings-regular.svg[0K
 create mode 100644 20181/Nal/Mpv/libraryjs/leaflet-awesomemarkers-2.0.3/fonts/glyphicon[0Ks
-halflings-regular.ttf[0K
 create mode 100644 20181/Nal/Mpv/libraryjs/leaflet-awesomemarkers-2.0.3/fonts/glyphicon[0Ks
-halflings-regular.woff[0K
 create mode 100644 20181/Nal/Mpv/libraryjs/leaflet-awesomemarkers-2.0.3/fonts/ionicons.[0Ke
ot[0K
 create mode 100644 20181/Nal/Mpv/libraryjs/leaflet-awesomemarkers-2.0.3/fonts/ionicons.[0Ks
vg[0K
 create mode 100644 20181/Nal/Mpv/libraryjs/leaflet-awesomemarkers-2.0.3/fonts/ionicons.[0Kt
tf[0K
 create mode 100644 20181/Nal/Mpv/libraryjs/leaflet-awesomemarkers-2.0.3/fonts/ionicons.[0Kw
off[0K
 create mode 100644 20181/Nal/Mpv/libraryjs/leaflet-awesomemarkers-2.0.3/images/markers-[0Km
atte.png[0K
 create mode 100644 20181/Nal/Mpv/libraryjs/leaflet-awesomemarkers-2.0.3/images/markers-[0Km
atte@2x.png[0K
 create mode 100644 20181/Nal/Mpv/libraryjs/leaflet-awesomemarkers-2.0.3/images/markers-[0Kp
lain.png[0K
 create mode 100644 20181/Nal/Mpv/libraryjs/leaflet-awesomemarkers-2.0.3/images/markers-[0Ks
hadow.png[0K
 create mode 100644 20181/Nal/Mpv/libraryjs/leaflet-awesomemarkers-2.0.3/images/markers-[0Ks
hadow@2x.png[0K
 create mode 100644 20181/Nal/Mpv/libraryjs/leaflet-awesomemarkers-2.0.3/images/markers-[0Ks
oft.png[0K
 create mode 100644 20181/Nal/Mpv/libraryjs/leaflet-awesomemarkers-2.0.3/images/markers-[0Ks
oft@2x.png[0K
 create mode 100644 20181/Nal/Mpv/libraryjs/leaflet-awesomemarkers-2.0.3/ionicons.min.cs[0Ks
[0K
 create mode 100644 20181/Nal/Mpv/libraryjs/leaflet-awesomemarkers-2.0.3/leaflet.awesome[0K-
markers.css[0K
 create mode 100644 20181/Nal/Mpv/libraryjs/leaflet-awesomemarkers-2.0.3/leaflet.awesome[0K-
markers.js[0K
 create mode 100644 20181/Nal/Mpv/libraryjs/leaflet-awesomemarkers-2.0.3/leaflet.awesome[0K-
markers.min.js[0K
 create mode 100644 20181/Nal/Mpv/libraryjs/leaflet-binding-1.1.0/leaflet.js[0K
 create mode 100644 20181/Nal/Mpv/libraryjs/leaflet-binding-1.1.0/leaflet.yaml[0K
 create mode 100644 20181/Nal/Mpv/libraryjs/leaflet-binding-1.1.0/lib/Leaflet.label/imag[0Ke
s/death.png[0K
 create mode 100644 20181/Nal/Mpv/libraryjs/leaflet-binding-1.1.0/lib/Leaflet.label/leaf[0Kl
et.label-src.js[0K
 create mode 100644 20181/Nal/Mpv/libraryjs/leaflet-binding-1.1.0/lib/Leaflet.label/leaf[0Kl
et.label.css[0K
 create mode 100644 20181/Nal/Mpv/libraryjs/leaflet-binding-1.1.0/lib/Leaflet.label/leaf[0Kl
et.label.js[0K
 create mode 100644 20181/Nal/Mpv/libraryjs/leaflet-binding-1.1.0/lib/jquery/jquery.js[0K
 create mode 100644 20181/Nal/Mpv/libraryjs/leaflet-binding-1.1.0/lib/jquery/jquery.min.[0Kj
s[0K
 create mode 100644 20181/Nal/Mpv/libraryjs/leaflet-binding-1.1.0/lib/leaflet-measure/im[0Ka
ges/cancel.png[0K
 create mode 100644 20181/Nal/Mpv/libraryjs/leaflet-binding-1.1.0/lib/leaflet-measure/im[0Ka
ges/cancel_@2X.png[0K
 create mode 100644 20181/Nal/Mpv/libraryjs/leaflet-binding-1.1.0/lib/leaflet-measure/im[0Ka
ges/check.png[0K
 create mode 100644 20181/Nal/Mpv/libraryjs/leaflet-binding-1.1.0/lib/leaflet-measure/im[0Ka
ges/check_@2X.png[0K
 create mode 100644 20181/Nal/Mpv/libraryjs/leaflet-binding-1.1.0/lib/leaflet-measure/im[0Ka
ges/focus.png[0K
 create mode 100644 20181/Nal/Mpv/libraryjs/leaflet-binding-1.1.0/lib/leaflet-measure/im[0Ka
ges/focus_@2X.png[0K
 create mode 100644 20181/Nal/Mpv/libraryjs/leaflet-binding-1.1.0/lib/leaflet-measure/im[0Ka
ges/rulers.png[0K
 create mode 100644 20181/Nal/Mpv/libraryjs/leaflet-binding-1.1.0/lib/leaflet-measure/im[0Ka
ges/rulers_@2X.png[0K
 create mode 100644 20181/Nal/Mpv/libraryjs/leaflet-binding-1.1.0/lib/leaflet-measure/im[0Ka
ges/start.png[0K
 create mode 100644 20181/Nal/Mpv/libraryjs/leaflet-binding-1.1.0/lib/leaflet-measure/im[0Ka
ges/start_@2X.png[0K
 create mode 100644 20181/Nal/Mpv/libraryjs/leaflet-binding-1.1.0/lib/leaflet-measure/im[0Ka
ges/trash.png[0K
 create mode 100644 20181/Nal/Mpv/libraryjs/leaflet-binding-1.1.0/lib/leaflet-measure/im[0Ka
ges/trash_@2X.png[0K
 create mode 100644 20181/Nal/Mpv/libraryjs/leaflet-binding-1.1.0/lib/leaflet-measure/le[0Ka
flet-measure.css[0K
 create mode 100644 20181/Nal/Mpv/libraryjs/leaflet-binding-1.1.0/lib/leaflet-measure/le[0Ka
flet-measure.js[0K
 create mode 100644 20181/Nal/Mpv/libraryjs/leaflet-binding-1.1.0/lib/leaflet-measure/le[0Ka
flet-measure.min.js[0K
 create mode 100644 20181/Nal/Mpv/libraryjs/leaflet-binding-1.1.0/lib/leaflet-omnivore/i[0Kn
dex.js[0K
 create mode 100644 20181/Nal/Mpv/libraryjs/leaflet-binding-1.1.0/lib/leaflet-omnivore/l[0Ke
aflet-omnivore.js[0K
 create mode 100644 20181/Nal/Mpv/libraryjs/leaflet-binding-1.1.0/lib/leaflet-omnivore/l[0Ke
aflet-omnivore.min.js[0K
 create mode 100644 20181/Nal/Mpv/libraryjs/leaflet-binding-1.1.0/lib/leaflet-omnivore/p[0Ka
ckage.json[0K
 create mode 100644 20181/Nal/Mpv/libraryjs/leaflet-binding-1.1.0/lib/leaflet-providers/[0KC
ONTRIBUTING.md[0K
 create mode 100644 20181/Nal/Mpv/libraryjs/leaflet-binding-1.1.0/lib/leaflet-providers/[0KR
EADME.md[0K
 create mode 100644 20181/Nal/Mpv/libraryjs/leaflet-binding-1.1.0/lib/leaflet-providers/[0Kb
ower.json[0K
 create mode 100644 20181/Nal/Mpv/libraryjs/leaflet-binding-1.1.0/lib/leaflet-providers/[0Kc
ss/gh-fork-ribbon.css[0K
 create mode 100644 20181/Nal/Mpv/libraryjs/leaflet-binding-1.1.0/lib/leaflet-providers/[0Kc
ss/gh-fork-ribbon.ie.css[0K
 create mode 100644 20181/Nal/Mpv/libraryjs/leaflet-binding-1.1.0/lib/leaflet-providers/[0Kl
eaflet-providers.js[0K
 create mode 100644 20181/Nal/Mpv/libraryjs/leaflet-binding-1.1.0/lib/leaflet-providers/[0Kl
icense.md[0K
 create mode 100644 20181/Nal/Mpv/libraryjs/leaflet-binding-1.1.0/lib/leaflet-providers/[0Kp
ackage.json[0K
 create mode 100644 20181/Nal/Mpv/libraryjs/leaflet-binding-1.1.0/lib/leaflet-providers/[0Kp
roviders.json[0K
 create mode 100644 20181/Nal/Mpv/libraryjs/leaflet-binding-1.1.0/lib/leaflet/images/1px[0K.
png[0K
 create mode 100644 20181/Nal/Mpv/libraryjs/leaflet-binding-1.1.0/lib/leaflet/images/lay[0Ke
rs-2x.png[0K
 create mode 100644 20181/Nal/Mpv/libraryjs/leaflet-binding-1.1.0/lib/leaflet/images/lay[0Ke
rs.png[0K
 create mode 100644 20181/Nal/Mpv/libraryjs/leaflet-binding-1.1.0/lib/leaflet/images/mar[0Kk
er-icon-2x.png[0K
 create mode 100644 20181/Nal/Mpv/libraryjs/leaflet-binding-1.1.0/lib/leaflet/images/mar[0Kk
er-icon.png[0K
 create mode 100644 20181/Nal/Mpv/libraryjs/leaflet-binding-1.1.0/lib/leaflet/images/mar[0Kk
er-shadow.png[0K
 create mode 100644 20181/Nal/Mpv/libraryjs/leaflet-binding-1.1.0/lib/leaflet/leaflet-sr[0Kc
.js[0K
 create mode 100644 20181/Nal/Mpv/libraryjs/leaflet-binding-1.1.0/lib/leaflet/leaflet.cs[0Ks
[0K
 create mode 100644 20181/Nal/Mpv/libraryjs/leaflet-binding-1.1.0/lib/leaflet/leaflet.js[0K
 create mode 100644 20181/Nal/Mpv/libraryjs/leaflet-binding-1.1.0/lib/leafletfix/leaflet[0Kf
ix.css[0K
 create mode 100644 20181/Nal/Mpv/libraryjs/leaflet-binding-1.1.0/plugins/Leaflet-MiniMa[0Kp
/Control.MiniMap.css[0K
 create mode 100644 20181/Nal/Mpv/libraryjs/leaflet-binding-1.1.0/plugins/Leaflet-MiniMa[0Kp
/Control.MiniMap.js[0K
 create mode 100644 20181/Nal/Mpv/libraryjs/leaflet-binding-1.1.0/plugins/Leaflet-MiniMa[0Kp
/Control.MiniMap.min.css[0K
 create mode 100644 20181/Nal/Mpv/libraryjs/leaflet-binding-1.1.0/plugins/Leaflet-MiniMa[0Kp
/Control.MiniMap.min.js[0K
 create mode 100644 20181/Nal/Mpv/libraryjs/leaflet-binding-1.1.0/plugins/Leaflet-MiniMa[0Kp
/Minimap-binding.js[0K
 create mode 100644 20181/Nal/Mpv/libraryjs/leaflet-binding-1.1.0/plugins/Leaflet-MiniMa[0Kp
/images/toggle.png[0K
 create mode 100644 20181/Nal/Mpv/libraryjs/leaflet-binding-1.1.0/plugins/Leaflet-MiniMa[0Kp
/images/toggle.svg[0K
 create mode 100644 20181/Nal/Mpv/libraryjs/leaflet-binding-1.1.0/plugins/Leaflet.EasyBu[0Kt
ton/EasyButton-binding.js[0K
 create mode 100644 20181/Nal/Mpv/libraryjs/leaflet-binding-1.1.0/plugins/Leaflet.EasyBu[0Kt
ton/LICENSE[0K
 create mode 100644 20181/Nal/Mpv/libraryjs/leaflet-binding-1.1.0/plugins/Leaflet.EasyBu[0Kt
ton/easy-button.css[0K
 create mode 100644 20181/Nal/Mpv/libraryjs/leaflet-binding-1.1.0/plugins/Leaflet.EasyBu[0Kt
ton/easy-button.js[0K
 create mode 100644 20181/Nal/Mpv/libraryjs/leaflet-binding-1.1.0/plugins/Leaflet.Gratic[0Ku
le/Graticule-binding.js[0K
 create mode 100644 20181/Nal/Mpv/libraryjs/leaflet-binding-1.1.0/plugins/Leaflet.Gratic[0Ku
le/L.Graticule.js[0K
 create mode 100644 20181/Nal/Mpv/libraryjs/leaflet-binding-1.1.0/plugins/Leaflet.Simple[0KG
raticule/L.SimpleGraticule.css[0K
 create mode 100644 20181/Nal/Mpv/libraryjs/leaflet-binding-1.1.0/plugins/Leaflet.Simple[0KG
raticule/L.SimpleGraticule.js[0K
 create mode 100644 20181/Nal/Mpv/libraryjs/leaflet-binding-1.1.0/plugins/Leaflet.Simple[0KG
raticule/SimpleGraticule-binding.js[0K
 create mode 100644 20181/Nal/Mpv/libraryjs/leaflet-binding-1.1.0/plugins/Leaflet.Termin[0Ka
tor/L.Terminator.js[0K
 create mode 100644 20181/Nal/Mpv/libraryjs/leaflet-binding-1.1.0/plugins/Leaflet.Termin[0Ka
tor/Terminator-binding.js[0K
 create mode 100644 20181/Nal/Mpv/libraryjs/leaflet-binding-1.1.0/plugins/Leaflet.awesom[0Ke
-markers/bootstrap-theme.min.css[0K
 create mode 100644 20181/Nal/Mpv/libraryjs/leaflet-binding-1.1.0/plugins/Leaflet.awesom[0Ke
-markers/bootstrap.min.css[0K
 create mode 100644 20181/Nal/Mpv/libraryjs/leaflet-binding-1.1.0/plugins/Leaflet.awesom[0Ke
-markers/bootstrap.min.js[0K
 create mode 100644 20181/Nal/Mpv/libraryjs/leaflet-binding-1.1.0/plugins/Leaflet.awesom[0Ke
-markers/font-awesome.min.css[0K
 create mode 100644 20181/Nal/Mpv/libraryjs/leaflet-binding-1.1.0/plugins/Leaflet.awesom[0Ke
-markers/fonts/FontAwesome.otf[0K
 create mode 100644 20181/Nal/Mpv/libraryjs/leaflet-binding-1.1.0/plugins/Leaflet.awesom[0Ke
-markers/fonts/fontawesome-webfont.eot[0K
 create mode 100644 20181/Nal/Mpv/libraryjs/leaflet-binding-1.1.0/plugins/Leaflet.awesom[0Ke
-markers/fonts/fontawesome-webfont.svg[0K
 create mode 100644 20181/Nal/Mpv/libraryjs/leaflet-binding-1.1.0/plugins/Leaflet.awesom[0Ke
-markers/fonts/fontawesome-webfont.ttf[0K
 create mode 100644 20181/Nal/Mpv/libraryjs/leaflet-binding-1.1.0/plugins/Leaflet.awesom[0Ke
-markers/fonts/fontawesome-webfont.woff[0K
 create mode 100644 20181/Nal/Mpv/libraryjs/leaflet-binding-1.1.0/plugins/Leaflet.awesom[0Ke
-markers/fonts/glyphicons-halflings-regular.eot[0K
 create mode 100644 20181/Nal/Mpv/libraryjs/leaflet-binding-1.1.0/plugins/Leaflet.awesom[0Ke
-markers/fonts/glyphicons-halflings-regular.svg[0K
 create mode 100644 20181/Nal/Mpv/libraryjs/leaflet-binding-1.1.0/plugins/Leaflet.awesom[0Ke
-markers/fonts/glyphicons-halflings-regular.ttf[0K
 create mode 100644 20181/Nal/Mpv/libraryjs/leaflet-binding-1.1.0/plugins/Leaflet.awesom[0Ke
-markers/fonts/glyphicons-halflings-regular.woff[0K
 create mode 100644 20181/Nal/Mpv/libraryjs/leaflet-binding-1.1.0/plugins/Leaflet.awesom[0Ke
-markers/fonts/ionicons.eot[0K
 create mode 100644 20181/Nal/Mpv/libraryjs/leaflet-binding-1.1.0/plugins/Leaflet.awesom[0Ke
-markers/fonts/ionicons.svg[0K
 create mode 100644 20181/Nal/Mpv/libraryjs/leaflet-binding-1.1.0/plugins/Leaflet.awesom[0Ke
-markers/fonts/ionicons.ttf[0K
 create mode 100644 20181/Nal/Mpv/libraryjs/leaflet-binding-1.1.0/plugins/Leaflet.awesom[0Ke
-markers/fonts/ionicons.woff[0K
 create mode 100644 20181/Nal/Mpv/libraryjs/leaflet-binding-1.1.0/plugins/Leaflet.awesom[0Ke
-markers/images/markers-matte.png[0K
 create mode 100644 20181/Nal/Mpv/libraryjs/leaflet-binding-1.1.0/plugins/Leaflet.awesom[0Ke
-markers/images/markers-matte@2x.png[0K
 create mode 100644 20181/Nal/Mpv/libraryjs/leaflet-binding-1.1.0/plugins/Leaflet.awesom[0Ke
-markers/images/markers-plain.png[0K
 create mode 100644 20181/Nal/Mpv/libraryjs/leaflet-binding-1.1.0/plugins/Leaflet.awesom[0Ke
-markers/images/markers-shadow.png[0K
 create mode 100644 20181/Nal/Mpv/libraryjs/leaflet-binding-1.1.0/plugins/Leaflet.awesom[0Ke
-markers/images/markers-shadow@2x.png[0K
 create mode 100644 20181/Nal/Mpv/libraryjs/leaflet-binding-1.1.0/plugins/Leaflet.awesom[0Ke
-markers/images/markers-soft.png[0K
 create mode 100644 20181/Nal/Mpv/libraryjs/leaflet-binding-1.1.0/plugins/Leaflet.awesom[0Ke
-markers/images/markers-soft@2x.png[0K
 create mode 100644 20181/Nal/Mpv/libraryjs/leaflet-binding-1.1.0/plugins/Leaflet.awesom[0Ke
-markers/ionicons.min.css[0K
 create mode 100644 20181/Nal/Mpv/libraryjs/leaflet-binding-1.1.0/plugins/Leaflet.awesom[0Ke
-markers/leaflet.awesome-markers.css[0K
 create mode 100644 20181/Nal/Mpv/libraryjs/leaflet-binding-1.1.0/plugins/Leaflet.awesom[0Ke
-markers/leaflet.awesome-markers.js[0K
 create mode 100644 20181/Nal/Mpv/libraryjs/leaflet-binding-1.1.0/plugins/Leaflet.awesom[0Ke
-markers/leaflet.awesome-markers.min.js[0K
 create mode 100644 20181/Nal/Mpv/libraryjs/leaflet-binding-1.1.0/plugins/Leaflet.marker[0Kc
luster/MIT-LICENCE.txt[0K
 create mode 100644 20181/Nal/Mpv/libraryjs/leaflet-binding-1.1.0/plugins/Leaflet.marker[0Kc
luster/MarkerCluster.Default.css[0K
 create mode 100644 20181/Nal/Mpv/libraryjs/leaflet-binding-1.1.0/plugins/Leaflet.marker[0Kc
luster/MarkerCluster.css[0K
 create mode 100644 20181/Nal/Mpv/libraryjs/leaflet-binding-1.1.0/plugins/Leaflet.marker[0Kc
luster/leaflet.markercluster-src.js[0K
 create mode 100644 20181/Nal/Mpv/libraryjs/leaflet-binding-1.1.0/plugins/Leaflet.marker[0Kc
luster/leaflet.markercluster.freezable-src.js[0K
 create mode 100644 20181/Nal/Mpv/libraryjs/leaflet-binding-1.1.0/plugins/Leaflet.marker[0Kc
luster/leaflet.markercluster.js[0K
 create mode 100644 20181/Nal/Mpv/libraryjs/leaflet-binding-1.1.0/plugins/Leaflet.marker[0Kc
luster/leaflet.markercluster.layersupport-src.js[0K
 create mode 100644 20181/Nal/Mpv/libraryjs/leaflet-binding-1.1.0/plugins/Proj4Leaflet/p[0Kr
oj4-compressed.js[0K
 create mode 100644 20181/Nal/Mpv/libraryjs/leaflet-binding-1.1.0/plugins/Proj4Leaflet/p[0Kr
oj4.js[0K
 create mode 100644 20181/Nal/Mpv/libraryjs/leaflet-binding-1.1.0/plugins/Proj4Leaflet/p[0Kr
oj4leaflet.js[0K
 create mode 100644 20181/Nal/Mpv/libraryjs/leaflet-binding-1.1.0/plugins/leaflet-locati[0Ko
nfilter/img/filter-icon.png[0K
 create mode 100644 20181/Nal/Mpv/libraryjs/leaflet-binding-1.1.0/plugins/leaflet-locati[0Ko
nfilter/img/move-handle.png[0K
 create mode 100644 20181/Nal/Mpv/libraryjs/leaflet-binding-1.1.0/plugins/leaflet-locati[0Ko
nfilter/img/resize-handle.png[0K
 create mode 100644 20181/Nal/Mpv/libraryjs/leaflet-binding-1.1.0/plugins/leaflet-locati[0Ko
nfilter/locationfilter-bindings.js[0K
 create mode 100644 20181/Nal/Mpv/libraryjs/leaflet-binding-1.1.0/plugins/leaflet-locati[0Ko
nfilter/locationfilter.css[0K
 create mode 100644 20181/Nal/Mpv/libraryjs/leaflet-binding-1.1.0/plugins/leaflet-locati[0Ko
nfilter/locationfilter.js[0K
 create mode 100644 20181/Nal/Mpv/libraryjs/leaflet-binding-1.1.0/plugins/leaflet-provid[0Ke
rs-plugin/leaflet-providers-plugin.js[0K
 create mode 100644 20181/Nal/Mpv/libraryjs/leaflet-easybutton-1.3.1/EasyButton-binding.[0Kj
s[0K
 create mode 100644 20181/Nal/Mpv/libraryjs/leaflet-easybutton-1.3.1/LICENSE[0K
 create mode 100644 20181/Nal/Mpv/libraryjs/leaflet-easybutton-1.3.1/easy-button.css[0K
 create mode 100644 20181/Nal/Mpv/libraryjs/leaflet-easybutton-1.3.1/easy-button.js[0K
 create mode 100644 20181/Nal/Mpv/libraryjs/leaflet-label-0.2.2/images/death.png[0K
 create mode 100644 20181/Nal/Mpv/libraryjs/leaflet-label-0.2.2/leaflet.label-src.js[0K
 create mode 100644 20181/Nal/Mpv/libraryjs/leaflet-label-0.2.2/leaflet.label.css[0K
 create mode 100644 20181/Nal/Mpv/libraryjs/leaflet-label-0.2.2/leaflet.label.js[0K
 create mode 100644 20181/Nal/Mpv/libraryjs/leaflet-minimap-3.3.1/Control.MiniMap.css[0K
 create mode 100644 20181/Nal/Mpv/libraryjs/leaflet-minimap-3.3.1/Control.MiniMap.js[0K
 create mode 100644 20181/Nal/Mpv/libraryjs/leaflet-minimap-3.3.1/Control.MiniMap.min.cs[0Ks
[0K
 create mode 100644 20181/Nal/Mpv/libraryjs/leaflet-minimap-3.3.1/Control.MiniMap.min.js[0K
 create mode 100644 20181/Nal/Mpv/libraryjs/leaflet-minimap-3.3.1/Minimap-binding.js[0K
 create mode 100644 20181/Nal/Mpv/libraryjs/leaflet-minimap-3.3.1/images/toggle.png[0K
 create mode 100644 20181/Nal/Mpv/libraryjs/leaflet-minimap-3.3.1/images/toggle.svg[0K
 create mode 100644 20181/Nal/Mpv/libraryjs/leaflet-providers-1.0.27/CONTRIBUTING.md[0K
 create mode 100644 20181/Nal/Mpv/libraryjs/leaflet-providers-1.0.27/README.md[0K
 create mode 100644 20181/Nal/Mpv/libraryjs/leaflet-providers-1.0.27/bower.json[0K
 create mode 100644 20181/Nal/Mpv/libraryjs/leaflet-providers-1.0.27/css/gh-fork-ribbon.[0Kc
ss[0K
 create mode 100644 20181/Nal/Mpv/libraryjs/leaflet-providers-1.0.27/css/gh-fork-ribbon.[0Ki
e.css[0K
 create mode 100644 20181/Nal/Mpv/libraryjs/leaflet-providers-1.0.27/leaflet-providers.j[0Ks
[0K
 create mode 100644 20181/Nal/Mpv/libraryjs/leaflet-providers-1.0.27/license.md[0K
 create mode 100644 20181/Nal/Mpv/libraryjs/leaflet-providers-1.0.27/package.json[0K
 create mode 100644 20181/Nal/Mpv/libraryjs/leaflet-providers-1.0.27/providers.json[0K
 create mode 100644 20181/Nal/Mpv/libraryjs/leaflet-providers-plugin-1.1.0/leaflet-provi[0Kd
ers-plugin.js[0K
 create mode 100644 20181/Nal/Mpv/libraryjs/leafletfix-1.0.0/leafletfix.css[0K
 create mode 100644 20181/Nal/Mpv/libraryjs/nouislider-7.0.10/jquery.nouislider.min.css[0K
 create mode 100644 20181/Nal/Mpv/libraryjs/nouislider-7.0.10/jquery.nouislider.min.js[0K
 create mode 100644 20181/Nal/Mpv/libraryjs/pdfmake-1.10.16/pdfmake.min.js[0K
 create mode 100644 20181/Nal/Mpv/libraryjs/pdfmake-1.10.16/vfs_fonts.js[0K
 create mode 100644 20181/Nal/Mpv/libraryjs/proj4js-2.3.15/proj4.js[0K
 create mode 100644 20181/Nal/Mpv/libraryjs/selectize-0.12.0/selectize.bootstrap3.css[0K
 create mode 100644 20181/Nal/Mpv/libraryjs/selectize-0.12.0/selectize.min.js[0K
[0K[?25h[?25l
[0;32mAlberto@Alberto-HP [0;35m [0;33m~/Documents/ONP/Oficina Nacional de Estadística/Página/Cifras/Estudi[0Ka
ntes/G_Matriculados[0;36m (master)[0m[0K
$[0K[3G[?25h[?25l$ g[0K[?25hi[0Kt[0K[7G[?25l$ git p[0K[?25hu[0Ks[0Kh[0K[12G[?25l$ git push o[0K[?25hr[0Ki[0Kg[0Ki[0Kn[0K[19G[?25l$ git push origin m[0K[?25ha[0Ks[0Kt[0Ke[0Kr[0K[?25l
[0K[?25herror: cannot spawn sh: No such file or directory[0K[?25l
error: cannot spawn rpostback-askpass: No such file or directory[0K
[0K[?25hUsername for 'https://github.com':[0K[36G[?25lUsername for 'https://github.com': e[0K[?25hs[0Kt[0Ka[0Kd[0Ki[0Ks[0Kt[0Ki[0Kc[0Ka[0Ku[0Kn[0K[?25l
error: cannot spawn rpostback-askpass: No such file or directory[0K
Password for 'https://estadisticaun@github.com':[0K[50G[?25h[?25l
[0K[?25herror: cannot spawn sh: No such file or directory[0K[?25l
[0K[?25hCounting objects: 40, done.[0K[?25l
Delta compression using up to 8 threads.[0K
Compressing objects:  28% (11/39)[0K[1G[?25h[?25lCompressing objects:  41% (16/39)[0K[1G[?25h[?25lCompressing objects:  43% (17/39)[0K[1G[?25h[?25lCompressing objects:  92% (36/39)[0K[1G[?25hCompressing objects: 100% (39/39), done.[0K[?25l
Writing objects:  55% (22/40)[0K[1G[?25h[?25lWriting objects:  55% (22/40), 984.00 KiB | 875.00 KiB/s[0K[1G[?25h[?25lWriting objects:  60% (24/40), 984.00 KiB | 875.00 KiB/s[0K[1G[?25h[?25lWriting objects:  60% (24/40), 3.39 MiB | 1.44 MiB/s   s[0K[1G[?25h[?25lWriting objects:  65% (26/40), 3.39 MiB | 1.44 MiB/s   s[0K[1G[?25h[?25lWriting objects:  70% (28/40), 3.39 MiB | 1.44 MiB/s   s[0K[1G[?25h[?25lWriting objects:  70% (28/40), 4.54 MiB | 1.47 MiB/s   s[0K[1G[?25hWriting objects: 100% (40/40), 6.33 MiB | 1.71 MiB/s, done.[0K[?25l
Total 40 (delta 24), reused 0 (delta 0)[0K
[0K[?25h[?25lremote: Resolving deltas:  41% (10/24)[0K[1G[?25h[?25lremote: Resolving deltas:  45% (11/24)[0K[1G[?25h[?25lremote: Resolving deltas:  54% (13/24)[0K[1G[?25hremote: Resolving deltas: 100% (24/24), completed with 6 local objects.[0K[?25l
[0K[?25hremote:[0K[?25l
remote: GitHub found 1 vulnerability on estadisticaun/G_Matriculados's default branch (1[0K
moderate). To find out more, visit:[0K
remote:      https://github.com/estadisticaun/G_Matriculados/network/alerts[0K
remote:[0K
To https://github.com/estadisticaun/G_Matriculados.git[0K
   345c5e8..6f0f7b3  master -> master[0K
[0K[?25h[?25l
[0;32mAlberto@Alberto-HP [0;35m [0;33m~/Documents/ONP/Oficina Nacional de Estadística/Página/Cifras/Estudi[0Ka
ntes/G_Matriculados[0;36m (master)[0m[0K
$[0K[3G[?25h[0m[0Kbash: cut: command not found[0K[?25l
]0;:/c/Users/Alberto/Documents/ONP/Oficina Nacional de Estadística/Página/Cifras/Estudiantes/G_Matriculados[?25l
[0;32mAlberto@Alberto-HP [0;35m [0;33m~/Documents/ONP/Oficina Nacional de Estadística/Página/Cifras/Estudian[0Kt
es/G_Matriculados[0;36m (master)[0m[0K
$[0K[3G[?25h[?25l$ g[0K[?25hi[0Kt[0K[7G[?25l$ git s[0K[?25ht[0Kat[0Ku[0Ks[0K[?25l
[0K[?25hOn branch master[0K[?25l
Your branch is up-to-date with 'origin/master'.[0K
[0K
Changes not staged for commit:[0K
  (use "git add/rm <file>..." to update what will be committed)[0K
  (use "git checkout -- <file>..." to discard changes in working directory)[0K
[0K
        [0;31mmodified:   .Rproj.user/B994EF53/console06/4149BEF0[0m[0K
        [0;31mmodified:   .Rproj.user/B994EF53/console06/INDEX001[0m[0K
        [0;31mmodified:   .Rproj.user/B994EF53/pcs/files-pane.pper[0m[0K
        [0;31mdeleted:    .Rproj.user/B994EF53/sources/s-AA88D685/2C6F819F[0m[0K
        [0;31mdeleted:    .Rproj.user/B994EF53/sources/s-AA88D685/2C6F819F-contents[0m[0K
        [0;31mdeleted:    .Rproj.user/B994EF53/sources/s-AA88D685/lock_file[0m[0K
[0K
Untracked files:[0K
  (use "git add <file>..." to include in what will be committed)[0K
[0K
        [0;31m.Rproj.user/B994EF53/sources/s-AC445E3B/[0m[0K
        [0;31mConsultas/[0m[0K
[0K
no changes added to commit (use "git add" and/or "git commit -a")[0K
[0K[?25h[?25l
[0;32mAlberto@Alberto-HP [0;35m [0;33m~/Documents/ONP/Oficina Nacional de Estadística/Página/Cifras/Estudian[0Kt
es/G_Matriculados[0;36m (master)[0m[0K
$[0K[3G[?25h[?25l$ g[0K[?25hi[0Kt[0K[7G[?25l$ git a[0K[?25hd[0Kd[0K[11G[?25l$ git add .[0K[?25h[?25l
[0K[?25h